../Core/Src/main.c:71:1:__io_putchar	16	static
../Core/Src/main.c:93:6:HAL_TIM_IC_CaptureCallback	16	static
../Core/Src/main.c:111:6:Process_UART_Data	48	static
../Core/Src/main.c:204:6:Send_Measurement_Message	40	static
../Core/Src/main.c:258:5:main	8	static
../Core/Src/main.c:318:6:SystemClock_Config	88	static
../Core/Src/main.c:365:13:MX_TIM2_Init	72	static
../Core/Src/main.c:439:13:MX_TIM5_Init	64	static
../Core/Src/main.c:498:13:MX_USART1_UART_Init	8	static
../Core/Src/main.c:529:13:MX_DMA_Init	16	static
../Core/Src/main.c:550:13:MX_GPIO_Init	16	static
../Core/Src/main.c:570:6:Error_Handler	4	static,ignoring_inline_asm
