Archive member included to satisfy reference by file (symbol)

C:/environ/arm-gnu-toolchain/arm-gnu-toolchain-13.3.rel1-mingw-w64-i686-arm-none-eabi/bin/../lib/gcc/arm-none-eabi/13.3.1/thumb/v7e-m/nofp\libgcc.a(_aeabi_uldivmod.o)
                              CMakeFiles/Vol0.elf.dir/Drivers/STM32F4xx_HAL_Driver/Src/stm32f4xx_hal_rcc.c.obj (__aeabi_uldivmod)
C:/environ/arm-gnu-toolchain/arm-gnu-toolchain-13.3.rel1-mingw-w64-i686-arm-none-eabi/bin/../lib/gcc/arm-none-eabi/13.3.1/thumb/v7e-m/nofp\libgcc.a(_udivmoddi4.o)
                              C:/environ/arm-gnu-toolchain/arm-gnu-toolchain-13.3.rel1-mingw-w64-i686-arm-none-eabi/bin/../lib/gcc/arm-none-eabi/13.3.1/thumb/v7e-m/nofp\libgcc.a(_aeabi_uldivmod.o) (__udivmoddi4)
C:/environ/arm-gnu-toolchain/arm-gnu-toolchain-13.3.rel1-mingw-w64-i686-arm-none-eabi/bin/../lib/gcc/arm-none-eabi/13.3.1/thumb/v7e-m/nofp\libgcc.a(_dvmd_tls.o)
                              C:/environ/arm-gnu-toolchain/arm-gnu-toolchain-13.3.rel1-mingw-w64-i686-arm-none-eabi/bin/../lib/gcc/arm-none-eabi/13.3.1/thumb/v7e-m/nofp\libgcc.a(_aeabi_uldivmod.o) (__aeabi_ldiv0)
C:/environ/arm-gnu-toolchain/arm-gnu-toolchain-13.3.rel1-mingw-w64-i686-arm-none-eabi/bin/../lib/gcc/arm-none-eabi/13.3.1/thumb/v7e-m/nofp\libg.a(libc_a-exit.o)
                              C:/environ/arm-gnu-toolchain/arm-gnu-toolchain-13.3.rel1-mingw-w64-i686-arm-none-eabi/bin/../lib/gcc/arm-none-eabi/13.3.1/thumb/v7e-m/nofp/crt0.o (exit)
C:/environ/arm-gnu-toolchain/arm-gnu-toolchain-13.3.rel1-mingw-w64-i686-arm-none-eabi/bin/../lib/gcc/arm-none-eabi/13.3.1/thumb/v7e-m/nofp\libg.a(libc_a-findfp.o)
                              C:/environ/arm-gnu-toolchain/arm-gnu-toolchain-13.3.rel1-mingw-w64-i686-arm-none-eabi/bin/../lib/gcc/arm-none-eabi/13.3.1/thumb/v7e-m/nofp\libg.a(libc_a-exit.o) (__stdio_exit_handler)
C:/environ/arm-gnu-toolchain/arm-gnu-toolchain-13.3.rel1-mingw-w64-i686-arm-none-eabi/bin/../lib/gcc/arm-none-eabi/13.3.1/thumb/v7e-m/nofp\libg.a(libc_a-fwalk.o)
                              C:/environ/arm-gnu-toolchain/arm-gnu-toolchain-13.3.rel1-mingw-w64-i686-arm-none-eabi/bin/../lib/gcc/arm-none-eabi/13.3.1/thumb/v7e-m/nofp\libg.a(libc_a-findfp.o) (_fwalk_sglue)
C:/environ/arm-gnu-toolchain/arm-gnu-toolchain-13.3.rel1-mingw-w64-i686-arm-none-eabi/bin/../lib/gcc/arm-none-eabi/13.3.1/thumb/v7e-m/nofp\libg.a(libc_a-printf.o)
                              CMakeFiles/Vol0.elf.dir/Core/Src/main.c.obj (printf)
C:/environ/arm-gnu-toolchain/arm-gnu-toolchain-13.3.rel1-mingw-w64-i686-arm-none-eabi/bin/../lib/gcc/arm-none-eabi/13.3.1/thumb/v7e-m/nofp\libg.a(libc_a-puts.o)
                              CMakeFiles/Vol0.elf.dir/Core/Src/main.c.obj (puts)
C:/environ/arm-gnu-toolchain/arm-gnu-toolchain-13.3.rel1-mingw-w64-i686-arm-none-eabi/bin/../lib/gcc/arm-none-eabi/13.3.1/thumb/v7e-m/nofp\libg.a(libc_a-stdio.o)
                              C:/environ/arm-gnu-toolchain/arm-gnu-toolchain-13.3.rel1-mingw-w64-i686-arm-none-eabi/bin/../lib/gcc/arm-none-eabi/13.3.1/thumb/v7e-m/nofp\libg.a(libc_a-findfp.o) (__sread)
C:/environ/arm-gnu-toolchain/arm-gnu-toolchain-13.3.rel1-mingw-w64-i686-arm-none-eabi/bin/../lib/gcc/arm-none-eabi/13.3.1/thumb/v7e-m/nofp\libg.a(libc_a-memset.o)
                              C:/environ/arm-gnu-toolchain/arm-gnu-toolchain-13.3.rel1-mingw-w64-i686-arm-none-eabi/bin/../lib/gcc/arm-none-eabi/13.3.1/thumb/v7e-m/nofp/crt0.o (memset)
C:/environ/arm-gnu-toolchain/arm-gnu-toolchain-13.3.rel1-mingw-w64-i686-arm-none-eabi/bin/../lib/gcc/arm-none-eabi/13.3.1/thumb/v7e-m/nofp\libg.a(libc_a-closer.o)
                              C:/environ/arm-gnu-toolchain/arm-gnu-toolchain-13.3.rel1-mingw-w64-i686-arm-none-eabi/bin/../lib/gcc/arm-none-eabi/13.3.1/thumb/v7e-m/nofp\libg.a(libc_a-stdio.o) (_close_r)
C:/environ/arm-gnu-toolchain/arm-gnu-toolchain-13.3.rel1-mingw-w64-i686-arm-none-eabi/bin/../lib/gcc/arm-none-eabi/13.3.1/thumb/v7e-m/nofp\libg.a(libc_a-reent.o)
                              C:/environ/arm-gnu-toolchain/arm-gnu-toolchain-13.3.rel1-mingw-w64-i686-arm-none-eabi/bin/../lib/gcc/arm-none-eabi/13.3.1/thumb/v7e-m/nofp\libg.a(libc_a-closer.o) (errno)
C:/environ/arm-gnu-toolchain/arm-gnu-toolchain-13.3.rel1-mingw-w64-i686-arm-none-eabi/bin/../lib/gcc/arm-none-eabi/13.3.1/thumb/v7e-m/nofp\libg.a(libc_a-impure.o)
                              C:/environ/arm-gnu-toolchain/arm-gnu-toolchain-13.3.rel1-mingw-w64-i686-arm-none-eabi/bin/../lib/gcc/arm-none-eabi/13.3.1/thumb/v7e-m/nofp\libg.a(libc_a-printf.o) (_impure_ptr)
C:/environ/arm-gnu-toolchain/arm-gnu-toolchain-13.3.rel1-mingw-w64-i686-arm-none-eabi/bin/../lib/gcc/arm-none-eabi/13.3.1/thumb/v7e-m/nofp\libg.a(libc_a-lseekr.o)
                              C:/environ/arm-gnu-toolchain/arm-gnu-toolchain-13.3.rel1-mingw-w64-i686-arm-none-eabi/bin/../lib/gcc/arm-none-eabi/13.3.1/thumb/v7e-m/nofp\libg.a(libc_a-stdio.o) (_lseek_r)
[...]
Memory Configuration

Name             Origin             Length             Attributes
CCMRAM           0x10000000         0x00010000         xrw
RAM              0x20000000         0x00020000         xrw
FLASH            0x08000000         0x00100000         xr
*default*        0x00000000         0xffffffff

Linker script and memory map

LOAD C:/environ/arm-gnu-toolchain/arm-gnu-toolchain-13.3.rel1-mingw-w64-i686-arm-none-eabi/bin/../lib/gcc/arm-none-eabi/13.3.1/thumb/v7e-m/nofp/crti.o
LOAD C:/environ/arm-gnu-toolchain/arm-gnu-toolchain-13.3.rel1-mingw-w64-i686-arm-none-eabi/bin/../lib/gcc/arm-none-eabi/13.3.1/thumb/v7e-m/nofp/crtbegin.o
LOAD C:/environ/arm-gnu-toolchain/arm-gnu-toolchain-13.3.rel1-mingw-w64-i686-arm-none-eabi/bin/../lib/gcc/arm-none-eabi/13.3.1/thumb/v7e-m/nofp/crt0.o
LOAD CMakeFiles/Vol0.elf.dir/Core/Src/main.c.obj
LOAD CMakeFiles/Vol0.elf.dir/Core/Src/stm32f4xx_hal_msp.c.obj
LOAD CMakeFiles/Vol0.elf.dir/Core/Src/stm32f4xx_it.c.obj
LOAD CMakeFiles/Vol0.elf.dir/Core/Src/syscalls.c.obj
LOAD CMakeFiles/Vol0.elf.dir/Core/Src/sysmem.c.obj
LOAD CMakeFiles/Vol0.elf.dir/Core/Src/system_stm32f4xx.c.obj
LOAD CMakeFiles/Vol0.elf.dir/Core/Startup/startup_stm32f407vgtx.s.obj
LOAD CMakeFiles/Vol0.elf.dir/Drivers/STM32F4xx_HAL_Driver/Src/stm32f4xx_hal.c.obj
LOAD CMakeFiles/Vol0.elf.dir/Drivers/STM32F4xx_HAL_Driver/Src/stm32f4xx_hal_cortex.c.obj
LOAD CMakeFiles/Vol0.elf.dir/Drivers/STM32F4xx_HAL_Driver/Src/stm32f4xx_hal_dma.c.obj
LOAD CMakeFiles/Vol0.elf.dir/Drivers/STM32F4xx_HAL_Driver/Src/stm32f4xx_hal_dma_ex.c.obj
LOAD CMakeFiles/Vol0.elf.dir/Drivers/STM32F4xx_HAL_Driver/Src/stm32f4xx_hal_exti.c.obj
LOAD CMakeFiles/Vol0.elf.dir/Drivers/STM32F4xx_HAL_Driver/Src/stm32f4xx_hal_flash.c.obj
LOAD CMakeFiles/Vol0.elf.dir/Drivers/STM32F4xx_HAL_Driver/Src/stm32f4xx_hal_flash_ex.c.obj
LOAD CMakeFiles/Vol0.elf.dir/Drivers/STM32F4xx_HAL_Driver/Src/stm32f4xx_hal_flash_ramfunc.c.obj
LOAD CMakeFiles/Vol0.elf.dir/Drivers/STM32F4xx_HAL_Driver/Src/stm32f4xx_hal_gpio.c.obj
LOAD CMakeFiles/Vol0.elf.dir/Drivers/STM32F4xx_HAL_Driver/Src/stm32f4xx_hal_pwr.c.obj
LOAD CMakeFiles/Vol0.elf.dir/Drivers/STM32F4xx_HAL_Driver/Src/stm32f4xx_hal_pwr_ex.c.obj
LOAD CMakeFiles/Vol0.elf.dir/Drivers/STM32F4xx_HAL_Driver/Src/stm32f4xx_hal_rcc.c.obj
LOAD CMakeFiles/Vol0.elf.dir/Drivers/STM32F4xx_HAL_Driver/Src/stm32f4xx_hal_rcc_ex.c.obj
LOAD CMakeFiles/Vol0.elf.dir/Drivers/STM32F4xx_HAL_Driver/Src/stm32f4xx_hal_tim.c.obj
LOAD CMakeFiles/Vol0.elf.dir/Drivers/STM32F4xx_HAL_Driver/Src/stm32f4xx_hal_tim_ex.c.obj
LOAD CMakeFiles/Vol0.elf.dir/Drivers/STM32F4xx_HAL_Driver/Src/stm32f4xx_hal_uart.c.obj
START GROUP
LOAD C:/environ/arm-gnu-toolchain/arm-gnu-toolchain-13.3.rel1-mingw-w64-i686-arm-none-eabi/bin/../lib/gcc/arm-none-eabi/13.3.1/thumb/v7e-m/nofp\libgcc.a
LOAD C:/environ/arm-gnu-toolchain/arm-gnu-toolchain-13.3.rel1-mingw-w64-i686-arm-none-eabi/bin/../lib/gcc/arm-none-eabi/13.3.1/thumb/v7e-m/nofp\libg.a
LOAD C:/environ/arm-gnu-toolchain/arm-gnu-toolchain-13.3.rel1-mingw-w64-i686-arm-none-eabi/bin/../lib/gcc/arm-none-eabi/13.3.1/thumb/v7e-m/nofp\libc.a
END GROUP
LOAD C:/environ/arm-gnu-toolchain/arm-gnu-toolchain-13.3.rel1-mingw-w64-i686-arm-none-eabi/bin/../lib/gcc/arm-none-eabi/13.3.1/thumb/v7e-m/nofp/crtend.o
LOAD C:/environ/arm-gnu-toolchain/arm-gnu-toolchain-13.3.rel1-mingw-w64-i686-arm-none-eabi/bin/../lib/gcc/arm-none-eabi/13.3.1/thumb/v7e-m/nofp/crtn.o
                0x20020000                        _estack = (ORIGIN (RAM) + LENGTH (RAM))
                0x00000200                        _Min_Heap_Size = 0x200
                0x00000400                        _Min_Stack_Size = 0x400

.isr_vector     0x08000000      0x188
                0x08000000                        . = ALIGN (0x4)
 *(.isr_vector)
 .isr_vector    0x08000000      0x188 CMakeFiles/Vol0.elf.dir/Core/Startup/startup_stm32f407vgtx.s.obj
                0x08000000                g_pfnVectors
                0x08000188                        . = ALIGN (0x4)

.text           0x080001c0     0x9f2c
                0x080001c0                        . = ALIGN (0x4)
 *(.text)
 .text          0x080001c0       0x30 C:/environ/arm-gnu-toolchain/arm-gnu-toolchain-13.3.rel1-mingw-w64-i686-arm-none-eabi/bin/../lib/gcc/arm-none-eabi/13.3.1/thumb/v7e-m/nofp\libgcc.a(_aeabi_uldivmod.o)
                0x080001c0                __aeabi_uldivmod
 .text          0x080001f0        0x4 C:/environ/arm-gnu-toolchain/arm-gnu-toolchain-13.3.rel1-mingw-w64-i686-arm-none-eabi/bin/../lib/gcc/arm-none-eabi/13.3.1/thumb/v7e-m/nofp\libgcc.a(_dvmd_tls.o)
                0x080001f0                __aeabi_idiv0
                0x080001f0                __aeabi_ldiv0
 *fill*         0x080001f4        0xc 
 .text          0x08000200       0xd8 C:/environ/arm-gnu-toolchain/arm-gnu-toolchain-13.3.rel1-mingw-w64-i686-arm-none-eabi/bin/../lib/gcc/arm-none-eabi/13.3.1/thumb/v7e-m/nofp\libg.a(libc_a-strlen.o)
                0x08000200                strlen
 *fill*         0x080002d8        0x8 
 .text          0x080002e0       0xa0 C:/environ/arm-gnu-toolchain/arm-gnu-toolchain-13.3.rel1-mingw-w64-i686-arm-none-eabi/bin/../lib/gcc/arm-none-eabi/13.3.1/thumb/v7e-m/nofp\libg.a(libc_a-memchr.o)
                0x080002e0                memchr
 .text          0x08000380      0x134 C:/environ/arm-gnu-toolchain/arm-gnu-toolchain-13.3.rel1-mingw-w64-i686-arm-none-eabi/bin/../lib/gcc/arm-none-eabi/13.3.1/thumb/v7e-m/nofp\libg.a(libc_a-memcpy.o)
                0x08000380                memcpy
 .text          0x080004b4      0x378 C:/environ/arm-gnu-toolchain/arm-gnu-toolchain-13.3.rel1-mingw-w64-i686-arm-none-eabi/bin/../lib/gcc/arm-none-eabi/13.3.1/thumb/v7e-m/nofp\libgcc.a(_arm_addsubdf3.o)
                0x080004b4                __aeabi_drsub
                0x080004bc                __aeabi_dsub
                0x080004bc                __subdf3
                0x080004c0                __aeabi_dadd
                0x080004c0                __adddf3
                0x08000738                __floatunsidf
                0x08000738                __aeabi_ui2d
                0x08000758                __floatsidf
                0x08000758                __aeabi_i2d
                0x0800077c                __aeabi_f2d
                0x0800077c                __extendsfdf2
                0x080007c0                __floatundidf
                0x080007c0                __aeabi_ul2d
                0x080007d0                __floatdidf
                0x080007d0                __aeabi_l2d
 .text          0x0800082c      0x424 C:/environ/arm-gnu-toolchain/arm-gnu-toolchain-13.3.rel1-mingw-w64-i686-arm-none-eabi/bin/../lib/gcc/arm-none-eabi/13.3.1/thumb/v7e-m/nofp\libgcc.a(_arm_muldivdf3.o)
                0x0800082c                __aeabi_dmul
                0x0800082c                __muldf3
                0x08000a80                __divdf3
                0x08000a80                __aeabi_ddiv
 .text          0x08000c50      0x110 C:/environ/arm-gnu-toolchain/arm-gnu-toolchain-13.3.rel1-mingw-w64-i686-arm-none-eabi/bin/../lib/gcc/arm-none-eabi/13.3.1/thumb/v7e-m/nofp\libgcc.a(_arm_cmpdf2.o)
                0x08000c50                __gtdf2
                0x08000c50                __gedf2
                0x08000c58                __ltdf2
                0x08000c58                __ledf2
                0x08000c60                __nedf2
                0x08000c60                __eqdf2
                0x08000c60                __cmpdf2
                0x08000cdc                __aeabi_cdrcmple
                0x08000cec                __aeabi_cdcmpeq
                0x08000cec                __aeabi_cdcmple
                0x08000cfc                __aeabi_dcmpeq
                0x08000d10                __aeabi_dcmplt
                0x08000d24                __aeabi_dcmple
                0x08000d38                __aeabi_dcmpge
                0x08000d4c                __aeabi_dcmpgt
 .text          0x08000d60       0x2c C:/environ/arm-gnu-toolchain/arm-gnu-toolchain-13.3.rel1-mingw-w64-i686-arm-none-eabi/bin/../lib/gcc/arm-none-eabi/13.3.1/thumb/v7e-m/nofp\libgcc.a(_arm_unorddf2.o)
                0x08000d60                __unorddf2
                0x08000d60                __aeabi_dcmpun
 .text          0x08000d8c       0x50 C:/environ/arm-gnu-toolchain/arm-gnu-toolchain-13.3.rel1-mingw-w64-i686-arm-none-eabi/bin/../lib/gcc/arm-none-eabi/13.3.1/thumb/v7e-m/nofp\libgcc.a(_arm_fixdfsi.o)
                0x08000d8c                __aeabi_d2iz
                0x08000d8c                __fixdfsi
 *(.text*)
 .text.deregister_tm_clones
                0x08000ddc       0x1c C:/environ/arm-gnu-toolchain/arm-gnu-toolchain-13.3.rel1-mingw-w64-i686-arm-none-eabi/bin/../lib/gcc/arm-none-eabi/13.3.1/thumb/v7e-m/nofp/crtbegin.o
 .text.register_tm_clones
                0x08000df8       0x24 C:/environ/arm-gnu-toolchain/arm-gnu-toolchain-13.3.rel1-mingw-w64-i686-arm-none-eabi/bin/../lib/gcc/arm-none-eabi/13.3.1/thumb/v7e-m/nofp/crtbegin.o
 .text.__do_global_dtors_aux
                0x08000e1c       0x28 C:/environ/arm-gnu-toolchain/arm-gnu-toolchain-13.3.rel1-mingw-w64-i686-arm-none-eabi/bin/../lib/gcc/arm-none-eabi/13.3.1/thumb/v7e-m/nofp/crtbegin.o
 .text.frame_dummy
                0x08000e44       0x24 C:/environ/arm-gnu-toolchain/arm-gnu-toolchain-13.3.rel1-mingw-w64-i686-arm-none-eabi/bin/../lib/gcc/arm-none-eabi/13.3.1/thumb/v7e-m/nofp/crtbegin.o
 .text.MX_GPIO_Init
                0x08000e68       0x38 CMakeFiles/Vol0.elf.dir/Core/Src/main.c.obj
 .text.MX_DMA_Init
                0x08000ea0       0x78 CMakeFiles/Vol0.elf.dir/Core/Src/main.c.obj
 .text.__io_putchar
                0x08000f18       0x20 CMakeFiles/Vol0.elf.dir/Core/Src/main.c.obj
                0x08000f18                __io_putchar
 .text.HAL_TIM_IC_CaptureCallback
                0x08000f38       0x3c CMakeFiles/Vol0.elf.dir/Core/Src/main.c.obj
                0x08000f38                HAL_TIM_IC_CaptureCallback
 .text.Process_UART_Data
                0x08000f74       0xd8 CMakeFiles/Vol0.elf.dir/Core/Src/main.c.obj
                0x08000f74                Process_UART_Data
 .text.Send_Measurement_Message
                0x0800104c       0xb8 CMakeFiles/Vol0.elf.dir/Core/Src/main.c.obj
                0x0800104c                Send_Measurement_Message
 .text.Error_Handler
                0x08001104        0x4 CMakeFiles/Vol0.elf.dir/Core/Src/main.c.obj
                0x08001104                Error_Handler
 .text.MX_USART1_UART_Init
                0x08001108       0x34 CMakeFiles/Vol0.elf.dir/Core/Src/main.c.obj
 .text.MX_TIM2_Init
                0x0800113c       0xdc CMakeFiles/Vol0.elf.dir/Core/Src/main.c.obj
 .text.MX_TIM5_Init
                0x08001218       0xa4 CMakeFiles/Vol0.elf.dir/Core/Src/main.c.obj
 .text.MX_USART2_UART_Init
                0x080012bc       0x34 CMakeFiles/Vol0.elf.dir/Core/Src/main.c.obj
 .text.MX_USART3_UART_Init
                0x080012f0       0x40 CMakeFiles/Vol0.elf.dir/Core/Src/main.c.obj
 .text.SystemClock_Config
                0x08001330       0xa0 CMakeFiles/Vol0.elf.dir/Core/Src/main.c.obj
                0x08001330                SystemClock_Config
 .text.main     0x080013d0       0x78 CMakeFiles/Vol0.elf.dir/Core/Src/main.c.obj
                0x080013d0                main
 .text.HAL_MspInit
                0x08001448       0x38 CMakeFiles/Vol0.elf.dir/Core/Src/stm32f4xx_hal_msp.c.obj
                0x08001448                HAL_MspInit
 .text.HAL_TIM_Base_MspInit
                0x08001480       0x74 CMakeFiles/Vol0.elf.dir/Core/Src/stm32f4xx_hal_msp.c.obj
                0x08001480                HAL_TIM_Base_MspInit
 .text.HAL_TIM_PWM_MspInit
                0x080014f4       0x30 CMakeFiles/Vol0.elf.dir/Core/Src/stm32f4xx_hal_msp.c.obj
                0x080014f4                HAL_TIM_PWM_MspInit
 .text.HAL_TIM_MspPostInit
                0x08001524       0x58 CMakeFiles/Vol0.elf.dir/Core/Src/stm32f4xx_hal_msp.c.obj
                0x08001524                HAL_TIM_MspPostInit
 .text.HAL_UART_MspInit
                0x0800157c       0xfc CMakeFiles/Vol0.elf.dir/Core/Src/stm32f4xx_hal_msp.c.obj
                0x0800157c                HAL_UART_MspInit
 .text.NMI_Handler
                0x08001678        0x2 CMakeFiles/Vol0.elf.dir/Core/Src/stm32f4xx_it.c.obj
                0x08001678                NMI_Handler
 .text.HardFault_Handler
                0x0800167a        0x2 CMakeFiles/Vol0.elf.dir/Core/Src/stm32f4xx_it.c.obj
                0x0800167a                HardFault_Handler
 .text.MemManage_Handler
                0x0800167c        0x2 CMakeFiles/Vol0.elf.dir/Core/Src/stm32f4xx_it.c.obj
                0x0800167c                MemManage_Handler
 .text.BusFault_Handler
                0x0800167e        0x2 CMakeFiles/Vol0.elf.dir/Core/Src/stm32f4xx_it.c.obj
                0x0800167e                BusFault_Handler
 .text.UsageFault_Handler
                0x08001680        0x2 CMakeFiles/Vol0.elf.dir/Core/Src/stm32f4xx_it.c.obj
                0x08001680                UsageFault_Handler
 .text.SVC_Handler
                0x08001682        0x2 CMakeFiles/Vol0.elf.dir/Core/Src/stm32f4xx_it.c.obj
                0x08001682                SVC_Handler
 .text.DebugMon_Handler
                0x08001684        0x2 CMakeFiles/Vol0.elf.dir/Core/Src/stm32f4xx_it.c.obj
                0x08001684                DebugMon_Handler
 .text.PendSV_Handler
                0x08001686        0x2 CMakeFiles/Vol0.elf.dir/Core/Src/stm32f4xx_it.c.obj
                0x08001686                PendSV_Handler
 .text.SysTick_Handler
                0x08001688        0x8 CMakeFiles/Vol0.elf.dir/Core/Src/stm32f4xx_it.c.obj
                0x08001688                SysTick_Handler
 .text.DMA1_Stream1_IRQHandler
                0x08001690       0x10 CMakeFiles/Vol0.elf.dir/Core/Src/stm32f4xx_it.c.obj
                0x08001690                DMA1_Stream1_IRQHandler
 .text.DMA1_Stream3_IRQHandler
                0x080016a0       0x10 CMakeFiles/Vol0.elf.dir/Core/Src/stm32f4xx_it.c.obj
                0x080016a0                DMA1_Stream3_IRQHandler
 .text.TIM2_IRQHandler
                0x080016b0       0x10 CMakeFiles/Vol0.elf.dir/Core/Src/stm32f4xx_it.c.obj
                0x080016b0                TIM2_IRQHandler
 .text.USART1_IRQHandler
                0x080016c0       0x10 CMakeFiles/Vol0.elf.dir/Core/Src/stm32f4xx_it.c.obj
                0x080016c0                USART1_IRQHandler
 .text.USART2_IRQHandler
                0x080016d0       0x10 CMakeFiles/Vol0.elf.dir/Core/Src/stm32f4xx_it.c.obj
                0x080016d0                USART2_IRQHandler
 .text.USART3_IRQHandler
                0x080016e0       0x68 CMakeFiles/Vol0.elf.dir/Core/Src/stm32f4xx_it.c.obj
                0x080016e0                USART3_IRQHandler
 .text.DMA2_Stream2_IRQHandler
                0x08001748       0x10 CMakeFiles/Vol0.elf.dir/Core/Src/stm32f4xx_it.c.obj
                0x08001748                DMA2_Stream2_IRQHandler
 .text.DMA2_Stream7_IRQHandler
                0x08001758       0x10 CMakeFiles/Vol0.elf.dir/Core/Src/stm32f4xx_it.c.obj
                0x08001758                DMA2_Stream7_IRQHandler
 .text._getpid  0x08001768        0x4 CMakeFiles/Vol0.elf.dir/Core/Src/syscalls.c.obj
                0x08001768                _getpid
 .text._kill    0x0800176c       0x10 CMakeFiles/Vol0.elf.dir/Core/Src/syscalls.c.obj
                0x0800176c                _kill
 .text._exit    0x0800177c        0xc CMakeFiles/Vol0.elf.dir/Core/Src/syscalls.c.obj
                0x0800177c                _exit
 .text._read    0x08001788       0x20 CMakeFiles/Vol0.elf.dir/Core/Src/syscalls.c.obj
                0x08001788                _read
 .text._write   0x080017a8       0x1c CMakeFiles/Vol0.elf.dir/Core/Src/syscalls.c.obj
                0x080017a8                _write
 .text._close   0x080017c4        0x6 CMakeFiles/Vol0.elf.dir/Core/Src/syscalls.c.obj
                0x080017c4                _close
 .text._fstat   0x080017ca        0xa CMakeFiles/Vol0.elf.dir/Core/Src/syscalls.c.obj
                0x080017ca                _fstat
 .text._isatty  0x080017d4        0x4 CMakeFiles/Vol0.elf.dir/Core/Src/syscalls.c.obj
                0x080017d4                _isatty
 .text._lseek   0x080017d8        0x4 CMakeFiles/Vol0.elf.dir/Core/Src/syscalls.c.obj
                0x080017d8                _lseek
 .text._sbrk    0x080017dc       0x48 CMakeFiles/Vol0.elf.dir/Core/Src/sysmem.c.obj
                0x080017dc                _sbrk
 .text.SystemInit
                0x08001824        0x2 CMakeFiles/Vol0.elf.dir/Core/Src/system_stm32f4xx.c.obj
                0x08001824                SystemInit
 *fill*         0x08001826        0x2 
 .text.Reset_Handler
                0x08001828       0x50 CMakeFiles/Vol0.elf.dir/Core/Startup/startup_stm32f407vgtx.s.obj
                0x08001828                Reset_Handler
 .text.Default_Handler
                0x08001878        0x2 CMakeFiles/Vol0.elf.dir/Core/Startup/startup_stm32f407vgtx.s.obj
                0x08001878                RTC_Alarm_IRQHandler
                0x08001878                HASH_RNG_IRQHandler
                0x08001878                EXTI2_IRQHandler
                0x08001878                TIM8_CC_IRQHandler
                0x08001878                TIM1_CC_IRQHandler
                0x08001878                DMA2_Stream5_IRQHandler
                0x08001878                DMA1_Stream5_IRQHandler
                0x08001878                PVD_IRQHandler
                0x08001878                SDIO_IRQHandler
                0x08001878                TAMP_STAMP_IRQHandler
                0x08001878                CAN2_RX1_IRQHandler
                0x08001878                EXTI3_IRQHandler
                0x08001878                TIM8_TRG_COM_TIM14_IRQHandler
                0x08001878                TIM1_UP_TIM10_IRQHandler
                0x08001878                TIM8_UP_TIM13_IRQHandler
                0x08001878                I2C3_ER_IRQHandler
                0x08001878                EXTI0_IRQHandler
                0x08001878                I2C2_EV_IRQHandler
                0x08001878                DMA1_Stream2_IRQHandler
                0x08001878                CAN1_RX0_IRQHandler
                0x08001878                FPU_IRQHandler
                0x08001878                OTG_HS_WKUP_IRQHandler
                0x08001878                CAN2_SCE_IRQHandler
                0x08001878                SPI1_IRQHandler
                0x08001878                TIM6_DAC_IRQHandler
                0x08001878                TIM1_BRK_TIM9_IRQHandler
                0x08001878                DCMI_IRQHandler
                0x08001878                CAN2_RX0_IRQHandler
                0x08001878                DMA2_Stream3_IRQHandler
                0x08001878                USART6_IRQHandler
                0x08001878                CAN1_RX1_IRQHandler
                0x08001878                UART5_IRQHandler
                0x08001878                DMA2_Stream0_IRQHandler
                0x08001878                TIM4_IRQHandler
                0x08001878                I2C1_EV_IRQHandler
                0x08001878                DMA1_Stream6_IRQHandler
                0x08001878                UART4_IRQHandler
                0x08001878                TIM3_IRQHandler
                0x08001878                RCC_IRQHandler
                0x08001878                TIM8_BRK_TIM12_IRQHandler
                0x08001878                Default_Handler
                0x08001878                EXTI15_10_IRQHandler
                0x08001878                ADC_IRQHandler
                0x08001878                DMA1_Stream7_IRQHandler
                0x08001878                TIM7_IRQHandler
                0x08001878                CAN2_TX_IRQHandler
                0x08001878                TIM5_IRQHandler
                0x08001878                I2C3_EV_IRQHandler
                0x08001878                EXTI9_5_IRQHandler
                0x08001878                RTC_WKUP_IRQHandler
                0x08001878                ETH_WKUP_IRQHandler
                0x08001878                SPI2_IRQHandler
                0x08001878                OTG_HS_EP1_IN_IRQHandler
                0x08001878                DMA1_Stream0_IRQHandler
                0x08001878                CAN1_TX_IRQHandler
                0x08001878                EXTI4_IRQHandler
                0x08001878                FSMC_IRQHandler
                0x08001878                ETH_IRQHandler
                0x08001878                OTG_HS_EP1_OUT_IRQHandler
                0x08001878                WWDG_IRQHandler
                0x08001878                OTG_FS_WKUP_IRQHandler
                0x08001878                TIM1_TRG_COM_TIM11_IRQHandler
                0x08001878                OTG_HS_IRQHandler
                0x08001878                EXTI1_IRQHandler
                0x08001878                I2C2_ER_IRQHandler
                0x08001878                DMA2_Stream1_IRQHandler
                0x08001878                CAN1_SCE_IRQHandler
                0x08001878                FLASH_IRQHandler
                0x08001878                DMA2_Stream4_IRQHandler
                0x08001878                OTG_FS_IRQHandler
                0x08001878                SPI3_IRQHandler
                0x08001878                DMA1_Stream4_IRQHandler
                0x08001878                I2C1_ER_IRQHandler
                0x08001878                DMA2_Stream6_IRQHandler
 *fill*         0x0800187a        0x2 
 .text.HAL_InitTick
                0x0800187c       0x4c CMakeFiles/Vol0.elf.dir/Drivers/STM32F4xx_HAL_Driver/Src/stm32f4xx_hal.c.obj
                0x0800187c                HAL_InitTick
 .text.HAL_Init
                0x080018c8       0x34 CMakeFiles/Vol0.elf.dir/Drivers/STM32F4xx_HAL_Driver/Src/stm32f4xx_hal.c.obj
                0x080018c8                HAL_Init
 .text.HAL_IncTick
                0x080018fc       0x18 CMakeFiles/Vol0.elf.dir/Drivers/STM32F4xx_HAL_Driver/Src/stm32f4xx_hal.c.obj
                0x080018fc                HAL_IncTick
 .text.HAL_GetTick
                0x08001914        0xc CMakeFiles/Vol0.elf.dir/Drivers/STM32F4xx_HAL_Driver/Src/stm32f4xx_hal.c.obj
                0x08001914                HAL_GetTick
 .text.HAL_Delay
                0x08001920       0x28 CMakeFiles/Vol0.elf.dir/Drivers/STM32F4xx_HAL_Driver/Src/stm32f4xx_hal.c.obj
                0x08001920                HAL_Delay
 .text.__NVIC_EnableIRQ
                0x08001948       0x1c CMakeFiles/Vol0.elf.dir/Drivers/STM32F4xx_HAL_Driver/Src/stm32f4xx_hal_cortex.c.obj
 .text.__NVIC_SetPriority
                0x08001964       0x28 CMakeFiles/Vol0.elf.dir/Drivers/STM32F4xx_HAL_Driver/Src/stm32f4xx_hal_cortex.c.obj
 .text.NVIC_EncodePriority
                0x0800198c       0x3e CMakeFiles/Vol0.elf.dir/Drivers/STM32F4xx_HAL_Driver/Src/stm32f4xx_hal_cortex.c.obj
 *fill*         0x080019ca        0x2 
 .text.HAL_NVIC_SetPriorityGrouping
                0x080019cc       0x24 CMakeFiles/Vol0.elf.dir/Drivers/STM32F4xx_HAL_Driver/Src/stm32f4xx_hal_cortex.c.obj
                0x080019cc                HAL_NVIC_SetPriorityGrouping
 .text.HAL_NVIC_SetPriority
                0x080019f0       0x20 CMakeFiles/Vol0.elf.dir/Drivers/STM32F4xx_HAL_Driver/Src/stm32f4xx_hal_cortex.c.obj
                0x080019f0                HAL_NVIC_SetPriority
 .text.HAL_NVIC_EnableIRQ
                0x08001a10        0x8 CMakeFiles/Vol0.elf.dir/Drivers/STM32F4xx_HAL_Driver/Src/stm32f4xx_hal_cortex.c.obj
                0x08001a10                HAL_NVIC_EnableIRQ
 .text.HAL_SYSTICK_Config
                0x08001a18       0x28 CMakeFiles/Vol0.elf.dir/Drivers/STM32F4xx_HAL_Driver/Src/stm32f4xx_hal_cortex.c.obj
                0x08001a18                HAL_SYSTICK_Config
 .text.DMA_SetConfig
                0x08001a40       0x2c CMakeFiles/Vol0.elf.dir/Drivers/STM32F4xx_HAL_Driver/Src/stm32f4xx_hal_dma.c.obj
 .text.DMA_CalcBaseAndBitshift
                0x08001a6c       0x38 CMakeFiles/Vol0.elf.dir/Drivers/STM32F4xx_HAL_Driver/Src/stm32f4xx_hal_dma.c.obj
 .text.DMA_CheckFifoParam
                0x08001aa4       0x8e CMakeFiles/Vol0.elf.dir/Drivers/STM32F4xx_HAL_Driver/Src/stm32f4xx_hal_dma.c.obj
 *fill*         0x08001b32        0x2 
 .text.HAL_DMA_Init
                0x08001b34       0xcc CMakeFiles/Vol0.elf.dir/Drivers/STM32F4xx_HAL_Driver/Src/stm32f4xx_hal_dma.c.obj
                0x08001b34                HAL_DMA_Init
 .text.HAL_DMA_Start_IT
                0x08001c00       0x6a CMakeFiles/Vol0.elf.dir/Drivers/STM32F4xx_HAL_Driver/Src/stm32f4xx_hal_dma.c.obj
                0x08001c00                HAL_DMA_Start_IT
 .text.HAL_DMA_Abort
                0x08001c6a       0x94 CMakeFiles/Vol0.elf.dir/Drivers/STM32F4xx_HAL_Driver/Src/stm32f4xx_hal_dma.c.obj
                0x08001c6a                HAL_DMA_Abort
 .text.HAL_DMA_Abort_IT
                0x08001cfe       0x26 CMakeFiles/Vol0.elf.dir/Drivers/STM32F4xx_HAL_Driver/Src/stm32f4xx_hal_dma.c.obj
                0x08001cfe                HAL_DMA_Abort_IT
 .text.HAL_DMA_IRQHandler
                0x08001d24      0x1dc CMakeFiles/Vol0.elf.dir/Drivers/STM32F4xx_HAL_Driver/Src/stm32f4xx_hal_dma.c.obj
                0x08001d24                HAL_DMA_IRQHandler
 .text.HAL_GPIO_Init
                0x08001f00      0x1f4 CMakeFiles/Vol0.elf.dir/Drivers/STM32F4xx_HAL_Driver/Src/stm32f4xx_hal_gpio.c.obj
                0x08001f00                HAL_GPIO_Init
 .text.HAL_RCC_OscConfig
                0x080020f4      0x3f8 CMakeFiles/Vol0.elf.dir/Drivers/STM32F4xx_HAL_Driver/Src/stm32f4xx_hal_rcc.c.obj
                0x080020f4                HAL_RCC_OscConfig
 .text.HAL_RCC_GetSysClockFreq
                0x080024ec       0xa8 CMakeFiles/Vol0.elf.dir/Drivers/STM32F4xx_HAL_Driver/Src/stm32f4xx_hal_rcc.c.obj
                0x080024ec                HAL_RCC_GetSysClockFreq
 .text.HAL_RCC_ClockConfig
                0x08002594      0x160 CMakeFiles/Vol0.elf.dir/Drivers/STM32F4xx_HAL_Driver/Src/stm32f4xx_hal_rcc.c.obj
                0x08002594                HAL_RCC_ClockConfig
 .text.HAL_RCC_GetHCLKFreq
                0x080026f4        0xc CMakeFiles/Vol0.elf.dir/Drivers/STM32F4xx_HAL_Driver/Src/stm32f4xx_hal_rcc.c.obj
                0x080026f4                HAL_RCC_GetHCLKFreq
 .text.HAL_RCC_GetPCLK1Freq
                0x08002700       0x20 CMakeFiles/Vol0.elf.dir/Drivers/STM32F4xx_HAL_Driver/Src/stm32f4xx_hal_rcc.c.obj
                0x08002700                HAL_RCC_GetPCLK1Freq
 .text.HAL_RCC_GetPCLK2Freq
                0x08002720       0x20 CMakeFiles/Vol0.elf.dir/Drivers/STM32F4xx_HAL_Driver/Src/stm32f4xx_hal_rcc.c.obj
                0x08002720                HAL_RCC_GetPCLK2Freq
 .text.TIM_OC1_SetConfig
                0x08002740       0x70 CMakeFiles/Vol0.elf.dir/Drivers/STM32F4xx_HAL_Driver/Src/stm32f4xx_hal_tim.c.obj
 .text.TIM_OC3_SetConfig
                0x080027b0       0x70 CMakeFiles/Vol0.elf.dir/Drivers/STM32F4xx_HAL_Driver/Src/stm32f4xx_hal_tim.c.obj
 .text.TIM_OC4_SetConfig
                0x08002820       0x50 CMakeFiles/Vol0.elf.dir/Drivers/STM32F4xx_HAL_Driver/Src/stm32f4xx_hal_tim.c.obj
 .text.TIM_TI1_ConfigInputStage
                0x08002870       0x24 CMakeFiles/Vol0.elf.dir/Drivers/STM32F4xx_HAL_Driver/Src/stm32f4xx_hal_tim.c.obj
 .text.TIM_TI2_SetConfig
                0x08002894       0x36 CMakeFiles/Vol0.elf.dir/Drivers/STM32F4xx_HAL_Driver/Src/stm32f4xx_hal_tim.c.obj
 .text.TIM_TI2_ConfigInputStage
                0x080028ca       0x26 CMakeFiles/Vol0.elf.dir/Drivers/STM32F4xx_HAL_Driver/Src/stm32f4xx_hal_tim.c.obj
 .text.TIM_TI3_SetConfig
                0x080028f0       0x36 CMakeFiles/Vol0.elf.dir/Drivers/STM32F4xx_HAL_Driver/Src/stm32f4xx_hal_tim.c.obj
 .text.TIM_TI4_SetConfig
                0x08002926       0x36 CMakeFiles/Vol0.elf.dir/Drivers/STM32F4xx_HAL_Driver/Src/stm32f4xx_hal_tim.c.obj
 .text.TIM_ITRx_SetConfig
                0x0800295c       0x10 CMakeFiles/Vol0.elf.dir/Drivers/STM32F4xx_HAL_Driver/Src/stm32f4xx_hal_tim.c.obj
 .text.HAL_TIM_IC_MspInit
                0x0800296c        0x2 CMakeFiles/Vol0.elf.dir/Drivers/STM32F4xx_HAL_Driver/Src/stm32f4xx_hal_tim.c.obj
                0x0800296c                HAL_TIM_IC_MspInit
 .text.HAL_TIM_ReadCapturedValue
                0x0800296e       0x32 CMakeFiles/Vol0.elf.dir/Drivers/STM32F4xx_HAL_Driver/Src/stm32f4xx_hal_tim.c.obj
                0x0800296e                HAL_TIM_ReadCapturedValue
 .text.HAL_TIM_PeriodElapsedCallback
                0x080029a0        0x2 CMakeFiles/Vol0.elf.dir/Drivers/STM32F4xx_HAL_Driver/Src/stm32f4xx_hal_tim.c.obj
                0x080029a0                HAL_TIM_PeriodElapsedCallback
 .text.HAL_TIM_OC_DelayElapsedCallback
                0x080029a2        0x2 CMakeFiles/Vol0.elf.dir/Drivers/STM32F4xx_HAL_Driver/Src/stm32f4xx_hal_tim.c.obj
                0x080029a2                HAL_TIM_OC_DelayElapsedCallback
 .text.HAL_TIM_PWM_PulseFinishedCallback
                0x080029a4        0x2 CMakeFiles/Vol0.elf.dir/Drivers/STM32F4xx_HAL_Driver/Src/stm32f4xx_hal_tim.c.obj
                0x080029a4                HAL_TIM_PWM_PulseFinishedCallback
 .text.HAL_TIM_TriggerCallback
                0x080029a6        0x2 CMakeFiles/Vol0.elf.dir/Drivers/STM32F4xx_HAL_Driver/Src/stm32f4xx_hal_tim.c.obj
                0x080029a6                HAL_TIM_TriggerCallback
 .text.HAL_TIM_IRQHandler
                0x080029a8      0x15e CMakeFiles/Vol0.elf.dir/Drivers/STM32F4xx_HAL_Driver/Src/stm32f4xx_hal_tim.c.obj
                0x080029a8                HAL_TIM_IRQHandler
 *fill*         0x08002b06        0x2 
 .text.TIM_Base_SetConfig
                0x08002b08       0xd8 CMakeFiles/Vol0.elf.dir/Drivers/STM32F4xx_HAL_Driver/Src/stm32f4xx_hal_tim.c.obj
                0x08002b08                TIM_Base_SetConfig
 .text.HAL_TIM_Base_Init
                0x08002be0       0x58 CMakeFiles/Vol0.elf.dir/Drivers/STM32F4xx_HAL_Driver/Src/stm32f4xx_hal_tim.c.obj
                0x08002be0                HAL_TIM_Base_Init
 .text.HAL_TIM_PWM_Init
                0x08002c38       0x58 CMakeFiles/Vol0.elf.dir/Drivers/STM32F4xx_HAL_Driver/Src/stm32f4xx_hal_tim.c.obj
                0x08002c38                HAL_TIM_PWM_Init
 .text.HAL_TIM_IC_Init
                0x08002c90       0x58 CMakeFiles/Vol0.elf.dir/Drivers/STM32F4xx_HAL_Driver/Src/stm32f4xx_hal_tim.c.obj
                0x08002c90                HAL_TIM_IC_Init
 .text.TIM_OC2_SetConfig
                0x08002ce8       0x70 CMakeFiles/Vol0.elf.dir/Drivers/STM32F4xx_HAL_Driver/Src/stm32f4xx_hal_tim.c.obj
                0x08002ce8                TIM_OC2_SetConfig
 .text.HAL_TIM_PWM_ConfigChannel
                0x08002d58       0xdc CMakeFiles/Vol0.elf.dir/Drivers/STM32F4xx_HAL_Driver/Src/stm32f4xx_hal_tim.c.obj
                0x08002d58                HAL_TIM_PWM_ConfigChannel
 .text.TIM_TI1_SetConfig
                0x08002e34       0x7c CMakeFiles/Vol0.elf.dir/Drivers/STM32F4xx_HAL_Driver/Src/stm32f4xx_hal_tim.c.obj
                0x08002e34                TIM_TI1_SetConfig
 .text.HAL_TIM_IC_ConfigChannel
                0x08002eb0       0xcc CMakeFiles/Vol0.elf.dir/Drivers/STM32F4xx_HAL_Driver/Src/stm32f4xx_hal_tim.c.obj
                0x08002eb0                HAL_TIM_IC_ConfigChannel
 .text.TIM_ETR_SetConfig
                0x08002f7c       0x18 CMakeFiles/Vol0.elf.dir/Drivers/STM32F4xx_HAL_Driver/Src/stm32f4xx_hal_tim.c.obj
                0x08002f7c                TIM_ETR_SetConfig
 .text.HAL_TIM_ConfigClockSource
                0x08002f94       0xfe CMakeFiles/Vol0.elf.dir/Drivers/STM32F4xx_HAL_Driver/Src/stm32f4xx_hal_tim.c.obj
                0x08002f94                HAL_TIM_ConfigClockSource
 .text.TIM_SlaveTimer_SetConfig
                0x08003092       0xb8 CMakeFiles/Vol0.elf.dir/Drivers/STM32F4xx_HAL_Driver/Src/stm32f4xx_hal_tim.c.obj
 .text.HAL_TIM_SlaveConfigSynchro
                0x0800314a       0x52 CMakeFiles/Vol0.elf.dir/Drivers/STM32F4xx_HAL_Driver/Src/stm32f4xx_hal_tim.c.obj
                0x0800314a                HAL_TIM_SlaveConfigSynchro
 .text.TIM_CCxChannelCmd
                0x0800319c       0x1e CMakeFiles/Vol0.elf.dir/Drivers/STM32F4xx_HAL_Driver/Src/stm32f4xx_hal_tim.c.obj
                0x0800319c                TIM_CCxChannelCmd
 *fill*         0x080031ba        0x2 
 .text.HAL_TIM_IC_Start_IT
                0x080031bc      0x168 CMakeFiles/Vol0.elf.dir/Drivers/STM32F4xx_HAL_Driver/Src/stm32f4xx_hal_tim.c.obj
                0x080031bc                HAL_TIM_IC_Start_IT
 .text.HAL_TIMEx_MasterConfigSynchronization
                0x08003324       0x8c CMakeFiles/Vol0.elf.dir/Drivers/STM32F4xx_HAL_Driver/Src/stm32f4xx_hal_tim_ex.c.obj
                0x08003324                HAL_TIMEx_MasterConfigSynchronization
 .text.HAL_TIMEx_CommutCallback
                0x080033b0        0x2 CMakeFiles/Vol0.elf.dir/Drivers/STM32F4xx_HAL_Driver/Src/stm32f4xx_hal_tim_ex.c.obj
                0x080033b0                HAL_TIMEx_CommutCallback
 .text.HAL_TIMEx_BreakCallback
                0x080033b2        0x2 CMakeFiles/Vol0.elf.dir/Drivers/STM32F4xx_HAL_Driver/Src/stm32f4xx_hal_tim_ex.c.obj
                0x080033b2                HAL_TIMEx_BreakCallback
 .text.UART_EndTxTransfer
                0x080033b4       0x20 CMakeFiles/Vol0.elf.dir/Drivers/STM32F4xx_HAL_Driver/Src/stm32f4xx_hal_uart.c.obj
 .text.UART_EndRxTransfer
                0x080033d4       0x5c CMakeFiles/Vol0.elf.dir/Drivers/STM32F4xx_HAL_Driver/Src/stm32f4xx_hal_uart.c.obj
 .text.UART_Transmit_IT
                0x08003430       0x60 CMakeFiles/Vol0.elf.dir/Drivers/STM32F4xx_HAL_Driver/Src/stm32f4xx_hal_uart.c.obj
 .text.UART_SetConfig
                0x08003490      0x110 CMakeFiles/Vol0.elf.dir/Drivers/STM32F4xx_HAL_Driver/Src/stm32f4xx_hal_uart.c.obj
 .text.UART_WaitOnFlagUntilTimeout
                0x080035a0       0x86 CMakeFiles/Vol0.elf.dir/Drivers/STM32F4xx_HAL_Driver/Src/stm32f4xx_hal_uart.c.obj
 .text.HAL_UART_Init
                0x08003626       0x60 CMakeFiles/Vol0.elf.dir/Drivers/STM32F4xx_HAL_Driver/Src/stm32f4xx_hal_uart.c.obj
                0x08003626                HAL_UART_Init
 .text.HAL_UART_Transmit
                0x08003686       0xcc CMakeFiles/Vol0.elf.dir/Drivers/STM32F4xx_HAL_Driver/Src/stm32f4xx_hal_uart.c.obj
                0x08003686                HAL_UART_Transmit
 .text.HAL_UART_DMAStop
                0x08003752       0x84 CMakeFiles/Vol0.elf.dir/Drivers/STM32F4xx_HAL_Driver/Src/stm32f4xx_hal_uart.c.obj
                0x08003752                HAL_UART_DMAStop
 .text.HAL_UART_TxCpltCallback
                0x080037d6        0x2 CMakeFiles/Vol0.elf.dir/Drivers/STM32F4xx_HAL_Driver/Src/stm32f4xx_hal_uart.c.obj
                0x080037d6                HAL_UART_TxCpltCallback
 .text.UART_EndTransmit_IT
                0x080037d8       0x1a CMakeFiles/Vol0.elf.dir/Drivers/STM32F4xx_HAL_Driver/Src/stm32f4xx_hal_uart.c.obj
 .text.HAL_UART_RxCpltCallback
                0x080037f2        0x2 CMakeFiles/Vol0.elf.dir/Drivers/STM32F4xx_HAL_Driver/Src/stm32f4xx_hal_uart.c.obj
                0x080037f2                HAL_UART_RxCpltCallback
 .text.HAL_UART_RxHalfCpltCallback
                0x080037f4        0x2 CMakeFiles/Vol0.elf.dir/Drivers/STM32F4xx_HAL_Driver/Src/stm32f4xx_hal_uart.c.obj
                0x080037f4                HAL_UART_RxHalfCpltCallback
 .text.HAL_UART_ErrorCallback
                0x080037f6        0x2 CMakeFiles/Vol0.elf.dir/Drivers/STM32F4xx_HAL_Driver/Src/stm32f4xx_hal_uart.c.obj
                0x080037f6                HAL_UART_ErrorCallback
 .text.UART_DMAError
                0x080037f8       0x58 CMakeFiles/Vol0.elf.dir/Drivers/STM32F4xx_HAL_Driver/Src/stm32f4xx_hal_uart.c.obj
 .text.UART_DMAAbortOnError
                0x08003850       0x10 CMakeFiles/Vol0.elf.dir/Drivers/STM32F4xx_HAL_Driver/Src/stm32f4xx_hal_uart.c.obj
 .text.HAL_UARTEx_RxEventCallback
                0x08003860        0x2 CMakeFiles/Vol0.elf.dir/Drivers/STM32F4xx_HAL_Driver/Src/stm32f4xx_hal_uart.c.obj
                0x08003860                HAL_UARTEx_RxEventCallback
 .text.UART_Receive_IT
                0x08003862       0xe6 CMakeFiles/Vol0.elf.dir/Drivers/STM32F4xx_HAL_Driver/Src/stm32f4xx_hal_uart.c.obj
 .text.HAL_UART_IRQHandler
                0x08003948      0x284 CMakeFiles/Vol0.elf.dir/Drivers/STM32F4xx_HAL_Driver/Src/stm32f4xx_hal_uart.c.obj
                0x08003948                HAL_UART_IRQHandler
 .text.UART_DMARxHalfCplt
                0x08003bcc       0x1e CMakeFiles/Vol0.elf.dir/Drivers/STM32F4xx_HAL_Driver/Src/stm32f4xx_hal_uart.c.obj
 .text.UART_DMAReceiveCplt
                0x08003bea       0x9a CMakeFiles/Vol0.elf.dir/Drivers/STM32F4xx_HAL_Driver/Src/stm32f4xx_hal_uart.c.obj
 .text.UART_Start_Receive_DMA
                0x08003c84       0xa4 CMakeFiles/Vol0.elf.dir/Drivers/STM32F4xx_HAL_Driver/Src/stm32f4xx_hal_uart.c.obj
                0x08003c84                UART_Start_Receive_DMA
 .text.HAL_UART_Receive_DMA
                0x08003d28       0x26 CMakeFiles/Vol0.elf.dir/Drivers/STM32F4xx_HAL_Driver/Src/stm32f4xx_hal_uart.c.obj
                0x08003d28                HAL_UART_Receive_DMA
 *fill*         0x08003d4e        0x2 
 .text.__udivmoddi4
                0x08003d50      0x2bc C:/environ/arm-gnu-toolchain/arm-gnu-toolchain-13.3.rel1-mingw-w64-i686-arm-none-eabi/bin/../lib/gcc/arm-none-eabi/13.3.1/thumb/v7e-m/nofp\libgcc.a(_udivmoddi4.o)
                0x08003d50                __udivmoddi4
 .text.stdio_exit_handler
                0x0800400c       0x18 C:/environ/arm-gnu-toolchain/arm-gnu-toolchain-13.3.rel1-mingw-w64-i686-arm-none-eabi/bin/../lib/gcc/arm-none-eabi/13.3.1/thumb/v7e-m/nofp\libg.a(libc_a-findfp.o)
 .text.cleanup_stdio
                0x08004024       0x40 C:/environ/arm-gnu-toolchain/arm-gnu-toolchain-13.3.rel1-mingw-w64-i686-arm-none-eabi/bin/../lib/gcc/arm-none-eabi/13.3.1/thumb/v7e-m/nofp\libg.a(libc_a-findfp.o)
 .text.global_stdio_init.part.0
                0x08004064       0xf0 C:/environ/arm-gnu-toolchain/arm-gnu-toolchain-13.3.rel1-mingw-w64-i686-arm-none-eabi/bin/../lib/gcc/arm-none-eabi/13.3.1/thumb/v7e-m/nofp\libg.a(libc_a-findfp.o)
 .text.__sinit  0x08004154       0x3c C:/environ/arm-gnu-toolchain/arm-gnu-toolchain-13.3.rel1-mingw-w64-i686-arm-none-eabi/bin/../lib/gcc/arm-none-eabi/13.3.1/thumb/v7e-m/nofp\libg.a(libc_a-findfp.o)
                0x08004154                __sinit
 .text.__sfp_lock_acquire
                0x08004190        0xc C:/environ/arm-gnu-toolchain/arm-gnu-toolchain-13.3.rel1-mingw-w64-i686-arm-none-eabi/bin/../lib/gcc/arm-none-eabi/13.3.1/thumb/v7e-m/nofp\libg.a(libc_a-findfp.o)
                0x08004190                __sfp_lock_acquire
 .text.__sfp_lock_release
                0x0800419c        0xc C:/environ/arm-gnu-toolchain/arm-gnu-toolchain-13.3.rel1-mingw-w64-i686-arm-none-eabi/bin/../lib/gcc/arm-none-eabi/13.3.1/thumb/v7e-m/nofp\libg.a(libc_a-findfp.o)
                0x0800419c                __sfp_lock_release
 .text._fwalk_sglue
                0x080041a8       0x44 C:/environ/arm-gnu-toolchain/arm-gnu-toolchain-13.3.rel1-mingw-w64-i686-arm-none-eabi/bin/../lib/gcc/arm-none-eabi/13.3.1/thumb/v7e-m/nofp\libg.a(libc_a-fwalk.o)
                0x080041a8                _fwalk_sglue
 .text.printf   0x080041ec       0x28 C:/environ/arm-gnu-toolchain/arm-gnu-toolchain-13.3.rel1-mingw-w64-i686-arm-none-eabi/bin/../lib/gcc/arm-none-eabi/13.3.1/thumb/v7e-m/nofp\libg.a(libc_a-printf.o)
                0x080041ec                printf
 .text._puts_r  0x08004214       0x9c C:/environ/arm-gnu-toolchain/arm-gnu-toolchain-13.3.rel1-mingw-w64-i686-arm-none-eabi/bin/../lib/gcc/arm-none-eabi/13.3.1/thumb/v7e-m/nofp\libg.a(libc_a-puts.o)
                0x08004214                _puts_r
 .text.puts     0x080042b0       0x10 C:/environ/arm-gnu-toolchain/arm-gnu-toolchain-13.3.rel1-mingw-w64-i686-arm-none-eabi/bin/../lib/gcc/arm-none-eabi/13.3.1/thumb/v7e-m/nofp\libg.a(libc_a-puts.o)
                0x080042b0                puts
 .text.__sread  0x080042c0       0x24 C:/environ/arm-gnu-toolchain/arm-gnu-toolchain-13.3.rel1-mingw-w64-i686-arm-none-eabi/bin/../lib/gcc/arm-none-eabi/13.3.1/thumb/v7e-m/nofp\libg.a(libc_a-stdio.o)
                0x080042c0                __sread
 .text.__swrite
                0x080042e4       0x40 C:/environ/arm-gnu-toolchain/arm-gnu-toolchain-13.3.rel1-mingw-w64-i686-arm-none-eabi/bin/../lib/gcc/arm-none-eabi/13.3.1/thumb/v7e-m/nofp\libg.a(libc_a-stdio.o)
                0x080042e4                __swrite
 .text.__sseek  0x08004324       0x24 C:/environ/arm-gnu-toolchain/arm-gnu-toolchain-13.3.rel1-mingw-w64-i686-arm-none-eabi/bin/../lib/gcc/arm-none-eabi/13.3.1/thumb/v7e-m/nofp\libg.a(libc_a-stdio.o)
                0x08004324                __sseek
 .text.__sclose
                0x08004348        0x8 C:/environ/arm-gnu-toolchain/arm-gnu-toolchain-13.3.rel1-mingw-w64-i686-arm-none-eabi/bin/../lib/gcc/arm-none-eabi/13.3.1/thumb/v7e-m/nofp\libg.a(libc_a-stdio.o)
                0x08004348                __sclose
 .text.memset   0x08004350       0xa4 C:/environ/arm-gnu-toolchain/arm-gnu-toolchain-13.3.rel1-mingw-w64-i686-arm-none-eabi/bin/../lib/gcc/arm-none-eabi/13.3.1/thumb/v7e-m/nofp\libg.a(libc_a-memset.o)
                0x08004350                memset
 .text._close_r
                0x080043f4       0x24 C:/environ/arm-gnu-toolchain/arm-gnu-toolchain-13.3.rel1-mingw-w64-i686-arm-none-eabi/bin/../lib/gcc/arm-none-eabi/13.3.1/thumb/v7e-m/nofp\libg.a(libc_a-closer.o)
                0x080043f4                _close_r
 .text._lseek_r
                0x08004418       0x2c C:/environ/arm-gnu-toolchain/arm-gnu-toolchain-13.3.rel1-mingw-w64-i686-arm-none-eabi/bin/../lib/gcc/arm-none-eabi/13.3.1/thumb/v7e-m/nofp\libg.a(libc_a-lseekr.o)
                0x08004418                _lseek_r
 .text._read_r  0x08004444       0x2c C:/environ/arm-gnu-toolchain/arm-gnu-toolchain-13.3.rel1-mingw-w64-i686-arm-none-eabi/bin/../lib/gcc/arm-none-eabi/13.3.1/thumb/v7e-m/nofp\libg.a(libc_a-readr.o)
                0x08004444                _read_r
 .text._write_r
                0x08004470       0x2c C:/environ/arm-gnu-toolchain/arm-gnu-toolchain-13.3.rel1-mingw-w64-i686-arm-none-eabi/bin/../lib/gcc/arm-none-eabi/13.3.1/thumb/v7e-m/nofp\libg.a(libc_a-writer.o)
                0x08004470                _write_r
 .text.__errno  0x0800449c        0xc C:/environ/arm-gnu-toolchain/arm-gnu-toolchain-13.3.rel1-mingw-w64-i686-arm-none-eabi/bin/../lib/gcc/arm-none-eabi/13.3.1/thumb/v7e-m/nofp\libg.a(libc_a-errno.o)
                0x0800449c                __errno
 .text.__libc_init_array
                0x080044a8       0x50 C:/environ/arm-gnu-toolchain/arm-gnu-toolchain-13.3.rel1-mingw-w64-i686-arm-none-eabi/bin/../lib/gcc/arm-none-eabi/13.3.1/thumb/v7e-m/nofp\libg.a(libc_a-init.o)
                0x080044a8                __libc_init_array
 .text.__retarget_lock_init_recursive
                0x080044f8        0x4 C:/environ/arm-gnu-toolchain/arm-gnu-toolchain-13.3.rel1-mingw-w64-i686-arm-none-eabi/bin/../lib/gcc/arm-none-eabi/13.3.1/thumb/v7e-m/nofp\libg.a(libc_a-lock.o)
                0x080044f8                __retarget_lock_init_recursive
 .text.__retarget_lock_close_recursive
                0x080044fc        0x4 C:/environ/arm-gnu-toolchain/arm-gnu-toolchain-13.3.rel1-mingw-w64-i686-arm-none-eabi/bin/../lib/gcc/arm-none-eabi/13.3.1/thumb/v7e-m/nofp\libg.a(libc_a-lock.o)
                0x080044fc                __retarget_lock_close_recursive
 .text.__retarget_lock_acquire_recursive
                0x08004500        0x4 C:/environ/arm-gnu-toolchain/arm-gnu-toolchain-13.3.rel1-mingw-w64-i686-arm-none-eabi/bin/../lib/gcc/arm-none-eabi/13.3.1/thumb/v7e-m/nofp\libg.a(libc_a-lock.o)
                0x08004500                __retarget_lock_acquire_recursive
 .text.__retarget_lock_release_recursive
                0x08004504        0x4 C:/environ/arm-gnu-toolchain/arm-gnu-toolchain-13.3.rel1-mingw-w64-i686-arm-none-eabi/bin/../lib/gcc/arm-none-eabi/13.3.1/thumb/v7e-m/nofp\libg.a(libc_a-lock.o)
                0x08004504                __retarget_lock_release_recursive
 .text.startup.register_fini
                0x08004508       0x14 C:/environ/arm-gnu-toolchain/arm-gnu-toolchain-13.3.rel1-mingw-w64-i686-arm-none-eabi/bin/../lib/gcc/arm-none-eabi/13.3.1/thumb/v7e-m/nofp\libg.a(libc_a-__call_atexit.o)
 .text.atexit   0x0800451c        0xc C:/environ/arm-gnu-toolchain/arm-gnu-toolchain-13.3.rel1-mingw-w64-i686-arm-none-eabi/bin/../lib/gcc/arm-none-eabi/13.3.1/thumb/v7e-m/nofp\libg.a(libc_a-atexit.o)
                0x0800451c                atexit
 .text._malloc_trim_r
                0x08004528       0xb8 C:/environ/arm-gnu-toolchain/arm-gnu-toolchain-13.3.rel1-mingw-w64-i686-arm-none-eabi/bin/../lib/gcc/arm-none-eabi/13.3.1/thumb/v7e-m/nofp\libg.a(libc_a-freer.o)
                0x08004528                _malloc_trim_r
 .text._free_r  0x080045e0      0x1f8 C:/environ/arm-gnu-toolchain/arm-gnu-toolchain-13.3.rel1-mingw-w64-i686-arm-none-eabi/bin/../lib/gcc/arm-none-eabi/13.3.1/thumb/v7e-m/nofp\libg.a(libc_a-freer.o)
                0x080045e0                _free_r
 .text._malloc_r
                0x080047d8      0x564 C:/environ/arm-gnu-toolchain/arm-gnu-toolchain-13.3.rel1-mingw-w64-i686-arm-none-eabi/bin/../lib/gcc/arm-none-eabi/13.3.1/thumb/v7e-m/nofp\libg.a(libc_a-mallocr.o)
                0x080047d8                _malloc_r
 .text.__malloc_lock
                0x08004d3c        0xc C:/environ/arm-gnu-toolchain/arm-gnu-toolchain-13.3.rel1-mingw-w64-i686-arm-none-eabi/bin/../lib/gcc/arm-none-eabi/13.3.1/thumb/v7e-m/nofp\libg.a(libc_a-mlock.o)
                0x08004d3c                __malloc_lock
 .text.__malloc_unlock
                0x08004d48        0xc C:/environ/arm-gnu-toolchain/arm-gnu-toolchain-13.3.rel1-mingw-w64-i686-arm-none-eabi/bin/../lib/gcc/arm-none-eabi/13.3.1/thumb/v7e-m/nofp\libg.a(libc_a-mlock.o)
                0x08004d48                __malloc_unlock
 .text._vfprintf_r
                0x08004d54     0x1c5c C:/environ/arm-gnu-toolchain/arm-gnu-toolchain-13.3.rel1-mingw-w64-i686-arm-none-eabi/bin/../lib/gcc/arm-none-eabi/13.3.1/thumb/v7e-m/nofp\libg.a(libc_a-vfprintf.o)
                0x08004d54                _vfprintf_r
 .text.__sbprintf
                0x080069b0       0x80 C:/environ/arm-gnu-toolchain/arm-gnu-toolchain-13.3.rel1-mingw-w64-i686-arm-none-eabi/bin/../lib/gcc/arm-none-eabi/13.3.1/thumb/v7e-m/nofp\libg.a(libc_a-vfprintf.o)
 .text.__sprint_r
                0x08006a30       0x20 C:/environ/arm-gnu-toolchain/arm-gnu-toolchain-13.3.rel1-mingw-w64-i686-arm-none-eabi/bin/../lib/gcc/arm-none-eabi/13.3.1/thumb/v7e-m/nofp\libg.a(libc_a-sprint_r.o)
                0x08006a30                __sprint_r
 .text._fclose_r
                0x08006a50       0xc0 C:/environ/arm-gnu-toolchain/arm-gnu-toolchain-13.3.rel1-mingw-w64-i686-arm-none-eabi/bin/../lib/gcc/arm-none-eabi/13.3.1/thumb/v7e-m/nofp\libg.a(libc_a-fclose.o)
                0x08006a50                _fclose_r
 .text.__sflush_r
                0x08006b10      0x128 C:/environ/arm-gnu-toolchain/arm-gnu-toolchain-13.3.rel1-mingw-w64-i686-arm-none-eabi/bin/../lib/gcc/arm-none-eabi/13.3.1/thumb/v7e-m/nofp\libg.a(libc_a-fflush.o)
                0x08006b10                __sflush_r
 .text._fflush_r
                0x08006c38       0x54 C:/environ/arm-gnu-toolchain/arm-gnu-toolchain-13.3.rel1-mingw-w64-i686-arm-none-eabi/bin/../lib/gcc/arm-none-eabi/13.3.1/thumb/v7e-m/nofp\libg.a(libc_a-fflush.o)
                0x08006c38                _fflush_r
 .text.__sfvwrite_r
                0x08006c8c      0x2f8 C:/environ/arm-gnu-toolchain/arm-gnu-toolchain-13.3.rel1-mingw-w64-i686-arm-none-eabi/bin/../lib/gcc/arm-none-eabi/13.3.1/thumb/v7e-m/nofp\libg.a(libc_a-fvwrite.o)
                0x08006c8c                __sfvwrite_r
 .text.__swsetup_r
                0x08006f84       0xc4 C:/environ/arm-gnu-toolchain/arm-gnu-toolchain-13.3.rel1-mingw-w64-i686-arm-none-eabi/bin/../lib/gcc/arm-none-eabi/13.3.1/thumb/v7e-m/nofp\libg.a(libc_a-wsetup.o)
                0x08006f84                __swsetup_r
 .text.memmove  0x08007048      0x100 C:/environ/arm-gnu-toolchain/arm-gnu-toolchain-13.3.rel1-mingw-w64-i686-arm-none-eabi/bin/../lib/gcc/arm-none-eabi/13.3.1/thumb/v7e-m/nofp\libg.a(libc_a-memmove.o)
                0x08007048                memmove
 .text.strncpy  0x08007148       0x68 C:/environ/arm-gnu-toolchain/arm-gnu-toolchain-13.3.rel1-mingw-w64-i686-arm-none-eabi/bin/../lib/gcc/arm-none-eabi/13.3.1/thumb/v7e-m/nofp\libg.a(libc_a-strncpy.o)
                0x08007148                strncpy
 .text.__locale_mb_cur_max
                0x080071b0        0xc C:/environ/arm-gnu-toolchain/arm-gnu-toolchain-13.3.rel1-mingw-w64-i686-arm-none-eabi/bin/../lib/gcc/arm-none-eabi/13.3.1/thumb/v7e-m/nofp\libg.a(libc_a-locale.o)
                0x080071b0                __locale_mb_cur_max
 .text._localeconv_r
                0x080071bc        0x8 C:/environ/arm-gnu-toolchain/arm-gnu-toolchain-13.3.rel1-mingw-w64-i686-arm-none-eabi/bin/../lib/gcc/arm-none-eabi/13.3.1/thumb/v7e-m/nofp\libg.a(libc_a-localeconv.o)
                0x080071bc                _localeconv_r
 .text._sbrk_r  0x080071c4       0x24 C:/environ/arm-gnu-toolchain/arm-gnu-toolchain-13.3.rel1-mingw-w64-i686-arm-none-eabi/bin/../lib/gcc/arm-none-eabi/13.3.1/thumb/v7e-m/nofp\libg.a(libc_a-sbrkr.o)
                0x080071c4                _sbrk_r
 .text.__libc_fini_array
                0x080071e8       0x28 C:/environ/arm-gnu-toolchain/arm-gnu-toolchain-13.3.rel1-mingw-w64-i686-arm-none-eabi/bin/../lib/gcc/arm-none-eabi/13.3.1/thumb/v7e-m/nofp\libg.a(libc_a-fini.o)
                0x080071e8                __libc_fini_array
 .text.sysconf  0x08007210       0x1c C:/environ/arm-gnu-toolchain/arm-gnu-toolchain-13.3.rel1-mingw-w64-i686-arm-none-eabi/bin/../lib/gcc/arm-none-eabi/13.3.1/thumb/v7e-m/nofp\libg.a(libc_a-sysconf.o)
                0x08007210                sysconf
 .text.frexp    0x0800722c       0x6c C:/environ/arm-gnu-toolchain/arm-gnu-toolchain-13.3.rel1-mingw-w64-i686-arm-none-eabi/bin/../lib/gcc/arm-none-eabi/13.3.1/thumb/v7e-m/nofp\libg.a(libm_a-s_frexp.o)
                0x0800722c                frexp
 .text.__register_exitproc
                0x08007298       0x80 C:/environ/arm-gnu-toolchain/arm-gnu-toolchain-13.3.rel1-mingw-w64-i686-arm-none-eabi/bin/../lib/gcc/arm-none-eabi/13.3.1/thumb/v7e-m/nofp\libg.a(libc_a-__atexit.o)
                0x08007298                __register_exitproc
 .text.quorem   0x08007318      0x12c C:/environ/arm-gnu-toolchain/arm-gnu-toolchain-13.3.rel1-mingw-w64-i686-arm-none-eabi/bin/../lib/gcc/arm-none-eabi/13.3.1/thumb/v7e-m/nofp\libg.a(libc_a-dtoa.o)
 *fill*         0x08007444        0x4 
 .text._dtoa_r  0x08007448      0xe80 C:/environ/arm-gnu-toolchain/arm-gnu-toolchain-13.3.rel1-mingw-w64-i686-arm-none-eabi/bin/../lib/gcc/arm-none-eabi/13.3.1/thumb/v7e-m/nofp\libg.a(libc_a-dtoa.o)
                0x08007448                _dtoa_r
 .text.__ascii_mbtowc
                0x080082c8       0x2c C:/environ/arm-gnu-toolchain/arm-gnu-toolchain-13.3.rel1-mingw-w64-i686-arm-none-eabi/bin/../lib/gcc/arm-none-eabi/13.3.1/thumb/v7e-m/nofp\libg.a(libc_a-mbtowc_r.o)
                0x080082c8                __ascii_mbtowc
 .text._Balloc  0x080082f4       0x4c C:/environ/arm-gnu-toolchain/arm-gnu-toolchain-13.3.rel1-mingw-w64-i686-arm-none-eabi/bin/../lib/gcc/arm-none-eabi/13.3.1/thumb/v7e-m/nofp\libg.a(libc_a-mprec.o)
                0x080082f4                _Balloc
 .text._Bfree   0x08008340       0x14 C:/environ/arm-gnu-toolchain/arm-gnu-toolchain-13.3.rel1-mingw-w64-i686-arm-none-eabi/bin/../lib/gcc/arm-none-eabi/13.3.1/thumb/v7e-m/nofp\libg.a(libc_a-mprec.o)
                0x08008340                _Bfree
 .text.__multadd
                0x08008354       0xa0 C:/environ/arm-gnu-toolchain/arm-gnu-toolchain-13.3.rel1-mingw-w64-i686-arm-none-eabi/bin/../lib/gcc/arm-none-eabi/13.3.1/thumb/v7e-m/nofp\libg.a(libc_a-mprec.o)
                0x08008354                __multadd
 .text.__hi0bits
                0x080083f4       0x44 C:/environ/arm-gnu-toolchain/arm-gnu-toolchain-13.3.rel1-mingw-w64-i686-arm-none-eabi/bin/../lib/gcc/arm-none-eabi/13.3.1/thumb/v7e-m/nofp\libg.a(libc_a-mprec.o)
                0x080083f4                __hi0bits
 .text.__lo0bits
                0x08008438       0x60 C:/environ/arm-gnu-toolchain/arm-gnu-toolchain-13.3.rel1-mingw-w64-i686-arm-none-eabi/bin/../lib/gcc/arm-none-eabi/13.3.1/thumb/v7e-m/nofp\libg.a(libc_a-mprec.o)
                0x08008438                __lo0bits
 .text.__i2b    0x08008498       0x5c C:/environ/arm-gnu-toolchain/arm-gnu-toolchain-13.3.rel1-mingw-w64-i686-arm-none-eabi/bin/../lib/gcc/arm-none-eabi/13.3.1/thumb/v7e-m/nofp\libg.a(libc_a-mprec.o)
                0x08008498                __i2b
 .text.__multiply
                0x080084f4      0x16c C:/environ/arm-gnu-toolchain/arm-gnu-toolchain-13.3.rel1-mingw-w64-i686-arm-none-eabi/bin/../lib/gcc/arm-none-eabi/13.3.1/thumb/v7e-m/nofp\libg.a(libc_a-mprec.o)
                0x080084f4                __multiply
 .text.__pow5mult
                0x08008660       0xb4 C:/environ/arm-gnu-toolchain/arm-gnu-toolchain-13.3.rel1-mingw-w64-i686-arm-none-eabi/bin/../lib/gcc/arm-none-eabi/13.3.1/thumb/v7e-m/nofp\libg.a(libc_a-mprec.o)
                0x08008660                __pow5mult
 .text.__lshift
                0x08008714       0xf0 C:/environ/arm-gnu-toolchain/arm-gnu-toolchain-13.3.rel1-mingw-w64-i686-arm-none-eabi/bin/../lib/gcc/arm-none-eabi/13.3.1/thumb/v7e-m/nofp\libg.a(libc_a-mprec.o)
                0x08008714                __lshift
 .text.__mcmp   0x08008804       0x40 C:/environ/arm-gnu-toolchain/arm-gnu-toolchain-13.3.rel1-mingw-w64-i686-arm-none-eabi/bin/../lib/gcc/arm-none-eabi/13.3.1/thumb/v7e-m/nofp\libg.a(libc_a-mprec.o)
                0x08008804                __mcmp
 .text.__mdiff  0x08008844      0x178 C:/environ/arm-gnu-toolchain/arm-gnu-toolchain-13.3.rel1-mingw-w64-i686-arm-none-eabi/bin/../lib/gcc/arm-none-eabi/13.3.1/thumb/v7e-m/nofp\libg.a(libc_a-mprec.o)
                0x08008844                __mdiff
 .text.__d2b    0x080089bc       0xbc C:/environ/arm-gnu-toolchain/arm-gnu-toolchain-13.3.rel1-mingw-w64-i686-arm-none-eabi/bin/../lib/gcc/arm-none-eabi/13.3.1/thumb/v7e-m/nofp\libg.a(libc_a-mprec.o)
                0x080089bc                __d2b
 .text._realloc_r
                0x08008a78      0x344 C:/environ/arm-gnu-toolchain/arm-gnu-toolchain-13.3.rel1-mingw-w64-i686-arm-none-eabi/bin/../lib/gcc/arm-none-eabi/13.3.1/thumb/v7e-m/nofp\libg.a(libc_a-reallocr.o)
                0x08008a78                _realloc_r
 .text.__ascii_wctomb
                0x08008dbc       0x1c C:/environ/arm-gnu-toolchain/arm-gnu-toolchain-13.3.rel1-mingw-w64-i686-arm-none-eabi/bin/../lib/gcc/arm-none-eabi/13.3.1/thumb/v7e-m/nofp\libg.a(libc_a-wctomb_r.o)
                0x08008dbc                __ascii_wctomb
 .text._wcrtomb_r
                0x08008dd8       0x4c C:/environ/arm-gnu-toolchain/arm-gnu-toolchain-13.3.rel1-mingw-w64-i686-arm-none-eabi/bin/../lib/gcc/arm-none-eabi/13.3.1/thumb/v7e-m/nofp\libg.a(libc_a-wcrtomb.o)
                0x08008dd8                _wcrtomb_r
 .text._wcsrtombs_r
                0x08008e24       0x1c C:/environ/arm-gnu-toolchain/arm-gnu-toolchain-13.3.rel1-mingw-w64-i686-arm-none-eabi/bin/../lib/gcc/arm-none-eabi/13.3.1/thumb/v7e-m/nofp\libg.a(libc_a-wcsrtombs.o)
                0x08008e24                _wcsrtombs_r
 .text.__smakebuf_r
                0x08008e40       0xdc C:/environ/arm-gnu-toolchain/arm-gnu-toolchain-13.3.rel1-mingw-w64-i686-arm-none-eabi/bin/../lib/gcc/arm-none-eabi/13.3.1/thumb/v7e-m/nofp\libg.a(libc_a-makebuf.o)
                0x08008e40                __smakebuf_r
 .text._fstat_r
                0x08008f1c       0x2c C:/environ/arm-gnu-toolchain/arm-gnu-toolchain-13.3.rel1-mingw-w64-i686-arm-none-eabi/bin/../lib/gcc/arm-none-eabi/13.3.1/thumb/v7e-m/nofp\libg.a(libc_a-fstatr.o)
                0x08008f1c                _fstat_r
 .text._isatty_r
                0x08008f48       0x24 C:/environ/arm-gnu-toolchain/arm-gnu-toolchain-13.3.rel1-mingw-w64-i686-arm-none-eabi/bin/../lib/gcc/arm-none-eabi/13.3.1/thumb/v7e-m/nofp\libg.a(libc_a-isattyr.o)
                0x08008f48                _isatty_r
 .text.__assert_func
                0x08008f6c       0x40 C:/environ/arm-gnu-toolchain/arm-gnu-toolchain-13.3.rel1-mingw-w64-i686-arm-none-eabi/bin/../lib/gcc/arm-none-eabi/13.3.1/thumb/v7e-m/nofp\libg.a(libc_a-assert.o)
                0x08008f6c                __assert_func
 .text._calloc_r
                0x08008fac       0x6c C:/environ/arm-gnu-toolchain/arm-gnu-toolchain-13.3.rel1-mingw-w64-i686-arm-none-eabi/bin/../lib/gcc/arm-none-eabi/13.3.1/thumb/v7e-m/nofp\libg.a(libc_a-callocr.o)
                0x08008fac                _calloc_r
 .text._wcsnrtombs_l
                0x08009018       0xec C:/environ/arm-gnu-toolchain/arm-gnu-toolchain-13.3.rel1-mingw-w64-i686-arm-none-eabi/bin/../lib/gcc/arm-none-eabi/13.3.1/thumb/v7e-m/nofp\libg.a(libc_a-wcsnrtombs.o)
                0x08009018                _wcsnrtombs_l
 .text._wcsnrtombs_r
                0x08009104       0x24 C:/environ/arm-gnu-toolchain/arm-gnu-toolchain-13.3.rel1-mingw-w64-i686-arm-none-eabi/bin/../lib/gcc/arm-none-eabi/13.3.1/thumb/v7e-m/nofp\libg.a(libc_a-wcsnrtombs.o)
                0x08009104                _wcsnrtombs_r
 .text.fiprintf
                0x08009128       0x28 C:/environ/arm-gnu-toolchain/arm-gnu-toolchain-13.3.rel1-mingw-w64-i686-arm-none-eabi/bin/../lib/gcc/arm-none-eabi/13.3.1/thumb/v7e-m/nofp\libg.a(libc_a-fiprintf.o)
                0x08009128                fiprintf
 .text._vfiprintf_r
                0x08009150      0xe6c C:/environ/arm-gnu-toolchain/arm-gnu-toolchain-13.3.rel1-mingw-w64-i686-arm-none-eabi/bin/../lib/gcc/arm-none-eabi/13.3.1/thumb/v7e-m/nofp\libg.a(libc_a-vfiprintf.o)
                0x08009150                _vfiprintf_r
 .text.__sbprintf
                0x08009fbc       0x80 C:/environ/arm-gnu-toolchain/arm-gnu-toolchain-13.3.rel1-mingw-w64-i686-arm-none-eabi/bin/../lib/gcc/arm-none-eabi/13.3.1/thumb/v7e-m/nofp\libg.a(libc_a-vfiprintf.o)
 .text.abort    0x0800a03c       0x10 C:/environ/arm-gnu-toolchain/arm-gnu-toolchain-13.3.rel1-mingw-w64-i686-arm-none-eabi/bin/../lib/gcc/arm-none-eabi/13.3.1/thumb/v7e-m/nofp\libg.a(libc_a-abort.o)
                0x0800a03c                abort
 .text.raise    0x0800a04c       0x58 C:/environ/arm-gnu-toolchain/arm-gnu-toolchain-13.3.rel1-mingw-w64-i686-arm-none-eabi/bin/../lib/gcc/arm-none-eabi/13.3.1/thumb/v7e-m/nofp\libg.a(libc_a-signal.o)
                0x0800a04c                raise
 .text._kill_r  0x0800a0a4       0x2c C:/environ/arm-gnu-toolchain/arm-gnu-toolchain-13.3.rel1-mingw-w64-i686-arm-none-eabi/bin/../lib/gcc/arm-none-eabi/13.3.1/thumb/v7e-m/nofp\libg.a(libc_a-signalr.o)
                0x0800a0a4                _kill_r
 .text._getpid_r
                0x0800a0d0        0x4 C:/environ/arm-gnu-toolchain/arm-gnu-toolchain-13.3.rel1-mingw-w64-i686-arm-none-eabi/bin/../lib/gcc/arm-none-eabi/13.3.1/thumb/v7e-m/nofp\libg.a(libc_a-signalr.o)
                0x0800a0d0                _getpid_r
 *(.glue_7)
 .glue_7        0x0800a0d4        0x0 linker stubs
 *(.glue_7t)
 .glue_7t       0x0800a0d4        0x0 linker stubs
 *(.eh_frame)
 .eh_frame      0x0800a0d4        0x0 C:/environ/arm-gnu-toolchain/arm-gnu-toolchain-13.3.rel1-mingw-w64-i686-arm-none-eabi/bin/../lib/gcc/arm-none-eabi/13.3.1/thumb/v7e-m/nofp/crtbegin.o
 *(.init)
 .init          0x0800a0d4        0x4 C:/environ/arm-gnu-toolchain/arm-gnu-toolchain-13.3.rel1-mingw-w64-i686-arm-none-eabi/bin/../lib/gcc/arm-none-eabi/13.3.1/thumb/v7e-m/nofp/crti.o
                0x0800a0d4                _init
 .init          0x0800a0d8        0x8 C:/environ/arm-gnu-toolchain/arm-gnu-toolchain-13.3.rel1-mingw-w64-i686-arm-none-eabi/bin/../lib/gcc/arm-none-eabi/13.3.1/thumb/v7e-m/nofp/crtn.o
 *(.fini)
 .fini          0x0800a0e0        0x4 C:/environ/arm-gnu-toolchain/arm-gnu-toolchain-13.3.rel1-mingw-w64-i686-arm-none-eabi/bin/../lib/gcc/arm-none-eabi/13.3.1/thumb/v7e-m/nofp/crti.o
                0x0800a0e0                _fini
 .fini          0x0800a0e4        0x8 C:/environ/arm-gnu-toolchain/arm-gnu-toolchain-13.3.rel1-mingw-w64-i686-arm-none-eabi/bin/../lib/gcc/arm-none-eabi/13.3.1/thumb/v7e-m/nofp/crtn.o
                0x0800a0ec                        . = ALIGN (0x4)
                0x0800a0ec                        _etext = .

.vfp11_veneer   0x0800a0ec        0x0
 .vfp11_veneer  0x0800a0ec        0x0 linker stubs

.v4_bx          0x0800a0ec        0x0
 .v4_bx         0x0800a0ec        0x0 linker stubs

.iplt           0x0800a0ec        0x0
 .iplt          0x0800a0ec        0x0 C:/environ/arm-gnu-toolchain/arm-gnu-toolchain-13.3.rel1-mingw-w64-i686-arm-none-eabi/bin/../lib/gcc/arm-none-eabi/13.3.1/thumb/v7e-m/nofp/crtbegin.o

.rodata         0x0800a0f0      0x4b4
                0x0800a0f0                        . = ALIGN (0x4)
 *(.rodata)
 *(.rodata*)
 .rodata.Process_UART_Data.str1.4
                0x0800a0f0      0x253 CMakeFiles/Vol0.elf.dir/Core/Src/main.c.obj
                                 0x48 (size before relaxing)
 .rodata.Send_Measurement_Message.str1.4
                0x0800a343        0xe CMakeFiles/Vol0.elf.dir/Core/Src/main.c.obj
 .rodata.main.str1.4
                0x0800a343       0x38 CMakeFiles/Vol0.elf.dir/Core/Src/main.c.obj
 .rodata.USART3_IRQHandler.str1.4
                0x0800a343       0x18 CMakeFiles/Vol0.elf.dir/Core/Src/stm32f4xx_it.c.obj
 *fill*         0x0800a343        0x1 
 .rodata.APBPrescTable
                0x0800a344        0x8 CMakeFiles/Vol0.elf.dir/Core/Src/system_stm32f4xx.c.obj
                0x0800a344                APBPrescTable
 .rodata.AHBPrescTable
                0x0800a34c       0x10 CMakeFiles/Vol0.elf.dir/Core/Src/system_stm32f4xx.c.obj
                0x0800a34c                AHBPrescTable
 .rodata.flagBitshiftOffset.0
                0x0800a35c        0x8 CMakeFiles/Vol0.elf.dir/Drivers/STM32F4xx_HAL_Driver/Src/stm32f4xx_hal_dma.c.obj
 .rodata._puts_r.str1.4
                0x0800a364        0x2 C:/environ/arm-gnu-toolchain/arm-gnu-toolchain-13.3.rel1-mingw-w64-i686-arm-none-eabi/bin/../lib/gcc/arm-none-eabi/13.3.1/thumb/v7e-m/nofp\libg.a(libc_a-puts.o)
 .rodata._vfprintf_r.str1.4
                0x0800a364       0x42 C:/environ/arm-gnu-toolchain/arm-gnu-toolchain-13.3.rel1-mingw-w64-i686-arm-none-eabi/bin/../lib/gcc/arm-none-eabi/13.3.1/thumb/v7e-m/nofp\libg.a(libc_a-vfprintf.o)
 .rodata.zeroes.0
                0x0800a364       0x10 C:/environ/arm-gnu-toolchain/arm-gnu-toolchain-13.3.rel1-mingw-w64-i686-arm-none-eabi/bin/../lib/gcc/arm-none-eabi/13.3.1/thumb/v7e-m/nofp\libg.a(libc_a-vfprintf.o)
 .rodata.blanks.1
                0x0800a374       0x10 C:/environ/arm-gnu-toolchain/arm-gnu-toolchain-13.3.rel1-mingw-w64-i686-arm-none-eabi/bin/../lib/gcc/arm-none-eabi/13.3.1/thumb/v7e-m/nofp\libg.a(libc_a-vfprintf.o)
 .rodata.str1.4
                0x0800a384       0x4c C:/environ/arm-gnu-toolchain/arm-gnu-toolchain-13.3.rel1-mingw-w64-i686-arm-none-eabi/bin/../lib/gcc/arm-none-eabi/13.3.1/thumb/v7e-m/nofp\libg.a(libc_a-locale.o)
 .rodata._dtoa_r.str1.4
                0x0800a384       0x81 C:/environ/arm-gnu-toolchain/arm-gnu-toolchain-13.3.rel1-mingw-w64-i686-arm-none-eabi/bin/../lib/gcc/arm-none-eabi/13.3.1/thumb/v7e-m/nofp\libg.a(libc_a-dtoa.o)
 .rodata.__multadd.str1.4
                0x0800a384       0x6e C:/environ/arm-gnu-toolchain/arm-gnu-toolchain-13.3.rel1-mingw-w64-i686-arm-none-eabi/bin/../lib/gcc/arm-none-eabi/13.3.1/thumb/v7e-m/nofp\libg.a(libc_a-mprec.o)
 .rodata.p05.0  0x0800a384        0xc C:/environ/arm-gnu-toolchain/arm-gnu-toolchain-13.3.rel1-mingw-w64-i686-arm-none-eabi/bin/../lib/gcc/arm-none-eabi/13.3.1/thumb/v7e-m/nofp\libg.a(libc_a-mprec.o)
 .rodata.__mprec_bigtens
                0x0800a390       0x28 C:/environ/arm-gnu-toolchain/arm-gnu-toolchain-13.3.rel1-mingw-w64-i686-arm-none-eabi/bin/../lib/gcc/arm-none-eabi/13.3.1/thumb/v7e-m/nofp\libg.a(libc_a-mprec.o)
                0x0800a390                __mprec_bigtens
 .rodata.__mprec_tens
                0x0800a3b8       0xc8 C:/environ/arm-gnu-toolchain/arm-gnu-toolchain-13.3.rel1-mingw-w64-i686-arm-none-eabi/bin/../lib/gcc/arm-none-eabi/13.3.1/thumb/v7e-m/nofp\libg.a(libc_a-mprec.o)
                0x0800a3b8                __mprec_tens
 .rodata._ctype_
                0x0800a480      0x101 C:/environ/arm-gnu-toolchain/arm-gnu-toolchain-13.3.rel1-mingw-w64-i686-arm-none-eabi/bin/../lib/gcc/arm-none-eabi/13.3.1/thumb/v7e-m/nofp\libg.a(libc_a-ctype_.o)
                0x0800a480                _ctype_
 .rodata.__assert_func.str1.4
                0x0800a581       0x43 C:/environ/arm-gnu-toolchain/arm-gnu-toolchain-13.3.rel1-mingw-w64-i686-arm-none-eabi/bin/../lib/gcc/arm-none-eabi/13.3.1/thumb/v7e-m/nofp\libg.a(libc_a-assert.o)
 .rodata._vfiprintf_r.str1.4
                0x0800a581       0x2f C:/environ/arm-gnu-toolchain/arm-gnu-toolchain-13.3.rel1-mingw-w64-i686-arm-none-eabi/bin/../lib/gcc/arm-none-eabi/13.3.1/thumb/v7e-m/nofp\libg.a(libc_a-vfiprintf.o)
 *fill*         0x0800a581        0x3 
 .rodata.zeroes.0
                0x0800a584       0x10 C:/environ/arm-gnu-toolchain/arm-gnu-toolchain-13.3.rel1-mingw-w64-i686-arm-none-eabi/bin/../lib/gcc/arm-none-eabi/13.3.1/thumb/v7e-m/nofp\libg.a(libc_a-vfiprintf.o)
 .rodata.blanks.1
                0x0800a594       0x10 C:/environ/arm-gnu-toolchain/arm-gnu-toolchain-13.3.rel1-mingw-w64-i686-arm-none-eabi/bin/../lib/gcc/arm-none-eabi/13.3.1/thumb/v7e-m/nofp\libg.a(libc_a-vfiprintf.o)
                0x0800a5a4                        . = ALIGN (0x4)

.ARM.extab      0x0800a5a4        0x0
                0x0800a5a4                        . = ALIGN (0x4)
 *(.ARM.extab* .gnu.linkonce.armextab.*)
                0x0800a5a4                        . = ALIGN (0x4)

.ARM            0x0800a5a4        0x8
                0x0800a5a4                        . = ALIGN (0x4)
                0x0800a5a4                        __exidx_start = .
 *(.ARM.exidx*)
 .ARM.exidx     0x0800a5a4        0x8 C:/environ/arm-gnu-toolchain/arm-gnu-toolchain-13.3.rel1-mingw-w64-i686-arm-none-eabi/bin/../lib/gcc/arm-none-eabi/13.3.1/thumb/v7e-m/nofp\libg.a(libc_a-strlen.o)
 .ARM.exidx     0x0800a5ac        0x0 C:/environ/arm-gnu-toolchain/arm-gnu-toolchain-13.3.rel1-mingw-w64-i686-arm-none-eabi/bin/../lib/gcc/arm-none-eabi/13.3.1/thumb/v7e-m/nofp\libg.a(libc_a-memchr.o)
                                  0x8 (size before relaxing)
 .ARM.exidx     0x0800a5ac        0x0 C:/environ/arm-gnu-toolchain/arm-gnu-toolchain-13.3.rel1-mingw-w64-i686-arm-none-eabi/bin/../lib/gcc/arm-none-eabi/13.3.1/thumb/v7e-m/nofp\libg.a(libc_a-memcpy.o)
                                  0x8 (size before relaxing)
 .ARM.exidx.text.__udivmoddi4
                0x0800a5ac        0x0 C:/environ/arm-gnu-toolchain/arm-gnu-toolchain-13.3.rel1-mingw-w64-i686-arm-none-eabi/bin/../lib/gcc/arm-none-eabi/13.3.1/thumb/v7e-m/nofp\libgcc.a(_udivmoddi4.o)
                                  0x8 (size before relaxing)
                0x0800a5ac                        __exidx_end = .
                0x0800a5ac                        . = ALIGN (0x4)

.preinit_array  0x0800a5ac        0x0
                0x0800a5ac                        . = ALIGN (0x4)
                0x0800a5ac                        PROVIDE (__preinit_array_start = .)
 *(.preinit_array*)
                0x0800a5ac                        PROVIDE (__preinit_array_end = .)
                0x0800a5ac                        . = ALIGN (0x4)

.init_array     0x0800a5ac        0x8
                0x0800a5ac                        . = ALIGN (0x4)
                0x0800a5ac                        PROVIDE (__init_array_start = .)
 *(SORT_BY_NAME(.init_array.*))
 .init_array.00000
                0x0800a5ac        0x4 C:/environ/arm-gnu-toolchain/arm-gnu-toolchain-13.3.rel1-mingw-w64-i686-arm-none-eabi/bin/../lib/gcc/arm-none-eabi/13.3.1/thumb/v7e-m/nofp\libg.a(libc_a-__call_atexit.o)
 *(.init_array*)
 .init_array    0x0800a5b0        0x4 C:/environ/arm-gnu-toolchain/arm-gnu-toolchain-13.3.rel1-mingw-w64-i686-arm-none-eabi/bin/../lib/gcc/arm-none-eabi/13.3.1/thumb/v7e-m/nofp/crtbegin.o
                0x0800a5b4                        PROVIDE (__init_array_end = .)
                0x0800a5b4                        . = ALIGN (0x4)

.fini_array     0x0800a5b4        0x4
                0x0800a5b4                        . = ALIGN (0x4)
                0x0800a5b4                        PROVIDE (__fini_array_start = .)
 *(SORT_BY_NAME(.fini_array.*))
 *(.fini_array*)
 .fini_array    0x0800a5b4        0x4 C:/environ/arm-gnu-toolchain/arm-gnu-toolchain-13.3.rel1-mingw-w64-i686-arm-none-eabi/bin/../lib/gcc/arm-none-eabi/13.3.1/thumb/v7e-m/nofp/crtbegin.o
                0x0800a5b8                        PROVIDE (__fini_array_end = .)
                0x0800a5b8                        . = ALIGN (0x4)
                0x0800a5b8                        _sidata = LOADADDR (.data)

.rel.dyn        0x0800a5b8        0x0
 .rel.iplt      0x0800a5b8        0x0 C:/environ/arm-gnu-toolchain/arm-gnu-toolchain-13.3.rel1-mingw-w64-i686-arm-none-eabi/bin/../lib/gcc/arm-none-eabi/13.3.1/thumb/v7e-m/nofp/crtbegin.o

.data           0x20000000      0x6e4 load address 0x0800a5b8
                0x20000000                        . = ALIGN (0x4)
                0x20000000                        _sdata = .
 *(.data)
 *(.data*)
 .data.SystemCoreClock
                0x20000000        0x4 CMakeFiles/Vol0.elf.dir/Core/Src/system_stm32f4xx.c.obj
                0x20000000                SystemCoreClock
 .data.uwTickFreq
                0x20000004        0x1 CMakeFiles/Vol0.elf.dir/Drivers/STM32F4xx_HAL_Driver/Src/stm32f4xx_hal.c.obj
                0x20000004                uwTickFreq
 *fill*         0x20000005        0x3 
 .data.uwTickPrio
                0x20000008        0x4 CMakeFiles/Vol0.elf.dir/Drivers/STM32F4xx_HAL_Driver/Src/stm32f4xx_hal.c.obj
                0x20000008                uwTickPrio
 .data.__sglue  0x2000000c        0xc C:/environ/arm-gnu-toolchain/arm-gnu-toolchain-13.3.rel1-mingw-w64-i686-arm-none-eabi/bin/../lib/gcc/arm-none-eabi/13.3.1/thumb/v7e-m/nofp\libg.a(libc_a-findfp.o)
                0x2000000c                __sglue
 .data._impure_ptr
                0x20000018        0x4 C:/environ/arm-gnu-toolchain/arm-gnu-toolchain-13.3.rel1-mingw-w64-i686-arm-none-eabi/bin/../lib/gcc/arm-none-eabi/13.3.1/thumb/v7e-m/nofp\libg.a(libc_a-impure.o)
                0x20000018                _impure_ptr
 *fill*         0x2000001c        0x4 
 .data._impure_data
                0x20000020      0x140 C:/environ/arm-gnu-toolchain/arm-gnu-toolchain-13.3.rel1-mingw-w64-i686-arm-none-eabi/bin/../lib/gcc/arm-none-eabi/13.3.1/thumb/v7e-m/nofp\libg.a(libc_a-impure.o)
                0x20000020                _impure_data
 .data.__atexit_recursive_mutex
                0x20000160        0x4 C:/environ/arm-gnu-toolchain/arm-gnu-toolchain-13.3.rel1-mingw-w64-i686-arm-none-eabi/bin/../lib/gcc/arm-none-eabi/13.3.1/thumb/v7e-m/nofp\libg.a(libc_a-__call_atexit.o)
                0x20000160                __atexit_recursive_mutex
 .data.__malloc_sbrk_base
                0x20000164        0x4 C:/environ/arm-gnu-toolchain/arm-gnu-toolchain-13.3.rel1-mingw-w64-i686-arm-none-eabi/bin/../lib/gcc/arm-none-eabi/13.3.1/thumb/v7e-m/nofp\libg.a(libc_a-mallocr.o)
                0x20000164                __malloc_sbrk_base
 .data.__malloc_trim_threshold
                0x20000168        0x4 C:/environ/arm-gnu-toolchain/arm-gnu-toolchain-13.3.rel1-mingw-w64-i686-arm-none-eabi/bin/../lib/gcc/arm-none-eabi/13.3.1/thumb/v7e-m/nofp\libg.a(libc_a-mallocr.o)
                0x20000168                __malloc_trim_threshold
 *fill*         0x2000016c        0x4 
 .data.__malloc_av_
                0x20000170      0x408 C:/environ/arm-gnu-toolchain/arm-gnu-toolchain-13.3.rel1-mingw-w64-i686-arm-none-eabi/bin/../lib/gcc/arm-none-eabi/13.3.1/thumb/v7e-m/nofp\libg.a(libc_a-mallocr.o)
                0x20000170                __malloc_av_
 .data.__global_locale
                0x20000578      0x16c C:/environ/arm-gnu-toolchain/arm-gnu-toolchain-13.3.rel1-mingw-w64-i686-arm-none-eabi/bin/../lib/gcc/arm-none-eabi/13.3.1/thumb/v7e-m/nofp\libg.a(libc_a-locale.o)
                0x20000578                __global_locale
 *(.RamFunc)
 *(.RamFunc*)
                0x200006e4                        . = ALIGN (0x4)
                0x200006e4                        _edata = .
                0x0800ac9c                        _siccmram = LOADADDR (.ccmram)

.tm_clone_table
                0x200006e4        0x0 load address 0x0800ac9c
 .tm_clone_table
                0x200006e4        0x0 C:/environ/arm-gnu-toolchain/arm-gnu-toolchain-13.3.rel1-mingw-w64-i686-arm-none-eabi/bin/../lib/gcc/arm-none-eabi/13.3.1/thumb/v7e-m/nofp/crtbegin.o
 .tm_clone_table
                0x200006e4        0x0 C:/environ/arm-gnu-toolchain/arm-gnu-toolchain-13.3.rel1-mingw-w64-i686-arm-none-eabi/bin/../lib/gcc/arm-none-eabi/13.3.1/thumb/v7e-m/nofp/crtend.o

.igot.plt       0x200006e4        0x0 load address 0x0800ac9c
 .igot.plt      0x200006e4        0x0 C:/environ/arm-gnu-toolchain/arm-gnu-toolchain-13.3.rel1-mingw-w64-i686-arm-none-eabi/bin/../lib/gcc/arm-none-eabi/13.3.1/thumb/v7e-m/nofp/crtbegin.o

.ccmram         0x10000000        0x0 load address 0x0800ac9c
                0x10000000                        . = ALIGN (0x4)
                0x10000000                        _sccmram = .
 *(.ccmram)
 *(.ccmram*)
                0x10000000                        . = ALIGN (0x4)
                0x10000000                        _eccmram = .
                0x10000000                        . = ALIGN (0x4)

.bss            0x200006e4      0x66c
                0x200006e4                        _sbss = .
                0x200006e4                        __bss_start__ = _sbss
 *(.bss)
 *(.bss*)
 .bss.completed.1
                0x200006e4        0x1 C:/environ/arm-gnu-toolchain/arm-gnu-toolchain-13.3.rel1-mingw-w64-i686-arm-none-eabi/bin/../lib/gcc/arm-none-eabi/13.3.1/thumb/v7e-m/nofp/crtbegin.o
 *fill*         0x200006e5        0x3 
 .bss.object.0  0x200006e8       0x18 C:/environ/arm-gnu-toolchain/arm-gnu-toolchain-13.3.rel1-mingw-w64-i686-arm-none-eabi/bin/../lib/gcc/arm-none-eabi/13.3.1/thumb/v7e-m/nofp/crtbegin.o
 .bss.rxBuffer  0x20000700       0x40 CMakeFiles/Vol0.elf.dir/Core/Src/main.c.obj
                0x20000700                rxBuffer
 .bss.uiFrequency
                0x20000740        0x4 CMakeFiles/Vol0.elf.dir/Core/Src/main.c.obj
                0x20000740                uiFrequency
 .bss.uiCycle   0x20000744        0x4 CMakeFiles/Vol0.elf.dir/Core/Src/main.c.obj
                0x20000744                uiCycle
 .bss.uiDutyCycle
                0x20000748        0x4 CMakeFiles/Vol0.elf.dir/Core/Src/main.c.obj
                0x20000748                uiDutyCycle
 .bss.hdma_usart3_tx
                0x2000074c       0x60 CMakeFiles/Vol0.elf.dir/Core/Src/main.c.obj
                0x2000074c                hdma_usart3_tx
 .bss.hdma_usart3_rx
                0x200007ac       0x60 CMakeFiles/Vol0.elf.dir/Core/Src/main.c.obj
                0x200007ac                hdma_usart3_rx
 .bss.hdma_usart1_tx
                0x2000080c       0x60 CMakeFiles/Vol0.elf.dir/Core/Src/main.c.obj
                0x2000080c                hdma_usart1_tx
 .bss.hdma_usart1_rx
                0x2000086c       0x60 CMakeFiles/Vol0.elf.dir/Core/Src/main.c.obj
                0x2000086c                hdma_usart1_rx
 .bss.huart3    0x200008cc       0x48 CMakeFiles/Vol0.elf.dir/Core/Src/main.c.obj
                0x200008cc                huart3
 .bss.huart2    0x20000914       0x48 CMakeFiles/Vol0.elf.dir/Core/Src/main.c.obj
                0x20000914                huart2
 .bss.huart1    0x2000095c       0x48 CMakeFiles/Vol0.elf.dir/Core/Src/main.c.obj
                0x2000095c                huart1
 .bss.htim5     0x200009a4       0x48 CMakeFiles/Vol0.elf.dir/Core/Src/main.c.obj
                0x200009a4                htim5
 .bss.htim2     0x200009ec       0x48 CMakeFiles/Vol0.elf.dir/Core/Src/main.c.obj
                0x200009ec                htim2
 .bss.__sbrk_heap_end
                0x20000a34        0x4 CMakeFiles/Vol0.elf.dir/Core/Src/sysmem.c.obj
 .bss.uwTick    0x20000a38        0x4 CMakeFiles/Vol0.elf.dir/Drivers/STM32F4xx_HAL_Driver/Src/stm32f4xx_hal.c.obj
                0x20000a38                uwTick
 .bss.__sf      0x20000a3c      0x138 C:/environ/arm-gnu-toolchain/arm-gnu-toolchain-13.3.rel1-mingw-w64-i686-arm-none-eabi/bin/../lib/gcc/arm-none-eabi/13.3.1/thumb/v7e-m/nofp\libg.a(libc_a-findfp.o)
                0x20000a3c                __sf
 .bss.__stdio_exit_handler
                0x20000b74        0x4 C:/environ/arm-gnu-toolchain/arm-gnu-toolchain-13.3.rel1-mingw-w64-i686-arm-none-eabi/bin/../lib/gcc/arm-none-eabi/13.3.1/thumb/v7e-m/nofp\libg.a(libc_a-findfp.o)
                0x20000b74                __stdio_exit_handler
 .bss.errno     0x20000b78        0x4 C:/environ/arm-gnu-toolchain/arm-gnu-toolchain-13.3.rel1-mingw-w64-i686-arm-none-eabi/bin/../lib/gcc/arm-none-eabi/13.3.1/thumb/v7e-m/nofp\libg.a(libc_a-reent.o)
                0x20000b78                errno
 .bss.__lock___malloc_recursive_mutex
                0x20000b7c        0x1 C:/environ/arm-gnu-toolchain/arm-gnu-toolchain-13.3.rel1-mingw-w64-i686-arm-none-eabi/bin/../lib/gcc/arm-none-eabi/13.3.1/thumb/v7e-m/nofp\libg.a(libc_a-lock.o)
                0x20000b7c                __lock___malloc_recursive_mutex
 *fill*         0x20000b7d        0x3 
 .bss.__lock___atexit_recursive_mutex
                0x20000b80        0x1 C:/environ/arm-gnu-toolchain/arm-gnu-toolchain-13.3.rel1-mingw-w64-i686-arm-none-eabi/bin/../lib/gcc/arm-none-eabi/13.3.1/thumb/v7e-m/nofp\libg.a(libc_a-lock.o)
                0x20000b80                __lock___atexit_recursive_mutex
 *fill*         0x20000b81        0x3 
 .bss.__lock___sfp_recursive_mutex
                0x20000b84        0x1 C:/environ/arm-gnu-toolchain/arm-gnu-toolchain-13.3.rel1-mingw-w64-i686-arm-none-eabi/bin/../lib/gcc/arm-none-eabi/13.3.1/thumb/v7e-m/nofp\libg.a(libc_a-lock.o)
                0x20000b84                __lock___sfp_recursive_mutex
 *fill*         0x20000b85        0x3 
 .bss.__atexit  0x20000b88        0x4 C:/environ/arm-gnu-toolchain/arm-gnu-toolchain-13.3.rel1-mingw-w64-i686-arm-none-eabi/bin/../lib/gcc/arm-none-eabi/13.3.1/thumb/v7e-m/nofp\libg.a(libc_a-__call_atexit.o)
                0x20000b88                __atexit
 .bss.__malloc_current_mallinfo
                0x20000b8c       0x28 C:/environ/arm-gnu-toolchain/arm-gnu-toolchain-13.3.rel1-mingw-w64-i686-arm-none-eabi/bin/../lib/gcc/arm-none-eabi/13.3.1/thumb/v7e-m/nofp\libg.a(libc_a-mallocr.o)
                0x20000b8c                __malloc_current_mallinfo
 .bss.__malloc_max_total_mem
                0x20000bb4        0x4 C:/environ/arm-gnu-toolchain/arm-gnu-toolchain-13.3.rel1-mingw-w64-i686-arm-none-eabi/bin/../lib/gcc/arm-none-eabi/13.3.1/thumb/v7e-m/nofp\libg.a(libc_a-mallocr.o)
                0x20000bb4                __malloc_max_total_mem
 .bss.__malloc_max_sbrked_mem
                0x20000bb8        0x4 C:/environ/arm-gnu-toolchain/arm-gnu-toolchain-13.3.rel1-mingw-w64-i686-arm-none-eabi/bin/../lib/gcc/arm-none-eabi/13.3.1/thumb/v7e-m/nofp\libg.a(libc_a-mallocr.o)
                0x20000bb8                __malloc_max_sbrked_mem
 .bss.__malloc_top_pad
                0x20000bbc        0x4 C:/environ/arm-gnu-toolchain/arm-gnu-toolchain-13.3.rel1-mingw-w64-i686-arm-none-eabi/bin/../lib/gcc/arm-none-eabi/13.3.1/thumb/v7e-m/nofp\libg.a(libc_a-mallocr.o)
                0x20000bbc                __malloc_top_pad
 .bss.__atexit0
                0x20000bc0      0x190 C:/environ/arm-gnu-toolchain/arm-gnu-toolchain-13.3.rel1-mingw-w64-i686-arm-none-eabi/bin/../lib/gcc/arm-none-eabi/13.3.1/thumb/v7e-m/nofp\libg.a(libc_a-__atexit.o)
                0x20000bc0                __atexit0
 *(COMMON)
                0x20000d50                        . = ALIGN (0x4)
                0x20000d50                        _ebss = .
                0x20000d50                        __bss_end__ = _ebss

._user_heap_stack
                0x20000d50      0x600
                0x20000d50                        . = ALIGN (0x8)
                [!provide]                        PROVIDE (end = .)
                0x20000d50                        PROVIDE (_end = .)
                0x20000f50                        . = (. + _Min_Heap_Size)
 *fill*         0x20000d50      0x200 
                0x20001350                        . = (. + _Min_Stack_Size)
 *fill*         0x20000f50      0x400 
                0x20001350                        . = ALIGN (0x8)

/DISCARD/
 libc.a(*)
 libm.a(*)
 libgcc.a(*)

.ARM.attributes
                0x00000000       0x2a
 *(.ARM.attributes)
 .ARM.attributes
                0x00000000       0x1e C:/environ/arm-gnu-toolchain/arm-gnu-toolchain-13.3.rel1-mingw-w64-i686-arm-none-eabi/bin/../lib/gcc/arm-none-eabi/13.3.1/thumb/v7e-m/nofp/crti.o
 .ARM.attributes
                0x0000001e       0x2e C:/environ/arm-gnu-toolchain/arm-gnu-toolchain-13.3.rel1-mingw-w64-i686-arm-none-eabi/bin/../lib/gcc/arm-none-eabi/13.3.1/thumb/v7e-m/nofp/crtbegin.o
 .ARM.attributes
                0x0000004c       0x2e CMakeFiles/Vol0.elf.dir/Core/Src/main.c.obj
 .ARM.attributes
                0x0000007a       0x2e CMakeFiles/Vol0.elf.dir/Core/Src/stm32f4xx_hal_msp.c.obj
 .ARM.attributes
                0x000000a8       0x2e CMakeFiles/Vol0.elf.dir/Core/Src/stm32f4xx_it.c.obj
 .ARM.attributes
                0x000000d6       0x2e CMakeFiles/Vol0.elf.dir/Core/Src/syscalls.c.obj
 .ARM.attributes
                0x00000104       0x2e CMakeFiles/Vol0.elf.dir/Core/Src/sysmem.c.obj
 .ARM.attributes
                0x00000132       0x2e CMakeFiles/Vol0.elf.dir/Core/Src/system_stm32f4xx.c.obj
 .ARM.attributes
                0x00000160       0x21 CMakeFiles/Vol0.elf.dir/Core/Startup/startup_stm32f407vgtx.s.obj
 .ARM.attributes
                0x00000181       0x2e CMakeFiles/Vol0.elf.dir/Drivers/STM32F4xx_HAL_Driver/Src/stm32f4xx_hal.c.obj
 .ARM.attributes
                0x000001af       0x2e CMakeFiles/Vol0.elf.dir/Drivers/STM32F4xx_HAL_Driver/Src/stm32f4xx_hal_cortex.c.obj
 .ARM.attributes
                0x000001dd       0x2e CMakeFiles/Vol0.elf.dir/Drivers/STM32F4xx_HAL_Driver/Src/stm32f4xx_hal_dma.c.obj
 .ARM.attributes
                0x0000020b       0x2e CMakeFiles/Vol0.elf.dir/Drivers/STM32F4xx_HAL_Driver/Src/stm32f4xx_hal_gpio.c.obj
 .ARM.attributes
                0x00000239       0x2e CMakeFiles/Vol0.elf.dir/Drivers/STM32F4xx_HAL_Driver/Src/stm32f4xx_hal_rcc.c.obj
 .ARM.attributes
                0x00000267       0x2e CMakeFiles/Vol0.elf.dir/Drivers/STM32F4xx_HAL_Driver/Src/stm32f4xx_hal_tim.c.obj
 .ARM.attributes
                0x00000295       0x2e CMakeFiles/Vol0.elf.dir/Drivers/STM32F4xx_HAL_Driver/Src/stm32f4xx_hal_tim_ex.c.obj
 .ARM.attributes
                0x000002c3       0x2e CMakeFiles/Vol0.elf.dir/Drivers/STM32F4xx_HAL_Driver/Src/stm32f4xx_hal_uart.c.obj
 .ARM.attributes
                0x000002f1       0x1e C:/environ/arm-gnu-toolchain/arm-gnu-toolchain-13.3.rel1-mingw-w64-i686-arm-none-eabi/bin/../lib/gcc/arm-none-eabi/13.3.1/thumb/v7e-m/nofp\libgcc.a(_aeabi_uldivmod.o)
 .ARM.attributes
                0x0000030f       0x2e C:/environ/arm-gnu-toolchain/arm-gnu-toolchain-13.3.rel1-mingw-w64-i686-arm-none-eabi/bin/../lib/gcc/arm-none-eabi/13.3.1/thumb/v7e-m/nofp\libgcc.a(_udivmoddi4.o)
 .ARM.attributes
                0x0000033d       0x1e C:/environ/arm-gnu-toolchain/arm-gnu-toolchain-13.3.rel1-mingw-w64-i686-arm-none-eabi/bin/../lib/gcc/arm-none-eabi/13.3.1/thumb/v7e-m/nofp\libgcc.a(_dvmd_tls.o)
 .ARM.attributes
                0x0000035b       0x2e C:/environ/arm-gnu-toolchain/arm-gnu-toolchain-13.3.rel1-mingw-w64-i686-arm-none-eabi/bin/../lib/gcc/arm-none-eabi/13.3.1/thumb/v7e-m/nofp\libg.a(libc_a-findfp.o)
 .ARM.attributes
                0x00000389       0x2e C:/environ/arm-gnu-toolchain/arm-gnu-toolchain-13.3.rel1-mingw-w64-i686-arm-none-eabi/bin/../lib/gcc/arm-none-eabi/13.3.1/thumb/v7e-m/nofp\libg.a(libc_a-fwalk.o)
 .ARM.attributes
                0x000003b7       0x2e C:/environ/arm-gnu-toolchain/arm-gnu-toolchain-13.3.rel1-mingw-w64-i686-arm-none-eabi/bin/../lib/gcc/arm-none-eabi/13.3.1/thumb/v7e-m/nofp\libg.a(libc_a-printf.o)
 .ARM.attributes
                0x000003e5       0x2e C:/environ/arm-gnu-toolchain/arm-gnu-toolchain-13.3.rel1-mingw-w64-i686-arm-none-eabi/bin/../lib/gcc/arm-none-eabi/13.3.1/thumb/v7e-m/nofp\libg.a(libc_a-puts.o)
 .ARM.attributes
                0x00000413       0x2e C:/environ/arm-gnu-toolchain/arm-gnu-toolchain-13.3.rel1-mingw-w64-i686-arm-none-eabi/bin/../lib/gcc/arm-none-eabi/13.3.1/thumb/v7e-m/nofp\libg.a(libc_a-stdio.o)
 .ARM.attributes
                0x00000441       0x2e C:/environ/arm-gnu-toolchain/arm-gnu-toolchain-13.3.rel1-mingw-w64-i686-arm-none-eabi/bin/../lib/gcc/arm-none-eabi/13.3.1/thumb/v7e-m/nofp\libg.a(libc_a-memset.o)
 .ARM.attributes
                0x0000046f       0x2e C:/environ/arm-gnu-toolchain/arm-gnu-toolchain-13.3.rel1-mingw-w64-i686-arm-none-eabi/bin/../lib/gcc/arm-none-eabi/13.3.1/thumb/v7e-m/nofp\libg.a(libc_a-closer.o)
 .ARM.attributes
                0x0000049d       0x2e C:/environ/arm-gnu-toolchain/arm-gnu-toolchain-13.3.rel1-mingw-w64-i686-arm-none-eabi/bin/../lib/gcc/arm-none-eabi/13.3.1/thumb/v7e-m/nofp\libg.a(libc_a-reent.o)
 .ARM.attributes
                0x000004cb       0x2e C:/environ/arm-gnu-toolchain/arm-gnu-toolchain-13.3.rel1-mingw-w64-i686-arm-none-eabi/bin/../lib/gcc/arm-none-eabi/13.3.1/thumb/v7e-m/nofp\libg.a(libc_a-impure.o)
 .ARM.attributes
                0x000004f9       0x2e C:/environ/arm-gnu-toolchain/arm-gnu-toolchain-13.3.rel1-mingw-w64-i686-arm-none-eabi/bin/../lib/gcc/arm-none-eabi/13.3.1/thumb/v7e-m/nofp\libg.a(libc_a-lseekr.o)
 .ARM.attributes
                0x00000527       0x2e C:/environ/arm-gnu-toolchain/arm-gnu-toolchain-13.3.rel1-mingw-w64-i686-arm-none-eabi/bin/../lib/gcc/arm-none-eabi/13.3.1/thumb/v7e-m/nofp\libg.a(libc_a-readr.o)
 .ARM.attributes
                0x00000555       0x2e C:/environ/arm-gnu-toolchain/arm-gnu-toolchain-13.3.rel1-mingw-w64-i686-arm-none-eabi/bin/../lib/gcc/arm-none-eabi/13.3.1/thumb/v7e-m/nofp\libg.a(libc_a-writer.o)
 .ARM.attributes
                0x00000583       0x2e C:/environ/arm-gnu-toolchain/arm-gnu-toolchain-13.3.rel1-mingw-w64-i686-arm-none-eabi/bin/../lib/gcc/arm-none-eabi/13.3.1/thumb/v7e-m/nofp\libg.a(libc_a-errno.o)
 .ARM.attributes
                0x000005b1       0x2e C:/environ/arm-gnu-toolchain/arm-gnu-toolchain-13.3.rel1-mingw-w64-i686-arm-none-eabi/bin/../lib/gcc/arm-none-eabi/13.3.1/thumb/v7e-m/nofp\libg.a(libc_a-init.o)
 .ARM.attributes
                0x000005df       0x2e C:/environ/arm-gnu-toolchain/arm-gnu-toolchain-13.3.rel1-mingw-w64-i686-arm-none-eabi/bin/../lib/gcc/arm-none-eabi/13.3.1/thumb/v7e-m/nofp\libg.a(libc_a-lock.o)
 .ARM.attributes
                0x0000060d       0x1c C:/environ/arm-gnu-toolchain/arm-gnu-toolchain-13.3.rel1-mingw-w64-i686-arm-none-eabi/bin/../lib/gcc/arm-none-eabi/13.3.1/thumb/v7e-m/nofp\libg.a(libc_a-strlen.o)
 .ARM.attributes
                0x00000629       0x2e C:/environ/arm-gnu-toolchain/arm-gnu-toolchain-13.3.rel1-mingw-w64-i686-arm-none-eabi/bin/../lib/gcc/arm-none-eabi/13.3.1/thumb/v7e-m/nofp\libg.a(libc_a-__call_atexit.o)
 .ARM.attributes
                0x00000657       0x2e C:/environ/arm-gnu-toolchain/arm-gnu-toolchain-13.3.rel1-mingw-w64-i686-arm-none-eabi/bin/../lib/gcc/arm-none-eabi/13.3.1/thumb/v7e-m/nofp\libg.a(libc_a-atexit.o)
 .ARM.attributes
                0x00000685       0x2e C:/environ/arm-gnu-toolchain/arm-gnu-toolchain-13.3.rel1-mingw-w64-i686-arm-none-eabi/bin/../lib/gcc/arm-none-eabi/13.3.1/thumb/v7e-m/nofp\libg.a(libc_a-freer.o)
 .ARM.attributes
                0x000006b3       0x2e C:/environ/arm-gnu-toolchain/arm-gnu-toolchain-13.3.rel1-mingw-w64-i686-arm-none-eabi/bin/../lib/gcc/arm-none-eabi/13.3.1/thumb/v7e-m/nofp\libg.a(libc_a-mallocr.o)
 .ARM.attributes
                0x000006e1       0x2e C:/environ/arm-gnu-toolchain/arm-gnu-toolchain-13.3.rel1-mingw-w64-i686-arm-none-eabi/bin/../lib/gcc/arm-none-eabi/13.3.1/thumb/v7e-m/nofp\libg.a(libc_a-mlock.o)
 .ARM.attributes
                0x0000070f       0x2e C:/environ/arm-gnu-toolchain/arm-gnu-toolchain-13.3.rel1-mingw-w64-i686-arm-none-eabi/bin/../lib/gcc/arm-none-eabi/13.3.1/thumb/v7e-m/nofp\libg.a(libc_a-vfprintf.o)
 .ARM.attributes
                0x0000073d       0x2e C:/environ/arm-gnu-toolchain/arm-gnu-toolchain-13.3.rel1-mingw-w64-i686-arm-none-eabi/bin/../lib/gcc/arm-none-eabi/13.3.1/thumb/v7e-m/nofp\libg.a(libc_a-sprint_r.o)
 .ARM.attributes
                0x0000076b       0x2e C:/environ/arm-gnu-toolchain/arm-gnu-toolchain-13.3.rel1-mingw-w64-i686-arm-none-eabi/bin/../lib/gcc/arm-none-eabi/13.3.1/thumb/v7e-m/nofp\libg.a(libc_a-fclose.o)
 .ARM.attributes
                0x00000799       0x2e C:/environ/arm-gnu-toolchain/arm-gnu-toolchain-13.3.rel1-mingw-w64-i686-arm-none-eabi/bin/../lib/gcc/arm-none-eabi/13.3.1/thumb/v7e-m/nofp\libg.a(libc_a-fflush.o)
 .ARM.attributes
                0x000007c7       0x2e C:/environ/arm-gnu-toolchain/arm-gnu-toolchain-13.3.rel1-mingw-w64-i686-arm-none-eabi/bin/../lib/gcc/arm-none-eabi/13.3.1/thumb/v7e-m/nofp\libg.a(libc_a-fvwrite.o)
 .ARM.attributes
                0x000007f5       0x2e C:/environ/arm-gnu-toolchain/arm-gnu-toolchain-13.3.rel1-mingw-w64-i686-arm-none-eabi/bin/../lib/gcc/arm-none-eabi/13.3.1/thumb/v7e-m/nofp\libg.a(libc_a-wsetup.o)
 .ARM.attributes
                0x00000823       0x2e C:/environ/arm-gnu-toolchain/arm-gnu-toolchain-13.3.rel1-mingw-w64-i686-arm-none-eabi/bin/../lib/gcc/arm-none-eabi/13.3.1/thumb/v7e-m/nofp\libg.a(libc_a-memmove.o)
 .ARM.attributes
                0x00000851       0x2e C:/environ/arm-gnu-toolchain/arm-gnu-toolchain-13.3.rel1-mingw-w64-i686-arm-none-eabi/bin/../lib/gcc/arm-none-eabi/13.3.1/thumb/v7e-m/nofp\libg.a(libc_a-strncpy.o)
 .ARM.attributes
                0x0000087f       0x2e C:/environ/arm-gnu-toolchain/arm-gnu-toolchain-13.3.rel1-mingw-w64-i686-arm-none-eabi/bin/../lib/gcc/arm-none-eabi/13.3.1/thumb/v7e-m/nofp\libg.a(libc_a-locale.o)
 .ARM.attributes
                0x000008ad       0x2e C:/environ/arm-gnu-toolchain/arm-gnu-toolchain-13.3.rel1-mingw-w64-i686-arm-none-eabi/bin/../lib/gcc/arm-none-eabi/13.3.1/thumb/v7e-m/nofp\libg.a(libc_a-localeconv.o)
 .ARM.attributes
                0x000008db       0x2e C:/environ/arm-gnu-toolchain/arm-gnu-toolchain-13.3.rel1-mingw-w64-i686-arm-none-eabi/bin/../lib/gcc/arm-none-eabi/13.3.1/thumb/v7e-m/nofp\libg.a(libc_a-sbrkr.o)
 .ARM.attributes
                0x00000909       0x2e C:/environ/arm-gnu-toolchain/arm-gnu-toolchain-13.3.rel1-mingw-w64-i686-arm-none-eabi/bin/../lib/gcc/arm-none-eabi/13.3.1/thumb/v7e-m/nofp\libg.a(libc_a-fini.o)
 .ARM.attributes
                0x00000937       0x2e C:/environ/arm-gnu-toolchain/arm-gnu-toolchain-13.3.rel1-mingw-w64-i686-arm-none-eabi/bin/../lib/gcc/arm-none-eabi/13.3.1/thumb/v7e-m/nofp\libg.a(libc_a-sysconf.o)
 .ARM.attributes
                0x00000965       0x1c C:/environ/arm-gnu-toolchain/arm-gnu-toolchain-13.3.rel1-mingw-w64-i686-arm-none-eabi/bin/../lib/gcc/arm-none-eabi/13.3.1/thumb/v7e-m/nofp\libg.a(libc_a-memchr.o)
 .ARM.attributes
                0x00000981       0x1c C:/environ/arm-gnu-toolchain/arm-gnu-toolchain-13.3.rel1-mingw-w64-i686-arm-none-eabi/bin/../lib/gcc/arm-none-eabi/13.3.1/thumb/v7e-m/nofp\libg.a(libc_a-memcpy.o)
 .ARM.attributes
                0x0000099d       0x2e C:/environ/arm-gnu-toolchain/arm-gnu-toolchain-13.3.rel1-mingw-w64-i686-arm-none-eabi/bin/../lib/gcc/arm-none-eabi/13.3.1/thumb/v7e-m/nofp\libg.a(libm_a-s_frexp.o)
 .ARM.attributes
                0x000009cb       0x2e C:/environ/arm-gnu-toolchain/arm-gnu-toolchain-13.3.rel1-mingw-w64-i686-arm-none-eabi/bin/../lib/gcc/arm-none-eabi/13.3.1/thumb/v7e-m/nofp\libg.a(libc_a-__atexit.o)
 .ARM.attributes
                0x000009f9       0x2e C:/environ/arm-gnu-toolchain/arm-gnu-toolchain-13.3.rel1-mingw-w64-i686-arm-none-eabi/bin/../lib/gcc/arm-none-eabi/13.3.1/thumb/v7e-m/nofp\libg.a(libc_a-dtoa.o)
 .ARM.attributes
                0x00000a27       0x2e C:/environ/arm-gnu-toolchain/arm-gnu-toolchain-13.3.rel1-mingw-w64-i686-arm-none-eabi/bin/../lib/gcc/arm-none-eabi/13.3.1/thumb/v7e-m/nofp\libg.a(libc_a-mbtowc_r.o)
 .ARM.attributes
                0x00000a55       0x2e C:/environ/arm-gnu-toolchain/arm-gnu-toolchain-13.3.rel1-mingw-w64-i686-arm-none-eabi/bin/../lib/gcc/arm-none-eabi/13.3.1/thumb/v7e-m/nofp\libg.a(libc_a-mprec.o)
 .ARM.attributes
                0x00000a83       0x2e C:/environ/arm-gnu-toolchain/arm-gnu-toolchain-13.3.rel1-mingw-w64-i686-arm-none-eabi/bin/../lib/gcc/arm-none-eabi/13.3.1/thumb/v7e-m/nofp\libg.a(libc_a-reallocr.o)
 .ARM.attributes
                0x00000ab1       0x2e C:/environ/arm-gnu-toolchain/arm-gnu-toolchain-13.3.rel1-mingw-w64-i686-arm-none-eabi/bin/../lib/gcc/arm-none-eabi/13.3.1/thumb/v7e-m/nofp\libg.a(libc_a-wctomb_r.o)
 .ARM.attributes
                0x00000adf       0x2e C:/environ/arm-gnu-toolchain/arm-gnu-toolchain-13.3.rel1-mingw-w64-i686-arm-none-eabi/bin/../lib/gcc/arm-none-eabi/13.3.1/thumb/v7e-m/nofp\libg.a(libc_a-wcrtomb.o)
 .ARM.attributes
                0x00000b0d       0x2e C:/environ/arm-gnu-toolchain/arm-gnu-toolchain-13.3.rel1-mingw-w64-i686-arm-none-eabi/bin/../lib/gcc/arm-none-eabi/13.3.1/thumb/v7e-m/nofp\libg.a(libc_a-wcsrtombs.o)
 .ARM.attributes
                0x00000b3b       0x2e C:/environ/arm-gnu-toolchain/arm-gnu-toolchain-13.3.rel1-mingw-w64-i686-arm-none-eabi/bin/../lib/gcc/arm-none-eabi/13.3.1/thumb/v7e-m/nofp\libg.a(libc_a-ctype_.o)
 .ARM.attributes
                0x00000b69       0x2e C:/environ/arm-gnu-toolchain/arm-gnu-toolchain-13.3.rel1-mingw-w64-i686-arm-none-eabi/bin/../lib/gcc/arm-none-eabi/13.3.1/thumb/v7e-m/nofp\libg.a(libc_a-makebuf.o)
 .ARM.attributes
                0x00000b97       0x2e C:/environ/arm-gnu-toolchain/arm-gnu-toolchain-13.3.rel1-mingw-w64-i686-arm-none-eabi/bin/../lib/gcc/arm-none-eabi/13.3.1/thumb/v7e-m/nofp\libg.a(libc_a-fstatr.o)
 .ARM.attributes
                0x00000bc5       0x2e C:/environ/arm-gnu-toolchain/arm-gnu-toolchain-13.3.rel1-mingw-w64-i686-arm-none-eabi/bin/../lib/gcc/arm-none-eabi/13.3.1/thumb/v7e-m/nofp\libg.a(libc_a-isattyr.o)
 .ARM.attributes
                0x00000bf3       0x2e C:/environ/arm-gnu-toolchain/arm-gnu-toolchain-13.3.rel1-mingw-w64-i686-arm-none-eabi/bin/../lib/gcc/arm-none-eabi/13.3.1/thumb/v7e-m/nofp\libg.a(libc_a-assert.o)
 .ARM.attributes