Archive member included to satisfy reference by file (symbol)

C:/environ/arm-gnu-toolchain/arm-gnu-toolchain-13.3.rel1-mingw-w64-i686-arm-none-eabi/bin/../lib/gcc/arm-none-eabi/13.3.1/thumb/v7e-m/nofp\libgcc.a(_arm_mulsf3.o)
                              CMakeFiles/CAN0.elf.dir/Core/Src/motor_pid.c.obj (__aeabi_fmul)
C:/environ/arm-gnu-toolchain/arm-gnu-toolchain-13.3.rel1-mingw-w64-i686-arm-none-eabi/bin/../lib/gcc/arm-none-eabi/13.3.1/thumb/v7e-m/nofp\libgcc.a(_arm_addsubdf3.o)
                              CMakeFiles/CAN0.elf.dir/Core/Src/main.c.obj (__aeabi_f2d)
C:/environ/arm-gnu-toolchain/arm-gnu-toolchain-13.3.rel1-mingw-w64-i686-arm-none-eabi/bin/../lib/gcc/arm-none-eabi/13.3.1/thumb/v7e-m/nofp\libgcc.a(_arm_addsubsf3.o)
                              CMakeFiles/CAN0.elf.dir/Core/Src/motor_pid.c.obj (__aeabi_fsub)
C:/environ/arm-gnu-toolchain/arm-gnu-toolchain-13.3.rel1-mingw-w64-i686-arm-none-eabi/bin/../lib/gcc/arm-none-eabi/13.3.1/thumb/v7e-m/nofp\libgcc.a(_arm_muldivsf3.o)
                              CMakeFiles/CAN0.elf.dir/Core/Src/motor_pid.c.obj (__aeabi_fdiv)
C:/environ/arm-gnu-toolchain/arm-gnu-toolchain-13.3.rel1-mingw-w64-i686-arm-none-eabi/bin/../lib/gcc/arm-none-eabi/13.3.1/thumb/v7e-m/nofp\libgcc.a(_arm_cmpsf2.o)
                              CMakeFiles/CAN0.elf.dir/Core/Src/motor_pid.c.obj (__aeabi_fcmpeq)
C:/environ/arm-gnu-toolchain/arm-gnu-toolchain-13.3.rel1-mingw-w64-i686-arm-none-eabi/bin/../lib/gcc/arm-none-eabi/13.3.1/thumb/v7e-m/nofp\libgcc.a(_arm_fixsfsi.o)
                              CMakeFiles/CAN0.elf.dir/Core/Src/main.c.obj (__aeabi_f2iz)
C:/environ/arm-gnu-toolchain/arm-gnu-toolchain-13.3.rel1-mingw-w64-i686-arm-none-eabi/bin/../lib/gcc/arm-none-eabi/13.3.1/thumb/v7e-m/nofp\libgcc.a(_aeabi_uldivmod.o)
                              CMakeFiles/CAN0.elf.dir/Drivers/STM32F4xx_HAL_Driver/Src/stm32f4xx_hal_rcc.c.obj (__aeabi_uldivmod)
C:/environ/arm-gnu-toolchain/arm-gnu-toolchain-13.3.rel1-mingw-w64-i686-arm-none-eabi/bin/../lib/gcc/arm-none-eabi/13.3.1/thumb/v7e-m/nofp\libgcc.a(_udivmoddi4.o)
                              C:/environ/arm-gnu-toolchain/arm-gnu-toolchain-13.3.rel1-mingw-w64-i686-arm-none-eabi/bin/../lib/gcc/arm-none-eabi/13.3.1/thumb/v7e-m/nofp\libgcc.a(_aeabi_uldivmod.o) (__udivmoddi4)
C:/environ/arm-gnu-toolchain/arm-gnu-toolchain-13.3.rel1-mingw-w64-i686-arm-none-eabi/bin/../lib/gcc/arm-none-eabi/13.3.1/thumb/v7e-m/nofp\libgcc.a(_dvmd_tls.o)
                              C:/environ/arm-gnu-toolchain/arm-gnu-toolchain-13.3.rel1-mingw-w64-i686-arm-none-eabi/bin/../lib/gcc/arm-none-eabi/13.3.1/thumb/v7e-m/nofp\libgcc.a(_aeabi_uldivmod.o) (__aeabi_ldiv0)
C:/environ/arm-gnu-toolchain/arm-gnu-toolchain-13.3.rel1-mingw-w64-i686-arm-none-eabi/bin/../lib/gcc/arm-none-eabi/13.3.1/thumb/v7e-m/nofp\libg.a(libc_a-exit.o)
                              C:/environ/arm-gnu-toolchain/arm-gnu-toolchain-13.3.rel1-mingw-w64-i686-arm-none-eabi/bin/../lib/gcc/arm-none-eabi/13.3.1/thumb/v7e-m/nofp/crt0.o (exit)
C:/environ/arm-gnu-toolchain/arm-gnu-toolchain-13.3.rel1-mingw-w64-i686-arm-none-eabi/bin/../lib/gcc/arm-none-eabi/13.3.1/thumb/v7e-m/nofp\libg.a(libc_a-findfp.o)
                              C:/environ/arm-gnu-toolchain/arm-gnu-toolchain-13.3.rel1-mingw-w64-i686-arm-none-eabi/bin/../lib/gcc/arm-none-eabi/13.3.1/thumb/v7e-m/nofp\libg.a(libc_a-exit.o) (__stdio_exit_handler)
C:/environ/arm-gnu-toolchain/arm-gnu-toolchain-13.3.rel1-mingw-w64-i686-arm-none-eabi/bin/../lib/gcc/arm-none-eabi/13.3.1/thumb/v7e-m/nofp\libg.a(libc_a-fwalk.o)
                              C:/environ/arm-gnu-toolchain/arm-gnu-toolchain-13.3.rel1-mingw-w64-i686-arm-none-eabi/bin/../lib/gcc/arm-none-eabi/13.3.1/thumb/v7e-m/nofp\libg.a(libc_a-findfp.o) (_fwalk_sglue)
C:/environ/arm-gnu-toolchain/arm-gnu-toolchain-13.3.rel1-mingw-w64-i686-arm-none-eabi/bin/../lib/gcc/arm-none-eabi/13.3.1/thumb/v7e-m/nofp\libg.a(libc_a-printf.o)
                              CMakeFiles/CAN0.elf.dir/Core/Src/main.c.obj (printf)
C:/environ/arm-gnu-toolchain/arm-gnu-toolchain-13.3.rel1-mingw-w64-i686-arm-none-eabi/bin/../lib/gcc/arm-none-eabi/13.3.1/thumb/v7e-m/nofp\libg.a(libc_a-puts.o)
                              CMakeFiles/CAN0.elf.dir/Core/Src/main.c.obj (puts)
C:/environ/arm-gnu-toolchain/arm-gnu-toolchain-13.3.rel1-mingw-w64-i686-arm-none-eabi/bin/../lib/gcc/arm-none-eabi/13.3.1/thumb/v7e-m/nofp\libg.a(libc_a-stdio.o)
                              C:/environ/arm-gnu-toolchain/arm-gnu-toolchain-13.3.rel1-mingw-w64-i686-arm-none-eabi/bin/../lib/gcc/arm-none-eabi/13.3.1/thumb/v7e-m/nofp\libg.a(libc_a-findfp.o) (__sread)
C:/environ/arm-gnu-toolchain/arm-gnu-toolchain-13.3.rel1-mingw-w64-i686-arm-none-eabi/bin/../lib/gcc/arm-none-eabi/13.3.1/thumb/v7e-m/nofp\libg.a(libc_a-memset.o)
                              C:/environ/arm-gnu-toolchain/arm-gnu-toolchain-13.3.rel1-mingw-w64-i686-arm-none-eabi/bin/../lib/gcc/arm-none-eabi/13.3.1/thumb/v7e-m/nofp/crt0.o (memset)
[...]
Memory Configuration

Name             Origin             Length             Attributes
CCMRAM           0x10000000         0x00010000         xrw
RAM              0x20000000         0x00020000         xrw
FLASH            0x08000000         0x00100000         xr
*default*        0x00000000         0xffffffff

Linker script and memory map

LOAD C:/environ/arm-gnu-toolchain/arm-gnu-toolchain-13.3.rel1-mingw-w64-i686-arm-none-eabi/bin/../lib/gcc/arm-none-eabi/13.3.1/thumb/v7e-m/nofp/crti.o
LOAD C:/environ/arm-gnu-toolchain/arm-gnu-toolchain-13.3.rel1-mingw-w64-i686-arm-none-eabi/bin/../lib/gcc/arm-none-eabi/13.3.1/thumb/v7e-m/nofp/crtbegin.o
LOAD C:/environ/arm-gnu-toolchain/arm-gnu-toolchain-13.3.rel1-mingw-w64-i686-arm-none-eabi/bin/../lib/gcc/arm-none-eabi/13.3.1/thumb/v7e-m/nofp/crt0.o
LOAD CMakeFiles/CAN0.elf.dir/Core/Src/can.c.obj
LOAD CMakeFiles/CAN0.elf.dir/Core/Src/dma.c.obj
LOAD CMakeFiles/CAN0.elf.dir/Core/Src/gpio.c.obj
LOAD CMakeFiles/CAN0.elf.dir/Core/Src/main.c.obj
LOAD CMakeFiles/CAN0.elf.dir/Core/Src/motor.c.obj
LOAD CMakeFiles/CAN0.elf.dir/Core/Src/motor_pid.c.obj
LOAD CMakeFiles/CAN0.elf.dir/Core/Src/pid.c.obj
LOAD CMakeFiles/CAN0.elf.dir/Core/Src/stm32f4xx_hal_msp.c.obj
LOAD CMakeFiles/CAN0.elf.dir/Core/Src/stm32f4xx_it.c.obj
LOAD CMakeFiles/CAN0.elf.dir/Core/Src/syscalls.c.obj
LOAD CMakeFiles/CAN0.elf.dir/Core/Src/sysmem.c.obj
LOAD CMakeFiles/CAN0.elf.dir/Core/Src/system_stm32f4xx.c.obj
LOAD CMakeFiles/CAN0.elf.dir/Core/Src/transmission.c.obj
LOAD CMakeFiles/CAN0.elf.dir/Core/Src/usart.c.obj
LOAD CMakeFiles/CAN0.elf.dir/Core/Startup/startup_stm32f407zgtx.s.obj
LOAD CMakeFiles/CAN0.elf.dir/Drivers/STM32F4xx_HAL_Driver/Src/stm32f4xx_hal.c.obj
LOAD CMakeFiles/CAN0.elf.dir/Drivers/STM32F4xx_HAL_Driver/Src/stm32f4xx_hal_can.c.obj
LOAD CMakeFiles/CAN0.elf.dir/Drivers/STM32F4xx_HAL_Driver/Src/stm32f4xx_hal_cortex.c.obj
LOAD CMakeFiles/CAN0.elf.dir/Drivers/STM32F4xx_HAL_Driver/Src/stm32f4xx_hal_dma.c.obj
LOAD CMakeFiles/CAN0.elf.dir/Drivers/STM32F4xx_HAL_Driver/Src/stm32f4xx_hal_dma_ex.c.obj
LOAD CMakeFiles/CAN0.elf.dir/Drivers/STM32F4xx_HAL_Driver/Src/stm32f4xx_hal_exti.c.obj
LOAD CMakeFiles/CAN0.elf.dir/Drivers/STM32F4xx_HAL_Driver/Src/stm32f4xx_hal_flash.c.obj
LOAD CMakeFiles/CAN0.elf.dir/Drivers/STM32F4xx_HAL_Driver/Src/stm32f4xx_hal_flash_ex.c.obj
LOAD CMakeFiles/CAN0.elf.dir/Drivers/STM32F4xx_HAL_Driver/Src/stm32f4xx_hal_flash_ramfunc.c.obj
LOAD CMakeFiles/CAN0.elf.dir/Drivers/STM32F4xx_HAL_Driver/Src/stm32f4xx_hal_gpio.c.obj
LOAD CMakeFiles/CAN0.elf.dir/Drivers/STM32F4xx_HAL_Driver/Src/stm32f4xx_hal_pwr.c.obj
LOAD CMakeFiles/CAN0.elf.dir/Drivers/STM32F4xx_HAL_Driver/Src/stm32f4xx_hal_pwr_ex.c.obj
LOAD CMakeFiles/CAN0.elf.dir/Drivers/STM32F4xx_HAL_Driver/Src/stm32f4xx_hal_rcc.c.obj
LOAD CMakeFiles/CAN0.elf.dir/Drivers/STM32F4xx_HAL_Driver/Src/stm32f4xx_hal_rcc_ex.c.obj
LOAD CMakeFiles/CAN0.elf.dir/Drivers/STM32F4xx_HAL_Driver/Src/stm32f4xx_hal_tim.c.obj
LOAD CMakeFiles/CAN0.elf.dir/Drivers/STM32F4xx_HAL_Driver/Src/stm32f4xx_hal_tim_ex.c.obj
LOAD CMakeFiles/CAN0.elf.dir/Drivers/STM32F4xx_HAL_Driver/Src/stm32f4xx_hal_uart.c.obj
START GROUP
LOAD C:/environ/arm-gnu-toolchain/arm-gnu-toolchain-13.3.rel1-mingw-w64-i686-arm-none-eabi/bin/../lib/gcc/arm-none-eabi/13.3.1/thumb/v7e-m/nofp\libgcc.a
LOAD C:/environ/arm-gnu-toolchain/arm-gnu-toolchain-13.3.rel1-mingw-w64-i686-arm-none-eabi/bin/../lib/gcc/arm-none-eabi/13.3.1/thumb/v7e-m/nofp\libg.a
LOAD C:/environ/arm-gnu-toolchain/arm-gnu-toolchain-13.3.rel1-mingw-w64-i686-arm-none-eabi/bin/../lib/gcc/arm-none-eabi/13.3.1/thumb/v7e-m/nofp\libc.a
END GROUP
LOAD C:/environ/arm-gnu-toolchain/arm-gnu-toolchain-13.3.rel1-mingw-w64-i686-arm-none-eabi/bin/../lib/gcc/arm-none-eabi/13.3.1/thumb/v7e-m/nofp/crtend.o
LOAD C:/environ/arm-gnu-toolchain/arm-gnu-toolchain-13.3.rel1-mingw-w64-i686-arm-none-eabi/bin/../lib/gcc/arm-none-eabi/13.3.1/thumb/v7e-m/nofp/crtn.o
                0x20020000                        _estack = (ORIGIN (RAM) + LENGTH (RAM))
                0x00000200                        _Min_Heap_Size = 0x200
                0x00000400                        _Min_Stack_Size = 0x400

.isr_vector     0x08000000      0x188
                0x08000000                        . = ALIGN (0x4)
 *(.isr_vector)
 .isr_vector    0x08000000      0x188 CMakeFiles/CAN0.elf.dir/Core/Startup/startup_stm32f407zgtx.s.obj
                0x08000000                g_pfnVectors
                0x08000188                        . = ALIGN (0x4)

.text           0x080001c0     0xa6fc
                0x080001c0                        . = ALIGN (0x4)
 *(.text)
 .text          0x080001c0      0x378 C:/environ/arm-gnu-toolchain/arm-gnu-toolchain-13.3.rel1-mingw-w64-i686-arm-none-eabi/bin/../lib/gcc/arm-none-eabi/13.3.1/thumb/v7e-m/nofp\libgcc.a(_arm_addsubdf3.o)
                0x080001c0                __aeabi_drsub
                0x080001c8                __aeabi_dsub
                0x080001c8                __subdf3
                0x080001cc                __aeabi_dadd
                0x080001cc                __adddf3
                0x08000444                __floatunsidf
                0x08000444                __aeabi_ui2d
                0x08000464                __floatsidf
                0x08000464                __aeabi_i2d
                0x08000488                __aeabi_f2d
                0x08000488                __extendsfdf2
                0x080004cc                __floatundidf
                0x080004cc                __aeabi_ul2d
                0x080004dc                __floatdidf
                0x080004dc                __aeabi_l2d
 .text          0x08000538      0x21c C:/environ/arm-gnu-toolchain/arm-gnu-toolchain-13.3.rel1-mingw-w64-i686-arm-none-eabi/bin/../lib/gcc/arm-none-eabi/13.3.1/thumb/v7e-m/nofp\libgcc.a(_arm_addsubsf3.o)
                0x08000538                __aeabi_frsub
                0x08000540                __subsf3
                0x08000540                __aeabi_fsub
                0x08000544                __aeabi_fadd
                0x08000544                __addsf3
                0x080006a4                __aeabi_ui2f
                0x080006a4                __floatunsisf
                0x080006ac                __aeabi_i2f
                0x080006ac                __floatsisf
                0x080006c8                __aeabi_ul2f
                0x080006c8                __floatundisf
                0x080006d8                __aeabi_l2f
                0x080006d8                __floatdisf
 .text          0x08000754      0x2a0 C:/environ/arm-gnu-toolchain/arm-gnu-toolchain-13.3.rel1-mingw-w64-i686-arm-none-eabi/bin/../lib/gcc/arm-none-eabi/13.3.1/thumb/v7e-m/nofp\libgcc.a(_arm_muldivsf3.o)
                0x08000754                __mulsf3
                0x08000754                __aeabi_fmul
                0x080008bc                __aeabi_fdiv
                0x080008bc                __divsf3
 .text          0x080009f4       0xec C:/environ/arm-gnu-toolchain/arm-gnu-toolchain-13.3.rel1-mingw-w64-i686-arm-none-eabi/bin/../lib/gcc/arm-none-eabi/13.3.1/thumb/v7e-m/nofp\libgcc.a(_arm_cmpsf2.o)
                0x080009f4                __gesf2
                0x080009f4                __gtsf2
                0x080009fc                __lesf2
                0x080009fc                __ltsf2
                0x08000a04                __nesf2
                0x08000a04                __eqsf2
                0x08000a04                __cmpsf2
                0x08000a64                __aeabi_cfrcmple
                0x08000a6c                __aeabi_cfcmpeq
                0x08000a6c                __aeabi_cfcmple
                0x08000a7c                __aeabi_fcmpeq
                0x08000a90                __aeabi_fcmplt
                0x08000aa4                __aeabi_fcmple
                0x08000ab8                __aeabi_fcmpge
                0x08000acc                __aeabi_fcmpgt
 .text          0x08000ae0       0x4c C:/environ/arm-gnu-toolchain/arm-gnu-toolchain-13.3.rel1-mingw-w64-i686-arm-none-eabi/bin/../lib/gcc/arm-none-eabi/13.3.1/thumb/v7e-m/nofp\libgcc.a(_arm_fixsfsi.o)
                0x08000ae0                __aeabi_f2iz
                0x08000ae0                __fixsfsi
 .text          0x08000b2c       0x30 C:/environ/arm-gnu-toolchain/arm-gnu-toolchain-13.3.rel1-mingw-w64-i686-arm-none-eabi/bin/../lib/gcc/arm-none-eabi/13.3.1/thumb/v7e-m/nofp\libgcc.a(_aeabi_uldivmod.o)
                0x08000b2c                __aeabi_uldivmod
 .text          0x08000b5c        0x4 C:/environ/arm-gnu-toolchain/arm-gnu-toolchain-13.3.rel1-mingw-w64-i686-arm-none-eabi/bin/../lib/gcc/arm-none-eabi/13.3.1/thumb/v7e-m/nofp\libgcc.a(_dvmd_tls.o)
                0x08000b5c                __aeabi_idiv0
                0x08000b5c                __aeabi_ldiv0
 *fill*         0x08000b60       0x20 
 .text          0x08000b80       0xd8 C:/environ/arm-gnu-toolchain/arm-gnu-toolchain-13.3.rel1-mingw-w64-i686-arm-none-eabi/bin/../lib/gcc/arm-none-eabi/13.3.1/thumb/v7e-m/nofp\libg.a(libc_a-strlen.o)
                0x08000b80                strlen
 *fill*         0x08000c58        0x8 
 .text          0x08000c60       0xa0 C:/environ/arm-gnu-toolchain/arm-gnu-toolchain-13.3.rel1-mingw-w64-i686-arm-none-eabi/bin/../lib/gcc/arm-none-eabi/13.3.1/thumb/v7e-m/nofp\libg.a(libc_a-memchr.o)
                0x08000c60                memchr
 .text          0x08000d00      0x134 C:/environ/arm-gnu-toolchain/arm-gnu-toolchain-13.3.rel1-mingw-w64-i686-arm-none-eabi/bin/../lib/gcc/arm-none-eabi/13.3.1/thumb/v7e-m/nofp\libg.a(libc_a-memcpy.o)
                0x08000d00                memcpy
 .text          0x08000e34      0x424 C:/environ/arm-gnu-toolchain/arm-gnu-toolchain-13.3.rel1-mingw-w64-i686-arm-none-eabi/bin/../lib/gcc/arm-none-eabi/13.3.1/thumb/v7e-m/nofp\libgcc.a(_arm_muldivdf3.o)
                0x08000e34                __aeabi_dmul
                0x08000e34                __muldf3
                0x08001088                __divdf3
                0x08001088                __aeabi_ddiv
 .text          0x08001258      0x110 C:/environ/arm-gnu-toolchain/arm-gnu-toolchain-13.3.rel1-mingw-w64-i686-arm-none-eabi/bin/../lib/gcc/arm-none-eabi/13.3.1/thumb/v7e-m/nofp\libgcc.a(_arm_cmpdf2.o)
                0x08001258                __gtdf2
                0x08001258                __gedf2
                0x08001260                __ltdf2
                0x08001260                __ledf2
                0x08001268                __nedf2
                0x08001268                __eqdf2
                0x08001268                __cmpdf2
                0x080012e4                __aeabi_cdrcmple
                0x080012f4                __aeabi_cdcmpeq
                0x080012f4                __aeabi_cdcmple
                0x08001304                __aeabi_dcmpeq
                0x08001318                __aeabi_dcmplt
                0x0800132c                __aeabi_dcmple
                0x08001340                __aeabi_dcmpge
                0x08001354                __aeabi_dcmpgt
 .text          0x08001368       0x2c C:/environ/arm-gnu-toolchain/arm-gnu-toolchain-13.3.rel1-mingw-w64-i686-arm-none-eabi/bin/../lib/gcc/arm-none-eabi/13.3.1/thumb/v7e-m/nofp\libgcc.a(_arm_unorddf2.o)
                0x08001368                __unorddf2
                0x08001368                __aeabi_dcmpun
 .text          0x08001394       0x50 C:/environ/arm-gnu-toolchain/arm-gnu-toolchain-13.3.rel1-mingw-w64-i686-arm-none-eabi/bin/../lib/gcc/arm-none-eabi/13.3.1/thumb/v7e-m/nofp\libgcc.a(_arm_fixdfsi.o)
                0x08001394                __aeabi_d2iz
                0x08001394                __fixdfsi
 *(.text*)
 .text.deregister_tm_clones
                0x080013e4       0x1c C:/environ/arm-gnu-toolchain/arm-gnu-toolchain-13.3.rel1-mingw-w64-i686-arm-none-eabi/bin/../lib/gcc/arm-none-eabi/13.3.1/thumb/v7e-m/nofp/crtbegin.o
 .text.register_tm_clones
                0x08001400       0x24 C:/environ/arm-gnu-toolchain/arm-gnu-toolchain-13.3.rel1-mingw-w64-i686-arm-none-eabi/bin/../lib/gcc/arm-none-eabi/13.3.1/thumb/v7e-m/nofp/crtbegin.o
 .text.__do_global_dtors_aux
                0x08001424       0x28 C:/environ/arm-gnu-toolchain/arm-gnu-toolchain-13.3.rel1-mingw-w64-i686-arm-none-eabi/bin/../lib/gcc/arm-none-eabi/13.3.1/thumb/v7e-m/nofp/crtbegin.o
 .text.frame_dummy
                0x0800144c       0x24 C:/environ/arm-gnu-toolchain/arm-gnu-toolchain-13.3.rel1-mingw-w64-i686-arm-none-eabi/bin/../lib/gcc/arm-none-eabi/13.3.1/thumb/v7e-m/nofp/crtbegin.o
 .text.MX_CAN1_Init
                0x08001470       0x8c CMakeFiles/CAN0.elf.dir/Core/Src/can.c.obj
                0x08001470                MX_CAN1_Init
 .text.HAL_CAN_RxFifo0MsgPendingCallback
                0x080014fc       0x9c CMakeFiles/CAN0.elf.dir/Core/Src/can.c.obj
                0x080014fc                HAL_CAN_RxFifo0MsgPendingCallback
 .text.my_can_filter_init_recv_all
                0x08001598       0x28 CMakeFiles/CAN0.elf.dir/Core/Src/can.c.obj
                0x08001598                my_can_filter_init_recv_all
 .text.MX_DMA_Init
                0x080015c0       0x44 CMakeFiles/CAN0.elf.dir/Core/Src/dma.c.obj
                0x080015c0                MX_DMA_Init
 .text.MX_GPIO_Init
                0x08001604       0x94 CMakeFiles/CAN0.elf.dir/Core/Src/gpio.c.obj
                0x08001604                MX_GPIO_Init
 .text.__io_putchar
                0x08001698       0x20 CMakeFiles/CAN0.elf.dir/Core/Src/main.c.obj
                0x08001698                __io_putchar
 .text.Error_Handler
                0x080016b8        0x4 CMakeFiles/CAN0.elf.dir/Core/Src/main.c.obj
                0x080016b8                Error_Handler
 .text.SystemClock_Config
                0x080016bc       0xa4 CMakeFiles/CAN0.elf.dir/Core/Src/main.c.obj
                0x080016bc                SystemClock_Config
 .text.main     0x08001760      0x498 CMakeFiles/CAN0.elf.dir/Core/Src/main.c.obj
                0x08001760                main
 .text.get_moto_offset
                0x08001bf8       0x14 CMakeFiles/CAN0.elf.dir/Core/Src/motor.c.obj
                0x08001bf8                get_moto_offset
 .text.get_total_angle
                0x08001c0c       0x3e CMakeFiles/CAN0.elf.dir/Core/Src/motor.c.obj
                0x08001c0c                get_total_angle
 *fill*         0x08001c4a        0x2 
 .text.get_moto_measure
                0x08001c4c       0x54 CMakeFiles/CAN0.elf.dir/Core/Src/motor.c.obj
                0x08001c4c                get_moto_measure
 .text.set_moto_current
                0x08001ca0       0x60 CMakeFiles/CAN0.elf.dir/Core/Src/motor.c.obj
                0x08001ca0                set_moto_current
 .text.pid_param_init
                0x08001d00       0x14 CMakeFiles/CAN0.elf.dir/Core/Src/motor_pid.c.obj
 .text.pid_reset
                0x08001d14        0x8 CMakeFiles/CAN0.elf.dir/Core/Src/motor_pid.c.obj
 .text.abs_limit
                0x08001d1c       0x22 CMakeFiles/CAN0.elf.dir/Core/Src/motor_pid.c.obj
                0x08001d1c                abs_limit
 .text.pid_calc
                0x08001d3e      0x188 CMakeFiles/CAN0.elf.dir/Core/Src/motor_pid.c.obj
                0x08001d3e                pid_calc
 *fill*         0x08001ec6        0x2 
 .text.PID_struct_init
                0x08001ec8       0x34 CMakeFiles/CAN0.elf.dir/Core/Src/motor_pid.c.obj
                0x08001ec8                PID_struct_init
 .text.HAL_MspInit
                0x08001efc       0x38 CMakeFiles/CAN0.elf.dir/Core/Src/stm32f4xx_hal_msp.c.obj
                0x08001efc                HAL_MspInit
 .text.NMI_Handler
                0x08001f34        0x2 CMakeFiles/CAN0.elf.dir/Core/Src/stm32f4xx_it.c.obj
                0x08001f34                NMI_Handler
 .text.HardFault_Handler
                0x08001f36        0x2 CMakeFiles/CAN0.elf.dir/Core/Src/stm32f4xx_it.c.obj
                0x08001f36                HardFault_Handler
 .text.MemManage_Handler
                0x08001f38        0x2 CMakeFiles/CAN0.elf.dir/Core/Src/stm32f4xx_it.c.obj
                0x08001f38                MemManage_Handler
 .text.BusFault_Handler
                0x08001f3a        0x2 CMakeFiles/CAN0.elf.dir/Core/Src/stm32f4xx_it.c.obj
                0x08001f3a                BusFault_Handler
 .text.UsageFault_Handler
                0x08001f3c        0x2 CMakeFiles/CAN0.elf.dir/Core/Src/stm32f4xx_it.c.obj
                0x08001f3c                UsageFault_Handler
 .text.SVC_Handler
                0x08001f3e        0x2 CMakeFiles/CAN0.elf.dir/Core/Src/stm32f4xx_it.c.obj
                0x08001f3e                SVC_Handler
 .text.DebugMon_Handler
                0x08001f40        0x2 CMakeFiles/CAN0.elf.dir/Core/Src/stm32f4xx_it.c.obj
                0x08001f40                DebugMon_Handler
 .text.PendSV_Handler
                0x08001f42        0x2 CMakeFiles/CAN0.elf.dir/Core/Src/stm32f4xx_it.c.obj
                0x08001f42                PendSV_Handler
 .text.SysTick_Handler
                0x08001f44        0x8 CMakeFiles/CAN0.elf.dir/Core/Src/stm32f4xx_it.c.obj
                0x08001f44                SysTick_Handler
 .text.DMA1_Stream1_IRQHandler
                0x08001f4c       0x10 CMakeFiles/CAN0.elf.dir/Core/Src/stm32f4xx_it.c.obj
                0x08001f4c                DMA1_Stream1_IRQHandler
 .text.DMA1_Stream3_IRQHandler
                0x08001f5c       0x10 CMakeFiles/CAN0.elf.dir/Core/Src/stm32f4xx_it.c.obj
                0x08001f5c                DMA1_Stream3_IRQHandler
 .text.CAN1_TX_IRQHandler
                0x08001f6c       0x10 CMakeFiles/CAN0.elf.dir/Core/Src/stm32f4xx_it.c.obj
                0x08001f6c                CAN1_TX_IRQHandler
 .text.CAN1_RX0_IRQHandler
                0x08001f7c       0x10 CMakeFiles/CAN0.elf.dir/Core/Src/stm32f4xx_it.c.obj
                0x08001f7c                CAN1_RX0_IRQHandler
 .text.USART1_IRQHandler
                0x08001f8c       0x44 CMakeFiles/CAN0.elf.dir/Core/Src/stm32f4xx_it.c.obj
                0x08001f8c                USART1_IRQHandler
 .text.USART3_IRQHandler
                0x08001fd0       0x44 CMakeFiles/CAN0.elf.dir/Core/Src/stm32f4xx_it.c.obj
                0x08001fd0                USART3_IRQHandler
 .text._getpid  0x08002014        0x4 CMakeFiles/CAN0.elf.dir/Core/Src/syscalls.c.obj
                0x08002014                _getpid
 .text._kill    0x08002018       0x10 CMakeFiles/CAN0.elf.dir/Core/Src/syscalls.c.obj
                0x08002018                _kill
 .text._exit    0x08002028        0xc CMakeFiles/CAN0.elf.dir/Core/Src/syscalls.c.obj
                0x08002028                _exit
 .text._read    0x08002034       0x20 CMakeFiles/CAN0.elf.dir/Core/Src/syscalls.c.obj
                0x08002034                _read
 .text._write   0x08002054       0x1c CMakeFiles/CAN0.elf.dir/Core/Src/syscalls.c.obj
                0x08002054                _write
 .text._close   0x08002070        0x6 CMakeFiles/CAN0.elf.dir/Core/Src/syscalls.c.obj
                0x08002070                _close
 .text._fstat   0x08002076        0xa CMakeFiles/CAN0.elf.dir/Core/Src/syscalls.c.obj
                0x08002076                _fstat
 .text._isatty  0x08002080        0x4 CMakeFiles/CAN0.elf.dir/Core/Src/syscalls.c.obj
                0x08002080                _isatty
 .text._lseek   0x08002084        0x4 CMakeFiles/CAN0.elf.dir/Core/Src/syscalls.c.obj
                0x08002084                _lseek
 .text._sbrk    0x08002088       0x48 CMakeFiles/CAN0.elf.dir/Core/Src/sysmem.c.obj
                0x08002088                _sbrk
 .text.SystemInit
                0x080020d0        0x2 CMakeFiles/CAN0.elf.dir/Core/Src/system_stm32f4xx.c.obj
                0x080020d0                SystemInit
 .text.ComSendData
                0x080020d2       0x8c CMakeFiles/CAN0.elf.dir/Core/Src/transmission.c.obj
                0x080020d2                ComSendData
 *fill*         0x0800215e        0x2 
 .text.uploadMoto12Info
                0x08002160       0x60 CMakeFiles/CAN0.elf.dir/Core/Src/transmission.c.obj
                0x08002160                uploadMoto12Info
 .text.uploadControl12Info
                0x080021c0       0x90 CMakeFiles/CAN0.elf.dir/Core/Src/transmission.c.obj
                0x080021c0                uploadControl12Info
 .text.uploadPID1Info
                0x08002250       0x8c CMakeFiles/CAN0.elf.dir/Core/Src/transmission.c.obj
                0x08002250                uploadPID1Info
 .text.uploadPID2Info
                0x080022dc       0x8c CMakeFiles/CAN0.elf.dir/Core/Src/transmission.c.obj
                0x080022dc                uploadPID2Info
 .text.analyseData
                0x08002368      0x190 CMakeFiles/CAN0.elf.dir/Core/Src/transmission.c.obj
                0x08002368                analyseData
 .text.MX_USART1_UART_Init
                0x080024f8       0x34 CMakeFiles/CAN0.elf.dir/Core/Src/usart.c.obj
                0x080024f8                MX_USART1_UART_Init
 .text.MX_USART3_UART_Init
                0x0800252c       0x34 CMakeFiles/CAN0.elf.dir/Core/Src/usart.c.obj
                0x0800252c                MX_USART3_UART_Init
 .text.HAL_UART_MspInit
                0x08002560      0x160 CMakeFiles/CAN0.elf.dir/Core/Src/usart.c.obj
                0x08002560                HAL_UART_MspInit
 .text.HAL_UART_RxCpltCallback
                0x080026c0       0x74 CMakeFiles/CAN0.elf.dir/Core/Src/usart.c.obj
                0x080026c0                HAL_UART_RxCpltCallback
 .text.Uart3SendChar
                0x08002734       0x14 CMakeFiles/CAN0.elf.dir/Core/Src/usart.c.obj
                0x08002734                Uart3SendChar
 .text.Reset_Handler
                0x08002748       0x50 CMakeFiles/CAN0.elf.dir/Core/Startup/startup_stm32f407zgtx.s.obj
                0x08002748                Reset_Handler
 .text.Default_Handler
                0x08002798        0x2 CMakeFiles/CAN0.elf.dir/Core/Startup/startup_stm32f407zgtx.s.obj
                0x08002798                RTC_Alarm_IRQHandler
                0x08002798                HASH_RNG_IRQHandler
                0x08002798                EXTI2_IRQHandler
                0x08002798                TIM8_CC_IRQHandler
                0x08002798                TIM1_CC_IRQHandler
                0x08002798                DMA2_Stream5_IRQHandler
                0x08002798                DMA1_Stream5_IRQHandler
                0x08002798                PVD_IRQHandler
                0x08002798                SDIO_IRQHandler
                0x08002798                TAMP_STAMP_IRQHandler
                0x08002798                CAN2_RX1_IRQHandler
                0x08002798                EXTI3_IRQHandler
                0x08002798                TIM8_TRG_COM_TIM14_IRQHandler
                0x08002798                TIM1_UP_TIM10_IRQHandler
                0x08002798                TIM8_UP_TIM13_IRQHandler
                0x08002798                I2C3_ER_IRQHandler
                0x08002798                EXTI0_IRQHandler
                0x08002798                I2C2_EV_IRQHandler
                0x08002798                DMA1_Stream2_IRQHandler
                0x08002798                FPU_IRQHandler
                0x08002798                OTG_HS_WKUP_IRQHandler
                0x08002798                CAN2_SCE_IRQHandler
                0x08002798                DMA2_Stream2_IRQHandler
                0x08002798                SPI1_IRQHandler
                0x08002798                TIM6_DAC_IRQHandler
                0x08002798                TIM1_BRK_TIM9_IRQHandler
                0x08002798                DCMI_IRQHandler
                0x08002798                CAN2_RX0_IRQHandler
                0x08002798                DMA2_Stream3_IRQHandler
                0x08002798                USART6_IRQHandler
                0x08002798                CAN1_RX1_IRQHandler
                0x08002798                UART5_IRQHandler
                0x08002798                DMA2_Stream0_IRQHandler
                0x08002798                TIM4_IRQHandler
                0x08002798                I2C1_EV_IRQHandler
                0x08002798                DMA1_Stream6_IRQHandler
                0x08002798                UART4_IRQHandler
                0x08002798                TIM3_IRQHandler
                0x08002798                RCC_IRQHandler
                0x08002798                TIM8_BRK_TIM12_IRQHandler
                0x08002798                Default_Handler
                0x08002798                EXTI15_10_IRQHandler
                0x08002798                ADC_IRQHandler
                0x08002798                DMA1_Stream7_IRQHandler
                0x08002798                TIM7_IRQHandler
                0x08002798                CAN2_TX_IRQHandler
                0x08002798                TIM5_IRQHandler
                0x08002798                DMA2_Stream7_IRQHandler
                0x08002798                I2C3_EV_IRQHandler
                0x08002798                EXTI9_5_IRQHandler
                0x08002798                RTC_WKUP_IRQHandler
                0x08002798                ETH_WKUP_IRQHandler
                0x08002798                SPI2_IRQHandler
                0x08002798                OTG_HS_EP1_IN_IRQHandler
                0x08002798                DMA1_Stream0_IRQHandler
                0x08002798                EXTI4_IRQHandler
                0x08002798                FSMC_IRQHandler
                0x08002798                ETH_IRQHandler
                0x08002798                OTG_HS_EP1_OUT_IRQHandler
                0x08002798                WWDG_IRQHandler
                0x08002798                TIM2_IRQHandler
                0x08002798                OTG_FS_WKUP_IRQHandler
                0x08002798                TIM1_TRG_COM_TIM11_IRQHandler
                0x08002798                OTG_HS_IRQHandler
                0x08002798                EXTI1_IRQHandler
                0x08002798                USART2_IRQHandler
                0x08002798                I2C2_ER_IRQHandler
                0x08002798                DMA2_Stream1_IRQHandler
                0x08002798                CAN1_SCE_IRQHandler
                0x08002798                FLASH_IRQHandler
                0x08002798                DMA2_Stream4_IRQHandler
                0x08002798                OTG_FS_IRQHandler
                0x08002798                SPI3_IRQHandler
                0x08002798                DMA1_Stream4_IRQHandler
                0x08002798                I2C1_ER_IRQHandler
                0x08002798                DMA2_Stream6_IRQHandler
 *fill*         0x0800279a        0x2 
 .text.HAL_InitTick
                0x0800279c       0x4c CMakeFiles/CAN0.elf.dir/Drivers/STM32F4xx_HAL_Driver/Src/stm32f4xx_hal.c.obj
                0x0800279c                HAL_InitTick
 .text.HAL_Init
                0x080027e8       0x34 CMakeFiles/CAN0.elf.dir/Drivers/STM32F4xx_HAL_Driver/Src/stm32f4xx_hal.c.obj
                0x080027e8                HAL_Init
 .text.HAL_IncTick
                0x0800281c       0x18 CMakeFiles/CAN0.elf.dir/Drivers/STM32F4xx_HAL_Driver/Src/stm32f4xx_hal.c.obj
                0x0800281c                HAL_IncTick
 .text.HAL_GetTick
                0x08002834        0xc CMakeFiles/CAN0.elf.dir/Drivers/STM32F4xx_HAL_Driver/Src/stm32f4xx_hal.c.obj
                0x08002834                HAL_GetTick
 .text.HAL_Delay
                0x08002840       0x28 CMakeFiles/CAN0.elf.dir/Drivers/STM32F4xx_HAL_Driver/Src/stm32f4xx_hal.c.obj
                0x08002840                HAL_Delay
 .text.HAL_CAN_MspInit
                0x08002868        0x2 CMakeFiles/CAN0.elf.dir/Drivers/STM32F4xx_HAL_Driver/Src/stm32f4xx_hal_can.c.obj
                0x08002868                HAL_CAN_MspInit
 .text.HAL_CAN_Init
                0x0800286a      0x14c CMakeFiles/CAN0.elf.dir/Drivers/STM32F4xx_HAL_Driver/Src/stm32f4xx_hal_can.c.obj
                0x0800286a                HAL_CAN_Init
 *fill*         0x080029b6        0x2 
 .text.HAL_CAN_ConfigFilter
                0x080029b8      0x13c CMakeFiles/CAN0.elf.dir/Drivers/STM32F4xx_HAL_Driver/Src/stm32f4xx_hal_can.c.obj
                0x080029b8                HAL_CAN_ConfigFilter
 .text.HAL_CAN_Start
                0x08002af4       0x5c CMakeFiles/CAN0.elf.dir/Drivers/STM32F4xx_HAL_Driver/Src/stm32f4xx_hal_can.c.obj
                0x08002af4                HAL_CAN_Start
 .text.HAL_CAN_AddTxMessage
                0x08002b50       0xea CMakeFiles/CAN0.elf.dir/Drivers/STM32F4xx_HAL_Driver/Src/stm32f4xx_hal_can.c.obj
                0x08002b50                HAL_CAN_AddTxMessage
 .text.HAL_CAN_GetRxMessage
                0x08002c3a      0x16a CMakeFiles/CAN0.elf.dir/Drivers/STM32F4xx_HAL_Driver/Src/stm32f4xx_hal_can.c.obj
                0x08002c3a                HAL_CAN_GetRxMessage
 .text.HAL_CAN_ActivateNotification
                0x08002da4       0x24 CMakeFiles/CAN0.elf.dir/Drivers/STM32F4xx_HAL_Driver/Src/stm32f4xx_hal_can.c.obj
                0x08002da4                HAL_CAN_ActivateNotification
 .text.HAL_CAN_TxMailbox0CompleteCallback
                0x08002dc8        0x2 CMakeFiles/CAN0.elf.dir/Drivers/STM32F4xx_HAL_Driver/Src/stm32f4xx_hal_can.c.obj
                0x08002dc8                HAL_CAN_TxMailbox0CompleteCallback
 .text.HAL_CAN_TxMailbox1CompleteCallback
                0x08002dca        0x2 CMakeFiles/CAN0.elf.dir/Drivers/STM32F4xx_HAL_Driver/Src/stm32f4xx_hal_can.c.obj
                0x08002dca                HAL_CAN_TxMailbox1CompleteCallback
 .text.HAL_CAN_TxMailbox2CompleteCallback
                0x08002dcc        0x2 CMakeFiles/CAN0.elf.dir/Drivers/STM32F4xx_HAL_Driver/Src/stm32f4xx_hal_can.c.obj
                0x08002dcc                HAL_CAN_TxMailbox2CompleteCallback
 .text.HAL_CAN_TxMailbox0AbortCallback
                0x08002dce        0x2 CMakeFiles/CAN0.elf.dir/Drivers/STM32F4xx_HAL_Driver/Src/stm32f4xx_hal_can.c.obj
                0x08002dce                HAL_CAN_TxMailbox0AbortCallback
 .text.HAL_CAN_TxMailbox1AbortCallback
                0x08002dd0        0x2 CMakeFiles/CAN0.elf.dir/Drivers/STM32F4xx_HAL_Driver/Src/stm32f4xx_hal_can.c.obj
                0x08002dd0                HAL_CAN_TxMailbox1AbortCallback
 .text.HAL_CAN_TxMailbox2AbortCallback
                0x08002dd2        0x2 CMakeFiles/CAN0.elf.dir/Drivers/STM32F4xx_HAL_Driver/Src/stm32f4xx_hal_can.c.obj
                0x08002dd2                HAL_CAN_TxMailbox2AbortCallback
 .text.HAL_CAN_RxFifo0FullCallback
                0x08002dd4        0x2 CMakeFiles/CAN0.elf.dir/Drivers/STM32F4xx_HAL_Driver/Src/stm32f4xx_hal_can.c.obj
                0x08002dd4                HAL_CAN_RxFifo0FullCallback
 .text.HAL_CAN_RxFifo1MsgPendingCallback
                0x08002dd6        0x2 CMakeFiles/CAN0.elf.dir/Drivers/STM32F4xx_HAL_Driver/Src/stm32f4xx_hal_can.c.obj
                0x08002dd6                HAL_CAN_RxFifo1MsgPendingCallback
 .text.HAL_CAN_RxFifo1FullCallback
                0x08002dd8        0x2 CMakeFiles/CAN0.elf.dir/Drivers/STM32F4xx_HAL_Driver/Src/stm32f4xx_hal_can.c.obj
                0x08002dd8                HAL_CAN_RxFifo1FullCallback
 .text.HAL_CAN_SleepCallback
                0x08002dda        0x2 CMakeFiles/CAN0.elf.dir/Drivers/STM32F4xx_HAL_Driver/Src/stm32f4xx_hal_can.c.obj
                0x08002dda                HAL_CAN_SleepCallback
 .text.HAL_CAN_WakeUpFromRxMsgCallback
                0x08002ddc        0x2 CMakeFiles/CAN0.elf.dir/Drivers/STM32F4xx_HAL_Driver/Src/stm32f4xx_hal_can.c.obj
                0x08002ddc                HAL_CAN_WakeUpFromRxMsgCallback
 .text.HAL_CAN_ErrorCallback
                0x08002dde        0x2 CMakeFiles/CAN0.elf.dir/Drivers/STM32F4xx_HAL_Driver/Src/stm32f4xx_hal_can.c.obj
                0x08002dde                HAL_CAN_ErrorCallback
 .text.HAL_CAN_IRQHandler
                0x08002de0      0x250 CMakeFiles/CAN0.elf.dir/Drivers/STM32F4xx_HAL_Driver/Src/stm32f4xx_hal_can.c.obj
                0x08002de0                HAL_CAN_IRQHandler
 .text.__NVIC_EnableIRQ
                0x08003030       0x1c CMakeFiles/CAN0.elf.dir/Drivers/STM32F4xx_HAL_Driver/Src/stm32f4xx_hal_cortex.c.obj
 .text.__NVIC_SetPriority
                0x0800304c       0x28 CMakeFiles/CAN0.elf.dir/Drivers/STM32F4xx_HAL_Driver/Src/stm32f4xx_hal_cortex.c.obj
 .text.NVIC_EncodePriority
                0x08003074       0x3e CMakeFiles/CAN0.elf.dir/Drivers/STM32F4xx_HAL_Driver/Src/stm32f4xx_hal_cortex.c.obj
 *fill*         0x080030b2        0x2 
 .text.HAL_NVIC_SetPriorityGrouping
                0x080030b4       0x24 CMakeFiles/CAN0.elf.dir/Drivers/STM32F4xx_HAL_Driver/Src/stm32f4xx_hal_cortex.c.obj
                0x080030b4                HAL_NVIC_SetPriorityGrouping
 .text.HAL_NVIC_SetPriority
                0x080030d8       0x20 CMakeFiles/CAN0.elf.dir/Drivers/STM32F4xx_HAL_Driver/Src/stm32f4xx_hal_cortex.c.obj
                0x080030d8                HAL_NVIC_SetPriority
 .text.HAL_NVIC_EnableIRQ
                0x080030f8        0x8 CMakeFiles/CAN0.elf.dir/Drivers/STM32F4xx_HAL_Driver/Src/stm32f4xx_hal_cortex.c.obj
                0x080030f8                HAL_NVIC_EnableIRQ
 .text.HAL_SYSTICK_Config
                0x08003100       0x28 CMakeFiles/CAN0.elf.dir/Drivers/STM32F4xx_HAL_Driver/Src/stm32f4xx_hal_cortex.c.obj
                0x08003100                HAL_SYSTICK_Config
 .text.DMA_CalcBaseAndBitshift
                0x08003128       0x38 CMakeFiles/CAN0.elf.dir/Drivers/STM32F4xx_HAL_Driver/Src/stm32f4xx_hal_dma.c.obj
 .text.DMA_CheckFifoParam
                0x08003160       0x8e CMakeFiles/CAN0.elf.dir/Drivers/STM32F4xx_HAL_Driver/Src/stm32f4xx_hal_dma.c.obj
 *fill*         0x080031ee        0x2 
 .text.HAL_DMA_Init
                0x080031f0       0xcc CMakeFiles/CAN0.elf.dir/Drivers/STM32F4xx_HAL_Driver/Src/stm32f4xx_hal_dma.c.obj
                0x080031f0                HAL_DMA_Init
 .text.HAL_DMA_Abort
                0x080032bc       0x94 CMakeFiles/CAN0.elf.dir/Drivers/STM32F4xx_HAL_Driver/Src/stm32f4xx_hal_dma.c.obj
                0x080032bc                HAL_DMA_Abort
 .text.HAL_DMA_Abort_IT
                0x08003350       0x26 CMakeFiles/CAN0.elf.dir/Drivers/STM32F4xx_HAL_Driver/Src/stm32f4xx_hal_dma.c.obj
                0x08003350                HAL_DMA_Abort_IT
 *fill*         0x08003376        0x2 
 .text.HAL_DMA_IRQHandler
                0x08003378      0x1dc CMakeFiles/CAN0.elf.dir/Drivers/STM32F4xx_HAL_Driver/Src/stm32f4xx_hal_dma.c.obj
                0x08003378                HAL_DMA_IRQHandler
 .text.HAL_GPIO_Init
                0x08003554      0x1f4 CMakeFiles/CAN0.elf.dir/Drivers/STM32F4xx_HAL_Driver/Src/stm32f4xx_hal_gpio.c.obj
                0x08003554                HAL_GPIO_Init
 .text.HAL_GPIO_WritePin
                0x08003748        0xc CMakeFiles/CAN0.elf.dir/Drivers/STM32F4xx_HAL_Driver/Src/stm32f4xx_hal_gpio.c.obj
                0x08003748                HAL_GPIO_WritePin
 .text.HAL_RCC_OscConfig
                0x08003754      0x3f8 CMakeFiles/CAN0.elf.dir/Drivers/STM32F4xx_HAL_Driver/Src/stm32f4xx_hal_rcc.c.obj
                0x08003754                HAL_RCC_OscConfig
 .text.HAL_RCC_GetSysClockFreq
                0x08003b4c       0xa8 CMakeFiles/CAN0.elf.dir/Drivers/STM32F4xx_HAL_Driver/Src/stm32f4xx_hal_rcc.c.obj
                0x08003b4c                HAL_RCC_GetSysClockFreq
 .text.HAL_RCC_ClockConfig
                0x08003bf4      0x160 CMakeFiles/CAN0.elf.dir/Drivers/STM32F4xx_HAL_Driver/Src/stm32f4xx_hal_rcc.c.obj
                0x08003bf4                HAL_RCC_ClockConfig
 .text.HAL_RCC_GetHCLKFreq
                0x08003d54        0xc CMakeFiles/CAN0.elf.dir/Drivers/STM32F4xx_HAL_Driver/Src/stm32f4xx_hal_rcc.c.obj
                0x08003d54                HAL_RCC_GetHCLKFreq
 .text.HAL_RCC_GetPCLK1Freq
                0x08003d60       0x20 CMakeFiles/CAN0.elf.dir/Drivers/STM32F4xx_HAL_Driver/Src/stm32f4xx_hal_rcc.c.obj
                0x08003d60                HAL_RCC_GetPCLK1Freq
 .text.HAL_RCC_GetPCLK2Freq
                0x08003d80       0x20 CMakeFiles/CAN0.elf.dir/Drivers/STM32F4xx_HAL_Driver/Src/stm32f4xx_hal_rcc.c.obj
                0x08003d80                HAL_RCC_GetPCLK2Freq
 .text.UART_EndRxTransfer
                0x08003da0       0x5c CMakeFiles/CAN0.elf.dir/Drivers/STM32F4xx_HAL_Driver/Src/stm32f4xx_hal_uart.c.obj
 .text.UART_Transmit_IT
                0x08003dfc       0x60 CMakeFiles/CAN0.elf.dir/Drivers/STM32F4xx_HAL_Driver/Src/stm32f4xx_hal_uart.c.obj
 .text.UART_SetConfig
                0x08003e5c      0x110 CMakeFiles/CAN0.elf.dir/Drivers/STM32F4xx_HAL_Driver/Src/stm32f4xx_hal_uart.c.obj
 .text.UART_WaitOnFlagUntilTimeout
                0x08003f6c       0x86 CMakeFiles/CAN0.elf.dir/Drivers/STM32F4xx_HAL_Driver/Src/stm32f4xx_hal_uart.c.obj
 .text.HAL_UART_Init
                0x08003ff2       0x60 CMakeFiles/CAN0.elf.dir/Drivers/STM32F4xx_HAL_Driver/Src/stm32f4xx_hal_uart.c.obj
                0x08003ff2                HAL_UART_Init
 .text.HAL_UART_Transmit
                0x08004052       0xcc CMakeFiles/CAN0.elf.dir/Drivers/STM32F4xx_HAL_Driver/Src/stm32f4xx_hal_uart.c.obj
                0x08004052                HAL_UART_Transmit
 .text.HAL_UART_TxCpltCallback
                0x0800411e        0x2 CMakeFiles/CAN0.elf.dir/Drivers/STM32F4xx_HAL_Driver/Src/stm32f4xx_hal_uart.c.obj
                0x0800411e                HAL_UART_TxCpltCallback
 .text.UART_EndTransmit_IT
                0x08004120       0x1a CMakeFiles/CAN0.elf.dir/Drivers/STM32F4xx_HAL_Driver/Src/stm32f4xx_hal_uart.c.obj
 .text.HAL_UART_ErrorCallback
                0x0800413a        0x2 CMakeFiles/CAN0.elf.dir/Drivers/STM32F4xx_HAL_Driver/Src/stm32f4xx_hal_uart.c.obj
                0x0800413a                HAL_UART_ErrorCallback
 .text.UART_DMAAbortOnError
                0x0800413c       0x10 CMakeFiles/CAN0.elf.dir/Drivers/STM32F4xx_HAL_Driver/Src/stm32f4xx_hal_uart.c.obj
 .text.HAL_UARTEx_RxEventCallback
                0x0800414c        0x2 CMakeFiles/CAN0.elf.dir/Drivers/STM32F4xx_HAL_Driver/Src/stm32f4xx_hal_uart.c.obj
                0x0800414c                HAL_UARTEx_RxEventCallback
 .text.UART_Receive_IT
                0x0800414e       0xe6 CMakeFiles/CAN0.elf.dir/Drivers/STM32F4xx_HAL_Driver/Src/stm32f4xx_hal_uart.c.obj
 .text.HAL_UART_IRQHandler
                0x08004234      0x284 CMakeFiles/CAN0.elf.dir/Drivers/STM32F4xx_HAL_Driver/Src/stm32f4xx_hal_uart.c.obj
                0x08004234                HAL_UART_IRQHandler
 .text.HAL_UART_GetState
                0x080044b8        0xc CMakeFiles/CAN0.elf.dir/Drivers/STM32F4xx_HAL_Driver/Src/stm32f4xx_hal_uart.c.obj
                0x080044b8                HAL_UART_GetState
 .text.UART_Start_Receive_IT
                0x080044c4       0x36 CMakeFiles/CAN0.elf.dir/Drivers/STM32F4xx_HAL_Driver/Src/stm32f4xx_hal_uart.c.obj
                0x080044c4                UART_Start_Receive_IT
 .text.HAL_UART_Receive_IT
                0x080044fa       0x26 CMakeFiles/CAN0.elf.dir/Drivers/STM32F4xx_HAL_Driver/Src/stm32f4xx_hal_uart.c.obj
                0x080044fa                HAL_UART_Receive_IT
 .text.__udivmoddi4
                0x08004520      0x2bc C:/environ/arm-gnu-toolchain/arm-gnu-toolchain-13.3.rel1-mingw-w64-i686-arm-none-eabi/bin/../lib/gcc/arm-none-eabi/13.3.1/thumb/v7e-m/nofp\libgcc.a(_udivmoddi4.o)
                0x08004520                __udivmoddi4
 .text.stdio_exit_handler
                0x080047dc       0x18 C:/environ/arm-gnu-toolchain/arm-gnu-toolchain-13.3.rel1-mingw-w64-i686-arm-none-eabi/bin/../lib/gcc/arm-none-eabi/13.3.1/thumb/v7e-m/nofp\libg.a(libc_a-findfp.o)
 .text.cleanup_stdio
                0x080047f4       0x40 C:/environ/arm-gnu-toolchain/arm-gnu-toolchain-13.3.rel1-mingw-w64-i686-arm-none-eabi/bin/../lib/gcc/arm-none-eabi/13.3.1/thumb/v7e-m/nofp\libg.a(libc_a-findfp.o)
 .text.global_stdio_init.part.0
                0x08004834       0xf0 C:/environ/arm-gnu-toolchain/arm-gnu-toolchain-13.3.rel1-mingw-w64-i686-arm-none-eabi/bin/../lib/gcc/arm-none-eabi/13.3.1/thumb/v7e-m/nofp\libg.a(libc_a-findfp.o)
 .text.__sinit  0x08004924       0x3c C:/environ/arm-gnu-toolchain/arm-gnu-toolchain-13.3.rel1-mingw-w64-i686-arm-none-eabi/bin/../lib/gcc/arm-none-eabi/13.3.1/thumb/v7e-m/nofp\libg.a(libc_a-findfp.o)
                0x08004924                __sinit
 .text.__sfp_lock_acquire
                0x08004960        0xc C:/environ/arm-gnu-toolchain/arm-gnu-toolchain-13.3.rel1-mingw-w64-i686-arm-none-eabi/bin/../lib/gcc/arm-none-eabi/13.3.1/thumb/v7e-m/nofp\libg.a(libc_a-findfp.o)
                0x08004960                __sfp_lock_acquire
 .text.__sfp_lock_release
                0x0800496c        0xc C:/environ/arm-gnu-toolchain/arm-gnu-toolchain-13.3.rel1-mingw-w64-i686-arm-none-eabi/bin/../lib/gcc/arm-none-eabi/13.3.1/thumb/v7e-m/nofp\libg.a(libc_a-findfp.o)
                0x0800496c                __sfp_lock_release
 .text._fwalk_sglue
                0x08004978       0x44 C:/environ/arm-gnu-toolchain/arm-gnu-toolchain-13.3.rel1-mingw-w64-i686-arm-none-eabi/bin/../lib/gcc/arm-none-eabi/13.3.1/thumb/v7e-m/nofp\libg.a(libc_a-fwalk.o)
                0x08004978                _fwalk_sglue
 .text.printf   0x080049bc       0x28 C:/environ/arm-gnu-toolchain/arm-gnu-toolchain-13.3.rel1-mingw-w64-i686-arm-none-eabi/bin/../lib/gcc/arm-none-eabi/13.3.1/thumb/v7e-m/nofp\libg.a(libc_a-printf.o)
                0x080049bc                printf
 .text._puts_r  0x080049e4       0x9c C:/environ/arm-gnu-toolchain/arm-gnu-toolchain-13.3.rel1-mingw-w64-i686-arm-none-eabi/bin/../lib/gcc/arm-none-eabi/13.3.1/thumb/v7e-m/nofp\libg.a(libc_a-puts.o)
                0x080049e4                _puts_r
 .text.puts     0x08004a80       0x10 C:/environ/arm-gnu-toolchain/arm-gnu-toolchain-13.3.rel1-mingw-w64-i686-arm-none-eabi/bin/../lib/gcc/arm-none-eabi/13.3.1/thumb/v7e-m/nofp\libg.a(libc_a-puts.o)
                0x08004a80                puts
 .text.__sread  0x08004a90       0x24 C:/environ/arm-gnu-toolchain/arm-gnu-toolchain-13.3.rel1-mingw-w64-i686-arm-none-eabi/bin/../lib/gcc/arm-none-eabi/13.3.1/thumb/v7e-m/nofp\libg.a(libc_a-stdio.o)
                0x08004a90                __sread
 .text.__swrite
                0x08004ab4       0x40 C:/environ/arm-gnu-toolchain/arm-gnu-toolchain-13.3.rel1-mingw-w64-i686-arm-none-eabi/bin/../lib/gcc/arm-none-eabi/13.3.1/thumb/v7e-m/nofp\libg.a(libc_a-stdio.o)
                0x08004ab4                __swrite
 .text.__sseek  0x08004af4       0x24 C:/environ/arm-gnu-toolchain/arm-gnu-toolchain-13.3.rel1-mingw-w64-i686-arm-none-eabi/bin/../lib/gcc/arm-none-eabi/13.3.1/thumb/v7e-m/nofp\libg.a(libc_a-stdio.o)
                0x08004af4                __sseek
 .text.__sclose
                0x08004b18        0x8 C:/environ/arm-gnu-toolchain/arm-gnu-toolchain-13.3.rel1-mingw-w64-i686-arm-none-eabi/bin/../lib/gcc/arm-none-eabi/13.3.1/thumb/v7e-m/nofp\libg.a(libc_a-stdio.o)
                0x08004b18                __sclose
 .text.memset   0x08004b20       0xa4 C:/environ/arm-gnu-toolchain/arm-gnu-toolchain-13.3.rel1-mingw-w64-i686-arm-none-eabi/bin/../lib/gcc/arm-none-eabi/13.3.1/thumb/v7e-m/nofp\libg.a(libc_a-memset.o)
                0x08004b20                memset
 .text._close_r
                0x08004bc4       0x24 C:/environ/arm-gnu-toolchain/arm-gnu-toolchain-13.3.rel1-mingw-w64-i686-arm-none-eabi/bin/../lib/gcc/arm-none-eabi/13.3.1/thumb/v7e-m/nofp\libg.a(libc_a-closer.o)
                0x08004bc4                _close_r
 .text._lseek_r
                0x08004be8       0x2c C:/environ/arm-gnu-toolchain/arm-gnu-toolchain-13.3.rel1-mingw-w64-i686-arm-none-eabi/bin/../lib/gcc/arm-none-eabi/13.3.1/thumb/v7e-m/nofp\libg.a(libc_a-lseekr.o)
                0x08004be8                _lseek_r
 .text._read_r  0x08004c14       0x2c C:/environ/arm-gnu-toolchain/arm-gnu-toolchain-13.3.rel1-mingw-w64-i686-arm-none-eabi/bin/../lib/gcc/arm-none-eabi/13.3.1/thumb/v7e-m/nofp\libg.a(libc_a-readr.o)
                0x08004c14                _read_r
 .text._write_r
                0x08004c40       0x2c C:/environ/arm-gnu-toolchain/arm-gnu-toolchain-13.3.rel1-mingw-w64-i686-arm-none-eabi/bin/../lib/gcc/arm-none-eabi/13.3.1/thumb/v7e-m/nofp\libg.a(libc_a-writer.o)
                0x08004c40                _write_r
 .text.__errno  0x08004c6c        0xc C:/environ/arm-gnu-toolchain/arm-gnu-toolchain-13.3.rel1-mingw-w64-i686-arm-none-eabi/bin/../lib/gcc/arm-none-eabi/13.3.1/thumb/v7e-m/nofp\libg.a(libc_a-errno.o)
                0x08004c6c                __errno
 .text.__libc_init_array
                0x08004c78       0x50 C:/environ/arm-gnu-toolchain/arm-gnu-toolchain-13.3.rel1-mingw-w64-i686-arm-none-eabi/bin/../lib/gcc/arm-none-eabi/13.3.1/thumb/v7e-m/nofp\libg.a(libc_a-init.o)
                0x08004c78                __libc_init_array
 .text.__retarget_lock_init_recursive
                0x08004cc8        0x4 C:/environ/arm-gnu-toolchain/arm-gnu-toolchain-13.3.rel1-mingw-w64-i686-arm-none-eabi/bin/../lib/gcc/arm-none-eabi/13.3.1/thumb/v7e-m/nofp\libg.a(libc_a-lock.o)
                0x08004cc8                __retarget_lock_init_recursive
 .text.__retarget_lock_close_recursive
                0x08004ccc        0x4 C:/environ/arm-gnu-toolchain/arm-gnu-toolchain-13.3.rel1-mingw-w64-i686-arm-none-eabi/bin/../lib/gcc/arm-none-eabi/13.3.1/thumb/v7e-m/nofp\libg.a(libc_a-lock.o)
                0x08004ccc                __retarget_lock_close_recursive
 .text.__retarget_lock_acquire_recursive
                0x08004cd0        0x4 C:/environ/arm-gnu-toolchain/arm-gnu-toolchain-13.3.rel1-mingw-w64-i686-arm-none-eabi/bin/../lib/gcc/arm-none-eabi/13.3.1/thumb/v7e-m/nofp\libg.a(libc_a-lock.o)
                0x08004cd0                __retarget_lock_acquire_recursive
 .text.__retarget_lock_release_recursive
                0x08004cd4        0x4 C:/environ/arm-gnu-toolchain/arm-gnu-toolchain-13.3.rel1-mingw-w64-i686-arm-none-eabi/bin/../lib/gcc/arm-none-eabi/13.3.1/thumb/v7e-m/nofp\libg.a(libc_a-lock.o)
                0x08004cd4                __retarget_lock_release_recursive
 .text.startup.register_fini
                0x08004cd8       0x14 C:/environ/arm-gnu-toolchain/arm-gnu-toolchain-13.3.rel1-mingw-w64-i686-arm-none-eabi/bin/../lib/gcc/arm-none-eabi/13.3.1/thumb/v7e-m/nofp\libg.a(libc_a-__call_atexit.o)
 .text.atexit   0x08004cec        0xc C:/environ/arm-gnu-toolchain/arm-gnu-toolchain-13.3.rel1-mingw-w64-i686-arm-none-eabi/bin/../lib/gcc/arm-none-eabi/13.3.1/thumb/v7e-m/nofp\libg.a(libc_a-atexit.o)
                0x08004cec                atexit
 .text._malloc_trim_r
                0x08004cf8       0xb8 C:/environ/arm-gnu-toolchain/arm-gnu-toolchain-13.3.rel1-mingw-w64-i686-arm-none-eabi/bin/../lib/gcc/arm-none-eabi/13.3.1/thumb/v7e-m/nofp\libg.a(libc_a-freer.o)
                0x08004cf8                _malloc_trim_r
 .text._free_r  0x08004db0      0x1f8 C:/environ/arm-gnu-toolchain/arm-gnu-toolchain-13.3.rel1-mingw-w64-i686-arm-none-eabi/bin/../lib/gcc/arm-none-eabi/13.3.1/thumb/v7e-m/nofp\libg.a(libc_a-freer.o)
                0x08004db0                _free_r
 .text._malloc_r
                0x08004fa8      0x564 C:/environ/arm-gnu-toolchain/arm-gnu-toolchain-13.3.rel1-mingw-w64-i686-arm-none-eabi/bin/../lib/gcc/arm-none-eabi/13.3.1/thumb/v7e-m/nofp\libg.a(libc_a-mallocr.o)
                0x08004fa8                _malloc_r
 .text.__malloc_lock
                0x0800550c        0xc C:/environ/arm-gnu-toolchain/arm-gnu-toolchain-13.3.rel1-mingw-w64-i686-arm-none-eabi/bin/../lib/gcc/arm-none-eabi/13.3.1/thumb/v7e-m/nofp\libg.a(libc_a-mlock.o)
                0x0800550c                __malloc_lock
 .text.__malloc_unlock
                0x08005518        0xc C:/environ/arm-gnu-toolchain/arm-gnu-toolchain-13.3.rel1-mingw-w64-i686-arm-none-eabi/bin/../lib/gcc/arm-none-eabi/13.3.1/thumb/v7e-m/nofp\libg.a(libc_a-mlock.o)
                0x08005518                __malloc_unlock
 .text._vfprintf_r
                0x08005524     0x1c5c C:/environ/arm-gnu-toolchain/arm-gnu-toolchain-13.3.rel1-mingw-w64-i686-arm-none-eabi/bin/../lib/gcc/arm-none-eabi/13.3.1/thumb/v7e-m/nofp\libg.a(libc_a-vfprintf.o)
                0x08005524                _vfprintf_r
 .text.__sbprintf
                0x08007180       0x80 C:/environ/arm-gnu-toolchain/arm-gnu-toolchain-13.3.rel1-mingw-w64-i686-arm-none-eabi/bin/../lib/gcc/arm-none-eabi/13.3.1/thumb/v7e-m/nofp\libg.a(libc_a-vfprintf.o)
 .text.__sprint_r
                0x08007200       0x20 C:/environ/arm-gnu-toolchain/arm-gnu-toolchain-13.3.rel1-mingw-w64-i686-arm-none-eabi/bin/../lib/gcc/arm-none-eabi/13.3.1/thumb/v7e-m/nofp\libg.a(libc_a-sprint_r.o)
                0x08007200                __sprint_r
 .text._fclose_r
                0x08007220       0xc0 C:/environ/arm-gnu-toolchain/arm-gnu-toolchain-13.3.rel1-mingw-w64-i686-arm-none-eabi/bin/../lib/gcc/arm-none-eabi/13.3.1/thumb/v7e-m/nofp\libg.a(libc_a-fclose.o)
                0x08007220                _fclose_r
 .text.__sflush_r
                0x080072e0      0x128 C:/environ/arm-gnu-toolchain/arm-gnu-toolchain-13.3.rel1-mingw-w64-i686-arm-none-eabi/bin/../lib/gcc/arm-none-eabi/13.3.1/thumb/v7e-m/nofp\libg.a(libc_a-fflush.o)
                0x080072e0                __sflush_r
 .text._fflush_r
                0x08007408       0x54 C:/environ/arm-gnu-toolchain/arm-gnu-toolchain-13.3.rel1-mingw-w64-i686-arm-none-eabi/bin/../lib/gcc/arm-none-eabi/13.3.1/thumb/v7e-m/nofp\libg.a(libc_a-fflush.o)
                0x08007408                _fflush_r
 .text.__sfvwrite_r
                0x0800745c      0x2f8 C:/environ/arm-gnu-toolchain/arm-gnu-toolchain-13.3.rel1-mingw-w64-i686-arm-none-eabi/bin/../lib/gcc/arm-none-eabi/13.3.1/thumb/v7e-m/nofp\libg.a(libc_a-fvwrite.o)
                0x0800745c                __sfvwrite_r
 .text.__swsetup_r
                0x08007754       0xc4 C:/environ/arm-gnu-toolchain/arm-gnu-toolchain-13.3.rel1-mingw-w64-i686-arm-none-eabi/bin/../lib/gcc/arm-none-eabi/13.3.1/thumb/v7e-m/nofp\libg.a(libc_a-wsetup.o)
                0x08007754                __swsetup_r
 .text.memmove  0x08007818      0x100 C:/environ/arm-gnu-toolchain/arm-gnu-toolchain-13.3.rel1-mingw-w64-i686-arm-none-eabi/bin/../lib/gcc/arm-none-eabi/13.3.1/thumb/v7e-m/nofp\libg.a(libc_a-memmove.o)
                0x08007818                memmove
 .text.strncpy  0x08007918       0x68 C:/environ/arm-gnu-toolchain/arm-gnu-toolchain-13.3.rel1-mingw-w64-i686-arm-none-eabi/bin/../lib/gcc/arm-none-eabi/13.3.1/thumb/v7e-m/nofp\libg.a(libc_a-strncpy.o)
                0x08007918                strncpy
 .text.__locale_mb_cur_max
                0x08007980        0xc C:/environ/arm-gnu-toolchain/arm-gnu-toolchain-13.3.rel1-mingw-w64-i686-arm-none-eabi/bin/../lib/gcc/arm-none-eabi/13.3.1/thumb/v7e-m/nofp\libg.a(libc_a-locale.o)
                0x08007980                __locale_mb_cur_max
 .text._localeconv_r
                0x0800798c        0x8 C:/environ/arm-gnu-toolchain/arm-gnu-toolchain-13.3.rel1-mingw-w64-i686-arm-none-eabi/bin/../lib/gcc/arm-none-eabi/13.3.1/thumb/v7e-m/nofp\libg.a(libc_a-localeconv.o)
                0x0800798c                _localeconv_r
 .text._sbrk_r  0x08007994       0x24 C:/environ/arm-gnu-toolchain/arm-gnu-toolchain-13.3.rel1-mingw-w64-i686-arm-none-eabi/bin/../lib/gcc/arm-none-eabi/13.3.1/thumb/v7e-m/nofp\libg.a(libc_a-sbrkr.o)
                0x08007994                _sbrk_r
 .text.__libc_fini_array
                0x080079b8       0x28 C:/environ/arm-gnu-toolchain/arm-gnu-toolchain-13.3.rel1-mingw-w64-i686-arm-none-eabi/bin/../lib/gcc/arm-none-eabi/13.3.1/thumb/v7e-m/nofp\libg.a(libc_a-fini.o)
                0x080079b8                __libc_fini_array
 .text.sysconf  0x080079e0       0x1c C:/environ/arm-gnu-toolchain/arm-gnu-toolchain-13.3.rel1-mingw-w64-i686-arm-none-eabi/bin/../lib/gcc/arm-none-eabi/13.3.1/thumb/v7e-m/nofp\libg.a(libc_a-sysconf.o)
                0x080079e0                sysconf
 .text.frexp    0x080079fc       0x6c C:/environ/arm-gnu-toolchain/arm-gnu-toolchain-13.3.rel1-mingw-w64-i686-arm-none-eabi/bin/../lib/gcc/arm-none-eabi/13.3.1/thumb/v7e-m/nofp\libg.a(libm_a-s_frexp.o)
                0x080079fc                frexp
 .text.__register_exitproc
                0x08007a68       0x80 C:/environ/arm-gnu-toolchain/arm-gnu-toolchain-13.3.rel1-mingw-w64-i686-arm-none-eabi/bin/../lib/gcc/arm-none-eabi/13.3.1/thumb/v7e-m/nofp\libg.a(libc_a-__atexit.o)
                0x08007a68                __register_exitproc
 .text.quorem   0x08007ae8      0x12c C:/environ/arm-gnu-toolchain/arm-gnu-toolchain-13.3.rel1-mingw-w64-i686-arm-none-eabi/bin/../lib/gcc/arm-none-eabi/13.3.1/thumb/v7e-m/nofp\libg.a(libc_a-dtoa.o)
 *fill*         0x08007c14        0x4 
 .text._dtoa_r  0x08007c18      0xe80 C:/environ/arm-gnu-toolchain/arm-gnu-toolchain-13.3.rel1-mingw-w64-i686-arm-none-eabi/bin/../lib/gcc/arm-none-eabi/13.3.1/thumb/v7e-m/nofp\libg.a(libc_a-dtoa.o)
                0x08007c18                _dtoa_r
 .text.__ascii_mbtowc
                0x08008a98       0x2c C:/environ/arm-gnu-toolchain/arm-gnu-toolchain-13.3.rel1-mingw-w64-i686-arm-none-eabi/bin/../lib/gcc/arm-none-eabi/13.3.1/thumb/v7e-m/nofp\libg.a(libc_a-mbtowc_r.o)
                0x08008a98                __ascii_mbtowc
 .text._Balloc  0x08008ac4       0x4c C:/environ/arm-gnu-toolchain/arm-gnu-toolchain-13.3.rel1-mingw-w64-i686-arm-none-eabi/bin/../lib/gcc/arm-none-eabi/13.3.1/thumb/v7e-m/nofp\libg.a(libc_a-mprec.o)
                0x08008ac4                _Balloc
 .text._Bfree   0x08008b10       0x14 C:/environ/arm-gnu-toolchain/arm-gnu-toolchain-13.3.rel1-mingw-w64-i686-arm-none-eabi/bin/../lib/gcc/arm-none-eabi/13.3.1/thumb/v7e-m/nofp\libg.a(libc_a-mprec.o)
                0x08008b10                _Bfree
 .text.__multadd
                0x08008b24       0xa0 C:/environ/arm-gnu-toolchain/arm-gnu-toolchain-13.3.rel1-mingw-w64-i686-arm-none-eabi/bin/../lib/gcc/arm-none-eabi/13.3.1/thumb/v7e-m/nofp\libg.a(libc_a-mprec.o)
                0x08008b24                __multadd
 .text.__hi0bits
                0x08008bc4       0x44 C:/environ/arm-gnu-toolchain/arm-gnu-toolchain-13.3.rel1-mingw-w64-i686-arm-none-eabi/bin/../lib/gcc/arm-none-eabi/13.3.1/thumb/v7e-m/nofp\libg.a(libc_a-mprec.o)
                0x08008bc4                __hi0bits
 .text.__lo0bits
                0x08008c08       0x60 C:/environ/arm-gnu-toolchain/arm-gnu-toolchain-13.3.rel1-mingw-w64-i686-arm-none-eabi/bin/../lib/gcc/arm-none-eabi/13.3.1/thumb/v7e-m/nofp\libg.a(libc_a-mprec.o)
                0x08008c08                __lo0bits
 .text.__i2b    0x08008c68       0x5c C:/environ/arm-gnu-toolchain/arm-gnu-toolchain-13.3.rel1-mingw-w64-i686-arm-none-eabi/bin/../lib/gcc/arm-none-eabi/13.3.1/thumb/v7e-m/nofp\libg.a(libc_a-mprec.o)
                0x08008c68                __i2b
 .text.__multiply
                0x08008cc4      0x16c C:/environ/arm-gnu-toolchain/arm-gnu-toolchain-13.3.rel1-mingw-w64-i686-arm-none-eabi/bin/../lib/gcc/arm-none-eabi/13.3.1/thumb/v7e-m/nofp\libg.a(libc_a-mprec.o)
                0x08008cc4                __multiply
 .text.__pow5mult
                0x08008e30       0xb4 C:/environ/arm-gnu-toolchain/arm-gnu-toolchain-13.3.rel1-mingw-w64-i686-arm-none-eabi/bin/../lib/gcc/arm-none-eabi/13.3.1/thumb/v7e-m/nofp\libg.a(libc_a-mprec.o)
                0x08008e30                __pow5mult
 .text.__lshift
                0x08008ee4       0xf0 C:/environ/arm-gnu-toolchain/arm-gnu-toolchain-13.3.rel1-mingw-w64-i686-arm-none-eabi/bin/../lib/gcc/arm-none-eabi/13.3.1/thumb/v7e-m/nofp\libg.a(libc_a-mprec.o)
                0x08008ee4                __lshift
 .text.__mcmp   0x08008fd4       0x40 C:/environ/arm-gnu-toolchain/arm-gnu-toolchain-13.3.rel1-mingw-w64-i686-arm-none-eabi/bin/../lib/gcc/arm-none-eabi/13.3.1/thumb/v7e-m/nofp\libg.a(libc_a-mprec.o)
                0x08008fd4                __mcmp
 .text.__mdiff  0x08009014      0x178 C:/environ/arm-gnu-toolchain/arm-gnu-toolchain-13.3.rel1-mingw-w64-i686-arm-none-eabi/bin/../lib/gcc/arm-none-eabi/13.3.1/thumb/v7e-m/nofp\libg.a(libc_a-mprec.o)
                0x08009014                __mdiff
 .text.__d2b    0x0800918c       0xbc C:/environ/arm-gnu-toolchain/arm-gnu-toolchain-13.3.rel1-mingw-w64-i686-arm-none-eabi/bin/../lib/gcc/arm-none-eabi/13.3.1/thumb/v7e-m/nofp\libg.a(libc_a-mprec.o)
                0x0800918c                __d2b
 .text._realloc_r
                0x08009248      0x344 C:/environ/arm-gnu-toolchain/arm-gnu-toolchain-13.3.rel1-mingw-w64-i686-arm-none-eabi/bin/../lib/gcc/arm-none-eabi/13.3.1/thumb/v7e-m/nofp\libg.a(libc_a-reallocr.o)
                0x08009248                _realloc_r
 .text.__ascii_wctomb
                0x0800958c       0x1c C:/environ/arm-gnu-toolchain/arm-gnu-toolchain-13.3.rel1-mingw-w64-i686-arm-none-eabi/bin/../lib/gcc/arm-none-eabi/13.3.1/thumb/v7e-m/nofp\libg.a(libc_a-wctomb_r.o)
                0x0800958c                __ascii_wctomb
 .text._wcrtomb_r
                0x080095a8       0x4c C:/environ/arm-gnu-toolchain/arm-gnu-toolchain-13.3.rel1-mingw-w64-i686-arm-none-eabi/bin/../lib/gcc/arm-none-eabi/13.3.1/thumb/v7e-m/nofp\libg.a(libc_a-wcrtomb.o)
                0x080095a8                _wcrtomb_r
 .text._wcsrtombs_r
                0x080095f4       0x1c C:/environ/arm-gnu-toolchain/arm-gnu-toolchain-13.3.rel1-mingw-w64-i686-arm-none-eabi/bin/../lib/gcc/arm-none-eabi/13.3.1/thumb/v7e-m/nofp\libg.a(libc_a-wcsrtombs.o)
                0x080095f4                _wcsrtombs_r
 .text.__smakebuf_r
                0x08009610       0xdc C:/environ/arm-gnu-toolchain/arm-gnu-toolchain-13.3.rel1-mingw-w64-i686-arm-none-eabi/bin/../lib/gcc/arm-none-eabi/13.3.1/thumb/v7e-m/nofp\libg.a(libc_a-makebuf.o)
                0x08009610                __smakebuf_r
 .text._fstat_r
                0x080096ec       0x2c C:/environ/arm-gnu-toolchain/arm-gnu-toolchain-13.3.rel1-mingw-w64-i686-arm-none-eabi/bin/../lib/gcc/arm-none-eabi/13.3.1/thumb/v7e-m/nofp\libg.a(libc_a-fstatr.o)
                0x080096ec                _fstat_r
 .text._isatty_r
                0x08009718       0x24 C:/environ/arm-gnu-toolchain/arm-gnu-toolchain-13.3.rel1-mingw-w64-i686-arm-none-eabi/bin/../lib/gcc/arm-none-eabi/13.3.1/thumb/v7e-m/nofp\libg.a(libc_a-isattyr.o)
                0x08009718                _isatty_r
 .text.__assert_func
                0x0800973c       0x40 C:/environ/arm-gnu-toolchain/arm-gnu-toolchain-13.3.rel1-mingw-w64-i686-arm-none-eabi/bin/../lib/gcc/arm-none-eabi/13.3.1/thumb/v7e-m/nofp\libg.a(libc_a-assert.o)
                0x0800973c                __assert_func
 .text._calloc_r
                0x0800977c       0x6c C:/environ/arm-gnu-toolchain/arm-gnu-toolchain-13.3.rel1-mingw-w64-i686-arm-none-eabi/bin/../lib/gcc/arm-none-eabi/13.3.1/thumb/v7e-m/nofp\libg.a(libc_a-callocr.o)
                0x0800977c                _calloc_r
 .text._wcsnrtombs_l
                0x080097e8       0xec C:/environ/arm-gnu-toolchain/arm-gnu-toolchain-13.3.rel1-mingw-w64-i686-arm-none-eabi/bin/../lib/gcc/arm-none-eabi/13.3.1/thumb/v7e-m/nofp\libg.a(libc_a-wcsnrtombs.o)
                0x080097e8                _wcsnrtombs_l
 .text._wcsnrtombs_r
                0x080098d4       0x24 C:/environ/arm-gnu-toolchain/arm-gnu-toolchain-13.3.rel1-mingw-w64-i686-arm-none-eabi/bin/../lib/gcc/arm-none-eabi/13.3.1/thumb/v7e-m/nofp\libg.a(libc_a-wcsnrtombs.o)
                0x080098d4                _wcsnrtombs_r
 .text.fiprintf
                0x080098f8       0x28 C:/environ/arm-gnu-toolchain/arm-gnu-toolchain-13.3.rel1-mingw-w64-i686-arm-none-eabi/bin/../lib/gcc/arm-none-eabi/13.3.1/thumb/v7e-m/nofp\libg.a(libc_a-fiprintf.o)
                0x080098f8                fiprintf
 .text._vfiprintf_r
                0x08009920      0xe6c C:/environ/arm-gnu-toolchain/arm-gnu-toolchain-13.3.rel1-mingw-w64-i686-arm-none-eabi/bin/../lib/gcc/arm-none-eabi/13.3.1/thumb/v7e-m/nofp\libg.a(libc_a-vfiprintf.o)
                0x08009920                _vfiprintf_r
 .text.__sbprintf
                0x0800a78c       0x80 C:/environ/arm-gnu-toolchain/arm-gnu-toolchain-13.3.rel1-mingw-w64-i686-arm-none-eabi/bin/../lib/gcc/arm-none-eabi/13.3.1/thumb/v7e-m/nofp\libg.a(libc_a-vfiprintf.o)
 .text.abort    0x0800a80c       0x10 C:/environ/arm-gnu-toolchain/arm-gnu-toolchain-13.3.rel1-mingw-w64-i686-arm-none-eabi/bin/../lib/gcc/arm-none-eabi/13.3.1/thumb/v7e-m/nofp\libg.a(libc_a-abort.o)
                0x0800a80c                abort
 .text.raise    0x0800a81c       0x58 C:/environ/arm-gnu-toolchain/arm-gnu-toolchain-13.3.rel1-mingw-w64-i686-arm-none-eabi/bin/../lib/gcc/arm-none-eabi/13.3.1/thumb/v7e-m/nofp\libg.a(libc_a-signal.o)
                0x0800a81c                raise
 .text._kill_r  0x0800a874       0x2c C:/environ/arm-gnu-toolchain/arm-gnu-toolchain-13.3.rel1-mingw-w64-i686-arm-none-eabi/bin/../lib/gcc/arm-none-eabi/13.3.1/thumb/v7e-m/nofp\libg.a(libc_a-signalr.o)
                0x0800a874                _kill_r
 .text._getpid_r
                0x0800a8a0        0x4 C:/environ/arm-gnu-toolchain/arm-gnu-toolchain-13.3.rel1-mingw-w64-i686-arm-none-eabi/bin/../lib/gcc/arm-none-eabi/13.3.1/thumb/v7e-m/nofp\libg.a(libc_a-signalr.o)
                0x0800a8a0                _getpid_r
 *(.glue_7)
 .glue_7        0x0800a8a4        0x0 linker stubs
 *(.glue_7t)
 .glue_7t       0x0800a8a4        0x0 linker stubs
 *(.eh_frame)
 .eh_frame      0x0800a8a4        0x0 C:/environ/arm-gnu-toolchain/arm-gnu-toolchain-13.3.rel1-mingw-w64-i686-arm-none-eabi/bin/../lib/gcc/arm-none-eabi/13.3.1/thumb/v7e-m/nofp/crtbegin.o
 *(.init)
 .init          0x0800a8a4        0x4 C:/environ/arm-gnu-toolchain/arm-gnu-toolchain-13.3.rel1-mingw-w64-i686-arm-none-eabi/bin/../lib/gcc/arm-none-eabi/13.3.1/thumb/v7e-m/nofp/crti.o
                0x0800a8a4                _init
 .init          0x0800a8a8        0x8 C:/environ/arm-gnu-toolchain/arm-gnu-toolchain-13.3.rel1-mingw-w64-i686-arm-none-eabi/bin/../lib/gcc/arm-none-eabi/13.3.1/thumb/v7e-m/nofp/crtn.o
 *(.fini)
 .fini          0x0800a8b0        0x4 C:/environ/arm-gnu-toolchain/arm-gnu-toolchain-13.3.rel1-mingw-w64-i686-arm-none-eabi/bin/../lib/gcc/arm-none-eabi/13.3.1/thumb/v7e-m/nofp/crti.o
                0x0800a8b0                _fini
 .fini          0x0800a8b4        0x8 C:/environ/arm-gnu-toolchain/arm-gnu-toolchain-13.3.rel1-mingw-w64-i686-arm-none-eabi/bin/../lib/gcc/arm-none-eabi/13.3.1/thumb/v7e-m/nofp/crtn.o
                0x0800a8bc                        . = ALIGN (0x4)
                0x0800a8bc                        _etext = .

.vfp11_veneer   0x0800a8bc        0x0
 .vfp11_veneer  0x0800a8bc        0x0 linker stubs

.v4_bx          0x0800a8bc        0x0
 .v4_bx         0x0800a8bc        0x0 linker stubs

.iplt           0x0800a8bc        0x0
 .iplt          0x0800a8bc        0x0 C:/environ/arm-gnu-toolchain/arm-gnu-toolchain-13.3.rel1-mingw-w64-i686-arm-none-eabi/bin/../lib/gcc/arm-none-eabi/13.3.1/thumb/v7e-m/nofp/crtbegin.o

.rodata         0x0800a8c0      0x44c
                0x0800a8c0                        . = ALIGN (0x4)
 *(.rodata)
 *(.rodata*)
 .rodata.main.str1.4
                0x0800a8c0      0x1eb CMakeFiles/CAN0.elf.dir/Core/Src/main.c.obj
                                 0x40 (size before relaxing)
 *fill*         0x0800aaab        0x1 
 .rodata.APBPrescTable
                0x0800aaac        0x8 CMakeFiles/CAN0.elf.dir/Core/Src/system_stm32f4xx.c.obj
                0x0800aaac                APBPrescTable
 .rodata.AHBPrescTable
                0x0800aab4       0x10 CMakeFiles/CAN0.elf.dir/Core/Src/system_stm32f4xx.c.obj
                0x0800aab4                AHBPrescTable
 .rodata.flagBitshiftOffset.0
                0x0800aac4        0x8 CMakeFiles/CAN0.elf.dir/Drivers/STM32F4xx_HAL_Driver/Src/stm32f4xx_hal_dma.c.obj
 .rodata._puts_r.str1.4
                0x0800aacc        0x2 C:/environ/arm-gnu-toolchain/arm-gnu-toolchain-13.3.rel1-mingw-w64-i686-arm-none-eabi/bin/../lib/gcc/arm-none-eabi/13.3.1/thumb/v7e-m/nofp\libg.a(libc_a-puts.o)
 .rodata._vfprintf_r.str1.4
                0x0800aacc       0x42 C:/environ/arm-gnu-toolchain/arm-gnu-toolchain-13.3.rel1-mingw-w64-i686-arm-none-eabi/bin/../lib/gcc/arm-none-eabi/13.3.1/thumb/v7e-m/nofp\libg.a(libc_a-vfprintf.o)
 .rodata.zeroes.0
                0x0800aacc       0x10 C:/environ/arm-gnu-toolchain/arm-gnu-toolchain-13.3.rel1-mingw-w64-i686-arm-none-eabi/bin/../lib/gcc/arm-none-eabi/13.3.1/thumb/v7e-m/nofp\libg.a(libc_a-vfprintf.o)
 .rodata.blanks.1
                0x0800aadc       0x10 C:/environ/arm-gnu-toolchain/arm-gnu-toolchain-13.3.rel1-mingw-w64-i686-arm-none-eabi/bin/../lib/gcc/arm-none-eabi/13.3.1/thumb/v7e-m/nofp\libg.a(libc_a-vfprintf.o)
 .rodata.str1.4
                0x0800aaec       0x4c C:/environ/arm-gnu-toolchain/arm-gnu-toolchain-13.3.rel1-mingw-w64-i686-arm-none-eabi/bin/../lib/gcc/arm-none-eabi/13.3.1/thumb/v7e-m/nofp\libg.a(libc_a-locale.o)
 .rodata._dtoa_r.str1.4
                0x0800aaec       0x81 C:/environ/arm-gnu-toolchain/arm-gnu-toolchain-13.3.rel1-mingw-w64-i686-arm-none-eabi/bin/../lib/gcc/arm-none-eabi/13.3.1/thumb/v7e-m/nofp\libg.a(libc_a-dtoa.o)
 .rodata.__multadd.str1.4
                0x0800aaec       0x6e C:/environ/arm-gnu-toolchain/arm-gnu-toolchain-13.3.rel1-mingw-w64-i686-arm-none-eabi/bin/../lib/gcc/arm-none-eabi/13.3.1/thumb/v7e-m/nofp\libg.a(libc_a-mprec.o)
 .rodata.p05.0  0x0800aaec        0xc C:/environ/arm-gnu-toolchain/arm-gnu-toolchain-13.3.rel1-mingw-w64-i686-arm-none-eabi/bin/../lib/gcc/arm-none-eabi/13.3.1/thumb/v7e-m/nofp\libg.a(libc_a-mprec.o)
 .rodata.__mprec_bigtens
                0x0800aaf8       0x28 C:/environ/arm-gnu-toolchain/arm-gnu-toolchain-13.3.rel1-mingw-w64-i686-arm-none-eabi/bin/../lib/gcc/arm-none-eabi/13.3.1/thumb/v7e-m/nofp\libg.a(libc_a-mprec.o)
                0x0800aaf8                __mprec_bigtens
 .rodata.__mprec_tens
                0x0800ab20       0xc8 C:/environ/arm-gnu-toolchain/arm-gnu-toolchain-13.3.rel1-mingw-w64-i686-arm-none-eabi/bin/../lib/gcc/arm-none-eabi/13.3.1/thumb/v7e-m/nofp\libg.a(libc_a-mprec.o)
                0x0800ab20                __mprec_tens
 .rodata._ctype_
                0x0800abe8      0x101 C:/environ/arm-gnu-toolchain/arm-gnu-toolchain-13.3.rel1-mingw-w64-i686-arm-none-eabi/bin/../lib/gcc/arm-none-eabi/13.3.1/thumb/v7e-m/nofp\libg.a(libc_a-ctype_.o)
                0x0800abe8                _ctype_
 .rodata.__assert_func.str1.4
                0x0800ace9       0x43 C:/environ/arm-gnu-toolchain/arm-gnu-toolchain-13.3.rel1-mingw-w64-i686-arm-none-eabi/bin/../lib/gcc/arm-none-eabi/13.3.1/thumb/v7e-m/nofp\libg.a(libc_a-assert.o)
 .rodata._vfiprintf_r.str1.4
                0x0800ace9       0x2f C:/environ/arm-gnu-toolchain/arm-gnu-toolchain-13.3.rel1-mingw-w64-i686-arm-none-eabi/bin/../lib/gcc/arm-none-eabi/13.3.1/thumb/v7e-m/nofp\libg.a(libc_a-vfiprintf.o)
 *fill*         0x0800ace9        0x3 
 .rodata.zeroes.0
                0x0800acec       0x10 C:/environ/arm-gnu-toolchain/arm-gnu-toolchain-13.3.rel1-mingw-w64-i686-arm-none-eabi/bin/../lib/gcc/arm-none-eabi/13.3.1/thumb/v7e-m/nofp\libg.a(libc_a-vfiprintf.o)
 .rodata.blanks.1
                0x0800acfc       0x10 C:/environ/arm-gnu-toolchain/arm-gnu-toolchain-13.3.rel1-mingw-w64-i686-arm-none-eabi/bin/../lib/gcc/arm-none-eabi/13.3.1/thumb/v7e-m/nofp\libg.a(libc_a-vfiprintf.o)
                0x0800ad0c                        . = ALIGN (0x4)

.ARM.extab      0x0800ad0c        0x0
                0x0800ad0c                        . = ALIGN (0x4)
 *(.ARM.extab* .gnu.linkonce.armextab.*)
                0x0800ad0c                        . = ALIGN (0x4)

.ARM            0x0800ad0c        0x8
                0x0800ad0c                        . = ALIGN (0x4)
                0x0800ad0c                        __exidx_start = .
 *(.ARM.exidx*)
 .ARM.exidx     0x0800ad0c        0x8 C:/environ/arm-gnu-toolchain/arm-gnu-toolchain-13.3.rel1-mingw-w64-i686-arm-none-eabi/bin/../lib/gcc/arm-none-eabi/13.3.1/thumb/v7e-m/nofp\libg.a(libc_a-strlen.o)
 .ARM.exidx     0x0800ad14        0x0 C:/environ/arm-gnu-toolchain/arm-gnu-toolchain-13.3.rel1-mingw-w64-i686-arm-none-eabi/bin/../lib/gcc/arm-none-eabi/13.3.1/thumb/v7e-m/nofp\libg.a(libc_a-memchr.o)
                                  0x8 (size before relaxing)
 .ARM.exidx     0x0800ad14        0x0 C:/environ/arm-gnu-toolchain/arm-gnu-toolchain-13.3.rel1-mingw-w64-i686-arm-none-eabi/bin/../lib/gcc/arm-none-eabi/13.3.1/thumb/v7e-m/nofp\libg.a(libc_a-memcpy.o)
                                  0x8 (size before relaxing)
 .ARM.exidx.text.__udivmoddi4
                0x0800ad14        0x0 C:/environ/arm-gnu-toolchain/arm-gnu-toolchain-13.3.rel1-mingw-w64-i686-arm-none-eabi/bin/../lib/gcc/arm-none-eabi/13.3.1/thumb/v7e-m/nofp\libgcc.a(_udivmoddi4.o)
                                  0x8 (size before relaxing)
                0x0800ad14                        __exidx_end = .
                0x0800ad14                        . = ALIGN (0x4)

.preinit_array  0x0800ad14        0x0
                0x0800ad14                        . = ALIGN (0x4)
                0x0800ad14                        PROVIDE (__preinit_array_start = .)
 *(.preinit_array*)
                0x0800ad14                        PROVIDE (__preinit_array_end = .)
                0x0800ad14                        . = ALIGN (0x4)

.init_array     0x0800ad14        0x8
                0x0800ad14                        . = ALIGN (0x4)
                0x0800ad14                        PROVIDE (__init_array_start = .)
 *(SORT_BY_NAME(.init_array.*))
 .init_array.00000
                0x0800ad14        0x4 C:/environ/arm-gnu-toolchain/arm-gnu-toolchain-13.3.rel1-mingw-w64-i686-arm-none-eabi/bin/../lib/gcc/arm-none-eabi/13.3.1/thumb/v7e-m/nofp\libg.a(libc_a-__call_atexit.o)
 *(.init_array*)
 .init_array    0x0800ad18        0x4 C:/environ/arm-gnu-toolchain/arm-gnu-toolchain-13.3.rel1-mingw-w64-i686-arm-none-eabi/bin/../lib/gcc/arm-none-eabi/13.3.1/thumb/v7e-m/nofp/crtbegin.o
                0x0800ad1c                        PROVIDE (__init_array_end = .)
                0x0800ad1c                        . = ALIGN (0x4)

.fini_array     0x0800ad1c        0x4
                0x0800ad1c                        . = ALIGN (0x4)
                0x0800ad1c                        PROVIDE (__fini_array_start = .)
 *(SORT_BY_NAME(.fini_array.*))
 *(.fini_array*)
 .fini_array    0x0800ad1c        0x4 C:/environ/arm-gnu-toolchain/arm-gnu-toolchain-13.3.rel1-mingw-w64-i686-arm-none-eabi/bin/../lib/gcc/arm-none-eabi/13.3.1/thumb/v7e-m/nofp/crtbegin.o
                0x0800ad20                        PROVIDE (__fini_array_end = .)
                0x0800ad20                        . = ALIGN (0x4)
                0x0800ad20                        _sidata = LOADADDR (.data)

.rel.dyn        0x0800ad20        0x0
 .rel.iplt      0x0800ad20        0x0 C:/environ/arm-gnu-toolchain/arm-gnu-toolchain-13.3.rel1-mingw-w64-i686-arm-none-eabi/bin/../lib/gcc/arm-none-eabi/13.3.1/thumb/v7e-m/nofp/crtbegin.o

.data           0x20000000      0x6fc load address 0x0800ad20
                0x20000000                        . = ALIGN (0x4)
                0x20000000                        _sdata = .
 *(.data)
 *(.data*)
 .data.max_speed_change
                0x20000000        0x2 CMakeFiles/CAN0.elf.dir/Core/Src/main.c.obj
                0x20000000                max_speed_change
 *fill*         0x20000002        0x2 
 .data.SystemCoreClock
                0x20000004        0x4 CMakeFiles/CAN0.elf.dir/Core/Src/system_stm32f4xx.c.obj
                0x20000004                SystemCoreClock
 .data.defalutPara
                0x20000008       0x18 CMakeFiles/CAN0.elf.dir/Core/Src/transmission.c.obj
                0x20000008                defalutPara
 .data.control_mode
                0x20000020        0x1 CMakeFiles/CAN0.elf.dir/Core/Src/transmission.c.obj
                0x20000020                control_mode
 .data.uwTickFreq
                0x20000021        0x1 CMakeFiles/CAN0.elf.dir/Drivers/STM32F4xx_HAL_Driver/Src/stm32f4xx_hal.c.obj
                0x20000021                uwTickFreq
 *fill*         0x20000022        0x2 
 .data.uwTickPrio
                0x20000024        0x4 CMakeFiles/CAN0.elf.dir/Drivers/STM32F4xx_HAL_Driver/Src/stm32f4xx_hal.c.obj
                0x20000024                uwTickPrio
 .data.__sglue  0x20000028        0xc C:/environ/arm-gnu-toolchain/arm-gnu-toolchain-13.3.rel1-mingw-w64-i686-arm-none-eabi/bin/../lib/gcc/arm-none-eabi/13.3.1/thumb/v7e-m/nofp\libg.a(libc_a-findfp.o)
                0x20000028                __sglue
 .data._impure_ptr
                0x20000034        0x4 C:/environ/arm-gnu-toolchain/arm-gnu-toolchain-13.3.rel1-mingw-w64-i686-arm-none-eabi/bin/../lib/gcc/arm-none-eabi/13.3.1/thumb/v7e-m/nofp\libg.a(libc_a-impure.o)
                0x20000034                _impure_ptr
 .data._impure_data
                0x20000038      0x140 C:/environ/arm-gnu-toolchain/arm-gnu-toolchain-13.3.rel1-mingw-w64-i686-arm-none-eabi/bin/../lib/gcc/arm-none-eabi/13.3.1/thumb/v7e-m/nofp\libg.a(libc_a-impure.o)
                0x20000038                _impure_data
 .data.__atexit_recursive_mutex
                0x20000178        0x4 C:/environ/arm-gnu-toolchain/arm-gnu-toolchain-13.3.rel1-mingw-w64-i686-arm-none-eabi/bin/../lib/gcc/arm-none-eabi/13.3.1/thumb/v7e-m/nofp\libg.a(libc_a-__call_atexit.o)
                0x20000178                __atexit_recursive_mutex
 .data.__malloc_sbrk_base
                0x2000017c        0x4 C:/environ/arm-gnu-toolchain/arm-gnu-toolchain-13.3.rel1-mingw-w64-i686-arm-none-eabi/bin/../lib/gcc/arm-none-eabi/13.3.1/thumb/v7e-m/nofp\libg.a(libc_a-mallocr.o)
                0x2000017c                __malloc_sbrk_base
 .data.__malloc_trim_threshold
                0x20000180        0x4 C:/environ/arm-gnu-toolchain/arm-gnu-toolchain-13.3.rel1-mingw-w64-i686-arm-none-eabi/bin/../lib/gcc/arm-none-eabi/13.3.1/thumb/v7e-m/nofp\libg.a(libc_a-mallocr.o)
                0x20000180                __malloc_trim_threshold
 *fill*         0x20000184        0x4 
 .data.__malloc_av_
                0x20000188      0x408 C:/environ/arm-gnu-toolchain/arm-gnu-toolchain-13.3.rel1-mingw-w64-i686-arm-none-eabi/bin/../lib/gcc/arm-none-eabi/13.3.1/thumb/v7e-m/nofp\libg.a(libc_a-mallocr.o)
                0x20000188                __malloc_av_
 .data.__global_locale
                0x20000590      0x16c C:/environ/arm-gnu-toolchain/arm-gnu-toolchain-13.3.rel1-mingw-w64-i686-arm-none-eabi/bin/../lib/gcc/arm-none-eabi/13.3.1/thumb/v7e-m/nofp\libg.a(libc_a-locale.o)
                0x20000590                __global_locale
 *(.RamFunc)
 *(.RamFunc*)
                0x200006fc                        . = ALIGN (0x4)
                0x200006fc                        _edata = .
                0x0800b41c                        _siccmram = LOADADDR (.ccmram)

.tm_clone_table
                0x200006fc        0x0 load address 0x0800b41c
 .tm_clone_table
                0x200006fc        0x0 C:/environ/arm-gnu-toolchain/arm-gnu-toolchain-13.3.rel1-mingw-w64-i686-arm-none-eabi/bin/../lib/gcc/arm-none-eabi/13.3.1/thumb/v7e-m/nofp/crtbegin.o
 .tm_clone_table
                0x200006fc        0x0 C:/environ/arm-gnu-toolchain/arm-gnu-toolchain-13.3.rel1-mingw-w64-i686-arm-none-eabi/bin/../lib/gcc/arm-none-eabi/13.3.1/thumb/v7e-m/nofp/crtend.o

.igot.plt       0x200006fc        0x0 load address 0x0800b41c
 .igot.plt      0x200006fc        0x0 C:/environ/arm-gnu-toolchain/arm-gnu-toolchain-13.3.rel1-mingw-w64-i686-arm-none-eabi/bin/../lib/gcc/arm-none-eabi/13.3.1/thumb/v7e-m/nofp/crtbegin.o

.ccmram         0x10000000        0x0 load address 0x0800b41c
                0x10000000                        . = ALIGN (0x4)
                0x10000000                        _sccmram = .
 *(.ccmram)
 *(.ccmram*)
                0x10000000                        . = ALIGN (0x4)
                0x10000000                        _eccmram = .
                0x10000000                        . = ALIGN (0x4)

.bss            0x200006fc      0xc1c
                0x200006fc                        _sbss = .
                0x200006fc                        __bss_start__ = _sbss
 *(.bss)
 *(.bss*)
 .bss.completed.1
                0x200006fc        0x1 C:/environ/arm-gnu-toolchain/arm-gnu-toolchain-13.3.rel1-mingw-w64-i686-arm-none-eabi/bin/../lib/gcc/arm-none-eabi/13.3.1/thumb/v7e-m/nofp/crtbegin.o
 *fill*         0x200006fd        0x3 
 .bss.object.0  0x20000700       0x18 C:/environ/arm-gnu-toolchain/arm-gnu-toolchain-13.3.rel1-mingw-w64-i686-arm-none-eabi/bin/../lib/gcc/arm-none-eabi/13.3.1/thumb/v7e-m/nofp/crtbegin.o
 .bss.CAN_RxData
                0x20000718        0x8 CMakeFiles/CAN0.elf.dir/Core/Src/can.c.obj
                0x20000718                CAN_RxData
 .bss.RxHeader  0x20000720       0x1c CMakeFiles/CAN0.elf.dir/Core/Src/can.c.obj
                0x20000720                RxHeader
 .bss.hcan1     0x2000073c       0x28 CMakeFiles/CAN0.elf.dir/Core/Src/can.c.obj
                0x2000073c                hcan1
 .bss.delta     0x20000764        0x2 CMakeFiles/CAN0.elf.dir/Core/Src/main.c.obj
                0x20000764                delta
 *fill*         0x20000766        0x2 
 .bss.set_speed_temp
                0x20000768        0x4 CMakeFiles/CAN0.elf.dir/Core/Src/main.c.obj
                0x20000768                set_speed_temp
 .bss.pid_position
                0x2000076c      0x1b0 CMakeFiles/CAN0.elf.dir/Core/Src/main.c.obj
                0x2000076c                pid_position
 .bss.pid_speed
                0x2000091c      0x1b0 CMakeFiles/CAN0.elf.dir/Core/Src/main.c.obj
                0x2000091c                pid_speed
 .bss.i         0x20000acc        0x1 CMakeFiles/CAN0.elf.dir/Core/Src/main.c.obj
                0x20000acc                i
 *fill*         0x20000acd        0x3 
 .bss.run_cnt   0x20000ad0        0x4 CMakeFiles/CAN0.elf.dir/Core/Src/main.c.obj
                0x20000ad0                run_cnt
 .bss.moto_chassis
                0x20000ad4       0xb0 CMakeFiles/CAN0.elf.dir/Core/Src/motor.c.obj
                0x20000ad4                moto_chassis
 .bss.__sbrk_heap_end
                0x20000b84        0x4 CMakeFiles/CAN0.elf.dir/Core/Src/sysmem.c.obj
 .bss.pid2_change_flag
                0x20000b88        0x1 CMakeFiles/CAN0.elf.dir/Core/Src/transmission.c.obj
                0x20000b88                pid2_change_flag
 .bss.pid1_change_flag
                0x20000b89        0x1 CMakeFiles/CAN0.elf.dir/Core/Src/transmission.c.obj
                0x20000b89                pid1_change_flag
 *fill*         0x20000b8a        0x2 
 .bss.set_current
                0x20000b8c       0x10 CMakeFiles/CAN0.elf.dir/Core/Src/transmission.c.obj
                0x20000b8c                set_current
 .bss.set_speed
                0x20000b9c       0x10 CMakeFiles/CAN0.elf.dir/Core/Src/transmission.c.obj
                0x20000b9c                set_speed
 .bss.set_position
                0x20000bac       0x10 CMakeFiles/CAN0.elf.dir/Core/Src/transmission.c.obj
                0x20000bac                set_position
 .bss.motorPara
                0x20000bbc       0x60 CMakeFiles/CAN0.elf.dir/Core/Src/transmission.c.obj
                0x20000bbc                motorPara
 .bss.hdma_usart3_tx
                0x20000c1c       0x60 CMakeFiles/CAN0.elf.dir/Core/Src/usart.c.obj
                0x20000c1c                hdma_usart3_tx
 .bss.hdma_usart3_rx
                0x20000c7c       0x60 CMakeFiles/CAN0.elf.dir/Core/Src/usart.c.obj
                0x20000c7c                hdma_usart3_rx
 .bss.huart3    0x20000cdc       0x48 CMakeFiles/CAN0.elf.dir/Core/Src/usart.c.obj
                0x20000cdc                huart3
 .bss.huart1    0x20000d24       0x48 CMakeFiles/CAN0.elf.dir/Core/Src/usart.c.obj
                0x20000d24                huart1
 .bss.aRxBuffer3
                0x20000d6c       0x80 CMakeFiles/CAN0.elf.dir/Core/Src/usart.c.obj
                0x20000d6c                aRxBuffer3
 .bss.UART3_Handler
                0x20000dec       0x48 CMakeFiles/CAN0.elf.dir/Core/Src/usart.c.obj
                0x20000dec                UART3_Handler
 .bss.USART3_RX_STA
                0x20000e34        0x2 CMakeFiles/CAN0.elf.dir/Core/Src/usart.c.obj
                0x20000e34                USART3_RX_STA
 *fill*         0x20000e36        0x2 
 .bss.USART3_RX_BUF
                0x20000e38      0x100 CMakeFiles/CAN0.elf.dir/Core/Src/usart.c.obj
                0x20000e38                USART3_RX_BUF
 .bss.UART1_Handler
                0x20000f38       0x48 CMakeFiles/CAN0.elf.dir/Core/Src/usart.c.obj
                0x20000f38                UART1_Handler
 .bss.aRxBuffer1
                0x20000f80       0x80 CMakeFiles/CAN0.elf.dir/Core/Src/usart.c.obj
                0x20000f80                aRxBuffer1
 .bss.uwTick    0x20001000        0x4 CMakeFiles/CAN0.elf.dir/Drivers/STM32F4xx_HAL_Driver/Src/stm32f4xx_hal.c.obj
                0x20001000                uwTick
 .bss.__sf      0x20001004      0x138 C:/environ/arm-gnu-toolchain/arm-gnu-toolchain-13.3.rel1-mingw-w64-i686-arm-none-eabi/bin/../lib/gcc/arm-none-eabi/13.3.1/thumb/v7e-m/nofp\libg.a(libc_a-findfp.o)
                0x20001004                __sf
 .bss.__stdio_exit_handler
                0x2000113c        0x4 C:/environ/arm-gnu-toolchain/arm-gnu-toolchain-13.3.rel1-mingw-w64-i686-arm-none-eabi/bin/../lib/gcc/arm-none-eabi/13.3.1/thumb/v7e-m/nofp\libg.a(libc_a-findfp.o)
                0x2000113c                __stdio_exit_handler
 .bss.errno     0x20001140        0x4 C:/environ/arm-gnu-toolchain/arm-gnu-toolchain-13.3.rel1-mingw-w64-i686-arm-none-eabi/bin/../lib/gcc/arm-none-eabi/13.3.1/thumb/v7e-m/nofp\libg.a(libc_a-reent.o)
                0x20001140                errno
 .bss.__lock___malloc_recursive_mutex
                0x20001144        0x1 C:/environ/arm-gnu-toolchain/arm-gnu-toolchain-13.3.rel1-mingw-w64-i686-arm-none-eabi/bin/../lib/gcc/arm-none-eabi/13.3.1/thumb/v7e-m/nofp\libg.a(libc_a-lock.o)
                0x20001144                __lock___malloc_recursive_mutex
 *fill*         0x20001145        0x3 
 .bss.__lock___atexit_recursive_mutex
                0x20001148        0x1 C:/environ/arm-gnu-toolchain/arm-gnu-toolchain-13.3.rel1-mingw-w64-i686-arm-none-eabi/bin/../lib/gcc/arm-none-eabi/13.3.1/thumb/v7e-m/nofp\libg.a(libc_a-lock.o)
                0x20001148                __lock___atexit_recursive_mutex
 *fill*         0x20001149        0x3 
 .bss.__lock___sfp_recursive_mutex
                0x2000114c        0x1 C:/environ/arm-gnu-toolchain/arm-gnu-toolchain-13.3.rel1-mingw-w64-i686-arm-none-eabi/bin/../lib/gcc/arm-none-eabi/13.3.1/thumb/v7e-m/nofp\libg.a(libc_a-lock.o)
                0x2000114c                __lock___sfp_recursive_mutex
 *fill*         0x2000114d        0x3 
 .bss.__atexit  0x20001150        0x4 C:/environ/arm-gnu-toolchain/arm-gnu-toolchain-13.3.rel1-mingw-w64-i686-arm-none-eabi/bin/../lib/gcc/arm-none-eabi/13.3.1/thumb/v7e-m/nofp\libg.a(libc_a-__call_atexit.o)
                0x20001150                __atexit
 .bss.__malloc_current_mallinfo
                0x20001154       0x28 C:/environ/arm-gnu-toolchain/arm-gnu-toolchain-13.3.rel1-mingw-w64-i686-arm-none-eabi/bin/../lib/gcc/arm-none-eabi/13.3.1/thumb/v7e-m/nofp\libg.a(libc_a-mallocr.o)
                0x20001154                __malloc_current_mallinfo
 .bss.__malloc_max_total_mem
                0x2000117c        0x4 C:/environ/arm-gnu-toolchain/arm-gnu-toolchain-13.3.rel1-mingw-w64-i686-arm-none-eabi/bin/../lib/gcc/arm-none-eabi/13.3.1/thumb/v7e-m/nofp\libg.a(libc_a-mallocr.o)
                0x2000117c                __malloc_max_total_mem
 .bss.__malloc_max_sbrked_mem
                0x20001180        0x4 C:/environ/arm-gnu-toolchain/arm-gnu-toolchain-13.3.rel1-mingw-w64-i686-arm-none-eabi/bin/../lib/gcc/arm-none-eabi/13.3.1/thumb/v7e-m/nofp\libg.a(libc_a-mallocr.o)
                0x20001180                __malloc_max_sbrked_mem
 .bss.__malloc_top_pad
                0x20001184        0x4 C:/environ/arm-gnu-toolchain/arm-gnu-toolchain-13.3.rel1-mingw-w64-i686-arm-none-eabi/bin/../lib/gcc/arm-none-eabi/13.3.1/thumb/v7e-m/nofp\libg.a(libc_a-mallocr.o)
                0x20001184                __malloc_top_pad
 .bss.__atexit0
                0x20001188      0x190 C:/environ/arm-gnu-toolchain/arm-gnu-toolchain-13.3.rel1-mingw-w64-i686-arm-none-eabi/bin/../lib/gcc/arm-none-eabi/13.3.1/thumb/v7e-m/nofp\libg.a(libc_a-__atexit.o)
                0x20001188                __atexit0
 *(COMMON)
                0x20001318                        . = ALIGN (0x4)
                0x20001318                        _ebss = .
                0x20001318                        __bss_end__ = _ebss

._user_heap_stack
                0x20001318      0x600
                0x20001318                        . = ALIGN (0x8)
                [!provide]                        PROVIDE (end = .)
                0x20001318                        PROVIDE (_end = .)
                0x20001518                        . = (. + _Min_Heap_Size)
 *fill*         0x20001318      0x200 
                0x20001918                        . = (. + _Min_Stack_Size)
 *fill*         0x20001518      0x400 
                0x20001918                        . = ALIGN (0x8)

/DISCARD/
 libc.a(*)
 libm.a(*)
 libgcc.a(*)

.ARM.attributes
                0x00000000       0x2a
 *(.ARM.attributes)
 .ARM.attributes
                0x00000000       0x1e C:/environ/arm-gnu-toolchain/arm-gnu-toolchain-13.3.rel1-mingw-w64-i686-arm-none-eabi/bin/../lib/gcc/arm-none-eabi/13.3.1/thumb/v7e-m/nofp/crti.o
 .ARM.attributes
                0x0000001e       0x2e C:/environ/arm-gnu-toolchain/arm-gnu-toolchain-13.3.rel1-mingw-w64-i686-arm-none-eabi/bin/../lib/gcc/arm-none-eabi/13.3.1/thumb/v7e-m/nofp/crtbegin.o
 .ARM.attributes
                0x0000004c       0x2e CMakeFiles/CAN0.elf.dir/Core/Src/can.c.obj
 .ARM.attributes
                0x0000007a       0x2e CMakeFiles/CAN0.elf.dir/Core/Src/dma.c.obj
 .ARM.attributes
                0x000000a8       0x2e CMakeFiles/CAN0.elf.dir/Core/Src/gpio.c.obj
 .ARM.attributes
                0x000000d6       0x2e CMakeFiles/CAN0.elf.dir/Core/Src/main.c.obj
 .ARM.attributes
                0x00000104       0x2e CMakeFiles/CAN0.elf.dir/Core/Src/motor.c.obj
 .ARM.attributes
                0x00000132       0x2e CMakeFiles/CAN0.elf.dir/Core/Src/motor_pid.c.obj
 .ARM.attributes
                0x00000160       0x2e CMakeFiles/CAN0.elf.dir/Core/Src/stm32f4xx_hal_msp.c.obj
 .ARM.attributes
                0x0000018e       0x2e CMakeFiles/CAN0.elf.dir/Core/Src/stm32f4xx_it.c.obj
 .ARM.attributes
                0x000001bc       0x2e CMakeFiles/CAN0.elf.dir/Core/Src/syscalls.c.obj
 .ARM.attributes
                0x000001ea       0x2e CMakeFiles/CAN0.elf.dir/Core/Src/sysmem.c.obj
 .ARM.attributes
                0x00000218       0x2e CMakeFiles/CAN0.elf.dir/Core/Src/system_stm32f4xx.c.obj
 .ARM.attributes
                0x00000246       0x2e CMakeFiles/CAN0.elf.dir/Core/Src/transmission.c.obj
 .ARM.attributes
                0x00000274       0x2e CMakeFiles/CAN0.elf.dir/Core/Src/usart.c.obj
 .ARM.attributes
                0x000002a2       0x21 CMakeFiles/CAN0.elf.dir/Core/Startup/startup_stm32f407zgtx.s.obj
 .ARM.attributes
                0x000002c3       0x2e CMakeFiles/CAN0.elf.dir/Drivers/STM32F4xx_HAL_Driver/Src/stm32f4xx_hal.c.obj
 .ARM.attributes
                0x000002f1       0x2e CMakeFiles/CAN0.elf.dir/Drivers/STM32F4xx_HAL_Driver/Src/stm32f4xx_hal_can.c.obj
 .ARM.attributes
                0x0000031f       0x2e CMakeFiles/CAN0.elf.dir/Drivers/STM32F4xx_HAL_Driver/Src/stm32f4xx_hal_cortex.c.obj
 .ARM.attributes
                0x0000034d       0x2e CMakeFiles/CAN0.elf.dir/Drivers/STM32F4xx_HAL_Driver/Src/stm32f4xx_hal_dma.c.obj
 .ARM.attributes
                0x0000037b       0x2e CMakeFiles/CAN0.elf.dir/Drivers/STM32F4xx_HAL_Driver/Src/stm32f4xx_hal_gpio.c.obj
 .ARM.attributes
                0x000003a9       0x2e CMakeFiles/CAN0.elf.dir/Drivers/STM32F4xx_HAL_Driver/Src/stm32f4xx_hal_rcc.c.obj
 .ARM.attributes
                0x000003d7       0x2e CMakeFiles/CAN0.elf.dir/Drivers/STM32F4xx_HAL_Driver/Src/stm32f4xx_hal_uart.c.obj
 .ARM.attributes
                0x00000405       0x1e C:/environ/arm-gnu-toolchain/arm-gnu-toolchain-13.3.rel1-mingw-w64-i686-arm-none-eabi/bin/../lib/gcc/arm-none-eabi/13.3.1/thumb/v7e-m/nofp\libgcc.a(_arm_addsubdf3.o)
 .ARM.attributes
                0x00000423       0x1e C:/environ/arm-gnu-toolchain/arm-gnu-toolchain-13.3.rel1-mingw-w64-i686-arm-none-eabi/bin/../lib/gcc/arm-none-eabi/13.3.1/thumb/v7e-m/nofp\libgcc.a(_arm_addsubsf3.o)
 .ARM.attributes
                0x00000441       0x1e C:/environ/arm-gnu-toolchain/arm-gnu-toolchain-13.3.rel1-mingw-w64-i686-arm-none-eabi/bin/../lib/gcc/arm-none-eabi/13.3.1/thumb/v7e-m/nofp\libgcc.a(_arm_muldivsf3.o)
 .ARM.attributes
                0x0000045f       0x1e C:/environ/arm-gnu-toolchain/arm-gnu-toolchain-13.3.rel1-mingw-w64-i686-arm-none-eabi/bin/../lib/gcc/arm-none-eabi/13.3.1/thumb/v7e-m/nofp\libgcc.a(_arm_cmpsf2.o)
 .ARM.attributes
                0x0000047d       0x1e C:/environ/arm-gnu-toolchain/arm-gnu-toolchain-13.3.rel1-mingw-w64-i686-arm-none-eabi/bin/../lib/gcc/arm-none-eabi/13.3.1/thumb/v7e-m/nofp\libgcc.a(_arm_fixsfsi.o)
 .ARM.attributes
                0x0000049b       0x1e C:/environ/arm-gnu-toolchain/arm-gnu-toolchain-13.3.rel1-mingw-w64-i686-arm-none-eabi/bin/../lib/gcc/arm-none-eabi/13.3.1/thumb/v7e-m/nofp\libgcc.a(_aeabi_uldivmod.o)
 .ARM.attributes
                0x000004b9       0x2e C:/environ/arm-gnu-toolchain/arm-gnu-toolchain-13.3.rel1-mingw-w64-i686-arm-none-eabi/bin/../lib/gcc/arm-none-eabi/13.3.1/thumb/v7e-m/nofp\libgcc.a(_udivmoddi4.o)
 .ARM.attributes
                0x000004e7       0x1e C:/environ/arm-gnu-toolchain/arm-gnu-toolchain-13.3.rel1-mingw-w64-i686-arm-none-eabi/bin/../lib/gcc/arm-none-eabi/13.3.1/thumb/v7e-m/nofp\libgcc.a(_dvmd_tls.o)
 .ARM.attributes
                0x00000505       0x2e C:/environ/arm-gnu-toolchain/arm-gnu-toolchain-13.3.rel1-mingw-w64-i686-arm-none-eabi/bin/../lib/gcc/arm-none-eabi/13.3.1/thumb/v7e-m/nofp\libg.a(libc_a-findfp.o)
 .ARM.attributes
                0x00000533       0x2e C:/environ/arm-gnu-toolchain/arm-gnu-toolchain-13.3.rel1-mingw-w64-i686-arm-none-eabi/bin/../lib/gcc/arm-none-eabi/13.3.1/thumb/v7e-m/nofp\libg.a(libc_a-fwalk.o)
 .ARM.attributes
                0x00000561       0x2e C:/environ/arm-gnu-toolchain/arm-gnu-toolchain-13.3.rel1-mingw-w64-i686-arm-none-eabi/bin/../lib/gcc/arm-none-eabi/13.3.1/thumb/v7e-m/nofp\libg.a(libc_a-printf.o)
 .ARM.attributes
                0x0000058f       0x2e C:/environ/arm-gnu-toolchain/arm-gnu-toolchain-13.3.rel1-mingw-w64-i686-arm-none-eabi/bin/../lib/gcc/arm-none-eabi/13.3.1/thumb/v7e-m/nofp\libg.a(libc_a-puts.o)
 .ARM.attributes
                0x000005bd       0x2e C:/environ/arm-gnu-toolchain/arm-gnu-toolchain-13.3.rel1-mingw-w64-i686-arm-none-eabi/bin/../lib/gcc/arm-none-eabi/13.3.1/thumb/v7e-m/nofp\libg.a(libc_a-stdio.o)
 .ARM.attributes
                0x000005eb       0x2e C:/environ/arm-gnu-toolchain/arm-gnu-toolchain-13.3.rel1-mingw-w64-i686-arm-none-eabi/bin/../lib/gcc/arm-none-eabi/13.3.1/thumb/v7e-m/nofp\libg.a(libc_a-memset.o)
 .ARM.attributes
                0x00000619       0x2e C:/environ/arm-gnu-toolchain/arm-gnu-toolchain-13.3.rel1-mingw-w64-i686-arm-none-eabi/bin/../lib/gcc/arm-none-eabi/13.3.1/thumb/v7e-m/nofp\libg.a(libc_a-closer.o)
 .ARM.attributes
                0x00000647       0x2e C:/environ/arm-gnu-toolchain/arm-gnu-toolchain-13.3.rel1-mingw-w64-i686-arm-none-eabi/bin/../lib/gcc/arm-none-eabi/13.3.1/thumb/v7e-m/nofp\libg.a(libc_a-reent.o)
 .ARM.attributes
                0x00000675       0x2e C:/environ/arm-gnu-toolchain/arm-gnu-toolchain-13.3.rel1-mingw-w64-i686-arm-none-eabi/bin/../lib/gcc/arm-none-eabi/13.3.1/thumb/v7e-m/nofp\libg.a(libc_a-impure.o)
 .ARM.attributes
                0x000006a3       0x2e C:/environ/arm-gnu-toolchain/arm-gnu-toolchain-13.3.rel1-mingw-w64-i686-arm-none-eabi/bin/../lib/gcc/arm-none-eabi/13.3.1/thumb/v7e-m/nofp\libg.a(libc_a-lseekr.o)
 .ARM.attributes
                0x000006d1       0x2e C:/environ/arm-gnu-toolchain/arm-gnu-toolchain-13.3.rel1-mingw-w64-i686-arm-none-eabi/bin/../lib/gcc/arm-none-eabi/13.3.1/thumb/v7e-m/nofp\libg.a(libc_a-readr.o)
 .ARM.attributes
                0x000006ff       0x2e C:/environ/arm-gnu-toolchain/arm-gnu-toolchain-13.3.rel1-mingw-w64-i686-arm-none-eabi/bin/../lib/gcc/arm-none-eabi/13.3.1/thumb/v7e-m/nofp\libg.a(libc_a-writer.o)
 .ARM.attributes
                0x0000072d       0x2e C:/environ/arm-gnu-toolchain/arm-gnu-toolchain-13.3.rel1-mingw-w64-i686-arm-none-eabi/bin/../lib/gcc/arm-none-eabi/13.3.1/thumb/v7e-m/nofp\libg.a(libc_a-errno.o)
 .ARM.attributes
                0x0000075b       0x2e C:/environ/arm-gnu-toolchain/arm-gnu-toolchain-13.3.rel1-mingw-w64-i686-arm-none-eabi/bin/../lib/gcc/arm-none-eabi/13.3.1/thumb/v7e-m/nofp\libg.a(libc_a-init.o)
 .ARM.attributes
                0x00000789       0x2e C:/environ/arm-gnu-toolchain/arm-gnu-toolchain-13.3.rel1-mingw-w64-i686-arm-none-eabi/bin/../lib/gcc/arm-none-eabi/13.3.1/thumb/v7e-m/nofp\libg.a(libc_a-lock.o)
 .ARM.attributes
                0x000007b7       0x1c C:/environ/arm-gnu-toolchain/arm-gnu-toolchain-13.3.rel1-mingw-w64-i686-arm-none-eabi/bin/../lib/gcc/arm-none-eabi/13.3.1/thumb/v7e-m/nofp\libg.a(libc_a-strlen.o)
 .ARM.attributes
                0x000007d3       0x2e C:/environ/arm-gnu-toolchain/arm-gnu-toolchain-13.3.rel1-mingw-w64-i686-arm-none-eabi/bin/../lib/gcc/arm-none-eabi/13.3.1/thumb/v7e-m/nofp\libg.a(libc_a-__call_atexit.o)
 .ARM.attributes
                0x00000801       0x2e C:/environ/arm-gnu-toolchain/arm-gnu-toolchain-13.3.rel1-mingw-w64-i686-arm-none-eabi/bin/../lib/gcc/arm-none-eabi/13.3.1/thumb/v7e-m/nofp\libg.a(libc_a-atexit.o)
 .ARM.attributes
                0x0000082f       0x2e C:/environ/arm-gnu-toolchain/arm-gnu-toolchain-13.3.rel1-mingw-w64-i686-arm-none-eabi/bin/../lib/gcc/arm-none-eabi/13.3.1/thumb/v7e-m/nofp\libg.a(libc_a-freer.o)
 .ARM.attributes
                0x0000085d       0x2e C:/environ/arm-gnu-toolchain/arm-gnu-toolchain-13.3.rel1-mingw-w64-i686-arm-none-eabi/bin/../lib/gcc/arm-none-eabi/13.3.1/thumb/v7e-m/nofp\libg.a(libc_a-mallocr.o)
 .ARM.attributes
                0x0000088b       0x2e C:/environ/arm-gnu-toolchain/arm-gnu-toolchain-13.3.rel1-mingw-w64-i686-arm-none-eabi/bin/../lib/gcc/arm-none-eabi/13.3.1/thumb/v7e-m/nofp\libg.a(libc_a-mlock.o)
 .ARM.attributes
                0x000008b9       0x2e C:/environ/arm-gnu-toolchain/arm-gnu-toolchain-13.3.rel1-mingw-w64-i686-arm-none-eabi/bin/../lib/gcc/arm-none-eabi/13.3.1/thumb/v7e-m/nofp\libg.a(libc_a-vfprintf.o)
 .ARM.attributes
                0x000008e7       0x2e C:/environ/arm-gnu-toolchain/arm-gnu-toolchain-13.3.rel1-mingw-w64-i686-arm-none-eabi/bin/../lib/gcc/arm-none-eabi/13.3.1/thumb/v7e-m/nofp\libg.a(libc_a-sprint_r.o)
 .ARM.attributes