Archive member included to satisfy reference by file (symbol)

C:/environ/arm-gnu-toolchain/arm-gnu-toolchain-13.3.rel1-mingw-w64-i686-arm-none-eabi/bin/../lib/gcc/arm-none-eabi/13.3.1/thumb/v7e-m/nofp\libgcc.a(_arm_mulsf3.o)
                              CMakeFiles/CAN0.elf.dir/Core/Src/bsp_can.c.obj (__aeabi_fmul)
C:/environ/arm-gnu-toolchain/arm-gnu-toolchain-13.3.rel1-mingw-w64-i686-arm-none-eabi/bin/../lib/gcc/arm-none-eabi/13.3.1/thumb/v7e-m/nofp\libgcc.a(_arm_addsubsf3.o)
                              CMakeFiles/CAN0.elf.dir/Core/Src/pid.c.obj (__aeabi_fsub)
C:/environ/arm-gnu-toolchain/arm-gnu-toolchain-13.3.rel1-mingw-w64-i686-arm-none-eabi/bin/../lib/gcc/arm-none-eabi/13.3.1/thumb/v7e-m/nofp\libgcc.a(_arm_cmpsf2.o)
                              CMakeFiles/CAN0.elf.dir/Core/Src/pid.c.obj (__aeabi_fcmplt)
C:/environ/arm-gnu-toolchain/arm-gnu-toolchain-13.3.rel1-mingw-w64-i686-arm-none-eabi/bin/../lib/gcc/arm-none-eabi/13.3.1/thumb/v7e-m/nofp\libgcc.a(_arm_fixsfsi.o)
                              CMakeFiles/CAN0.elf.dir/Core/Src/main.c.obj (__aeabi_f2iz)
C:/environ/arm-gnu-toolchain/arm-gnu-toolchain-13.3.rel1-mingw-w64-i686-arm-none-eabi/bin/../lib/gcc/arm-none-eabi/13.3.1/thumb/v7e-m/nofp\libgcc.a(_aeabi_uldivmod.o)
                              CMakeFiles/CAN0.elf.dir/Drivers/STM32F4xx_HAL_Driver/Src/stm32f4xx_hal_rcc.c.obj (__aeabi_uldivmod)
C:/environ/arm-gnu-toolchain/arm-gnu-toolchain-13.3.rel1-mingw-w64-i686-arm-none-eabi/bin/../lib/gcc/arm-none-eabi/13.3.1/thumb/v7e-m/nofp\libgcc.a(_udivmoddi4.o)
                              C:/environ/arm-gnu-toolchain/arm-gnu-toolchain-13.3.rel1-mingw-w64-i686-arm-none-eabi/bin/../lib/gcc/arm-none-eabi/13.3.1/thumb/v7e-m/nofp\libgcc.a(_aeabi_uldivmod.o) (__udivmoddi4)
C:/environ/arm-gnu-toolchain/arm-gnu-toolchain-13.3.rel1-mingw-w64-i686-arm-none-eabi/bin/../lib/gcc/arm-none-eabi/13.3.1/thumb/v7e-m/nofp\libgcc.a(_dvmd_tls.o)
                              C:/environ/arm-gnu-toolchain/arm-gnu-toolchain-13.3.rel1-mingw-w64-i686-arm-none-eabi/bin/../lib/gcc/arm-none-eabi/13.3.1/thumb/v7e-m/nofp\libgcc.a(_aeabi_uldivmod.o) (__aeabi_ldiv0)
C:/environ/arm-gnu-toolchain/arm-gnu-toolchain-13.3.rel1-mingw-w64-i686-arm-none-eabi/bin/../lib/gcc/arm-none-eabi/13.3.1/thumb/v7e-m/nofp\libg.a(libc_a-exit.o)
                              C:/environ/arm-gnu-toolchain/arm-gnu-toolchain-13.3.rel1-mingw-w64-i686-arm-none-eabi/bin/../lib/gcc/arm-none-eabi/13.3.1/thumb/v7e-m/nofp/crt0.o (exit)
C:/environ/arm-gnu-toolchain/arm-gnu-toolchain-13.3.rel1-mingw-w64-i686-arm-none-eabi/bin/../lib/gcc/arm-none-eabi/13.3.1/thumb/v7e-m/nofp\libg.a(libc_a-findfp.o)
                              C:/environ/arm-gnu-toolchain/arm-gnu-toolchain-13.3.rel1-mingw-w64-i686-arm-none-eabi/bin/../lib/gcc/arm-none-eabi/13.3.1/thumb/v7e-m/nofp\libg.a(libc_a-exit.o) (__stdio_exit_handler)
C:/environ/arm-gnu-toolchain/arm-gnu-toolchain-13.3.rel1-mingw-w64-i686-arm-none-eabi/bin/../lib/gcc/arm-none-eabi/13.3.1/thumb/v7e-m/nofp\libg.a(libc_a-fwalk.o)
                              C:/environ/arm-gnu-toolchain/arm-gnu-toolchain-13.3.rel1-mingw-w64-i686-arm-none-eabi/bin/../lib/gcc/arm-none-eabi/13.3.1/thumb/v7e-m/nofp\libg.a(libc_a-findfp.o) (_fwalk_sglue)
C:/environ/arm-gnu-toolchain/arm-gnu-toolchain-13.3.rel1-mingw-w64-i686-arm-none-eabi/bin/../lib/gcc/arm-none-eabi/13.3.1/thumb/v7e-m/nofp\libg.a(libc_a-puts.o)
                              CMakeFiles/CAN0.elf.dir/Core/Src/main.c.obj (puts)
C:/environ/arm-gnu-toolchain/arm-gnu-toolchain-13.3.rel1-mingw-w64-i686-arm-none-eabi/bin/../lib/gcc/arm-none-eabi/13.3.1/thumb/v7e-m/nofp\libg.a(libc_a-stdio.o)
                              C:/environ/arm-gnu-toolchain/arm-gnu-toolchain-13.3.rel1-mingw-w64-i686-arm-none-eabi/bin/../lib/gcc/arm-none-eabi/13.3.1/thumb/v7e-m/nofp\libg.a(libc_a-findfp.o) (__sread)
C:/environ/arm-gnu-toolchain/arm-gnu-toolchain-13.3.rel1-mingw-w64-i686-arm-none-eabi/bin/../lib/gcc/arm-none-eabi/13.3.1/thumb/v7e-m/nofp\libg.a(libc_a-memset.o)
                              C:/environ/arm-gnu-toolchain/arm-gnu-toolchain-13.3.rel1-mingw-w64-i686-arm-none-eabi/bin/../lib/gcc/arm-none-eabi/13.3.1/thumb/v7e-m/nofp/crt0.o (memset)
C:/environ/arm-gnu-toolchain/arm-gnu-toolchain-13.3.rel1-mingw-w64-i686-arm-none-eabi/bin/../lib/gcc/arm-none-eabi/13.3.1/thumb/v7e-m/nofp\libg.a(libc_a-closer.o)
                              C:/environ/arm-gnu-toolchain/arm-gnu-toolchain-13.3.rel1-mingw-w64-i686-arm-none-eabi/bin/../lib/gcc/arm-none-eabi/13.3.1/thumb/v7e-m/nofp\libg.a(libc_a-stdio.o) (_close_r)
C:/environ/arm-gnu-toolchain/arm-gnu-toolchain-13.3.rel1-mingw-w64-i686-arm-none-eabi/bin/../lib/gcc/arm-none-eabi/13.3.1/thumb/v7e-m/nofp\libg.a(libc_a-reent.o)
                              C:/environ/arm-gnu-toolchain/arm-gnu-toolchain-13.3.rel1-mingw-w64-i686-arm-none-eabi/bin/../lib/gcc/arm-none-eabi/13.3.1/thumb/v7e-m/nofp\libg.a(libc_a-closer.o) (errno)
[...]
Memory Configuration

Name             Origin             Length             Attributes
CCMRAM           0x10000000         0x00010000         xrw
RAM              0x20000000         0x00020000         xrw
FLASH            0x08000000         0x00100000         xr
*default*        0x00000000         0xffffffff

Linker script and memory map

LOAD C:/environ/arm-gnu-toolchain/arm-gnu-toolchain-13.3.rel1-mingw-w64-i686-arm-none-eabi/bin/../lib/gcc/arm-none-eabi/13.3.1/thumb/v7e-m/nofp/crti.o
LOAD C:/environ/arm-gnu-toolchain/arm-gnu-toolchain-13.3.rel1-mingw-w64-i686-arm-none-eabi/bin/../lib/gcc/arm-none-eabi/13.3.1/thumb/v7e-m/nofp/crtbegin.o
LOAD C:/environ/arm-gnu-toolchain/arm-gnu-toolchain-13.3.rel1-mingw-w64-i686-arm-none-eabi/bin/../lib/gcc/arm-none-eabi/13.3.1/thumb/v7e-m/nofp/crt0.o
LOAD CMakeFiles/CAN0.elf.dir/Core/Src/bsp_can.c.obj
LOAD CMakeFiles/CAN0.elf.dir/Core/Src/can.c.obj
LOAD CMakeFiles/CAN0.elf.dir/Core/Src/gpio.c.obj
LOAD CMakeFiles/CAN0.elf.dir/Core/Src/main.c.obj
LOAD CMakeFiles/CAN0.elf.dir/Core/Src/pid.c.obj
LOAD CMakeFiles/CAN0.elf.dir/Core/Src/stm32f4xx_hal_msp.c.obj
LOAD CMakeFiles/CAN0.elf.dir/Core/Src/stm32f4xx_it.c.obj
LOAD CMakeFiles/CAN0.elf.dir/Core/Src/syscalls.c.obj
LOAD CMakeFiles/CAN0.elf.dir/Core/Src/sysmem.c.obj
LOAD CMakeFiles/CAN0.elf.dir/Core/Src/system_stm32f4xx.c.obj
LOAD CMakeFiles/CAN0.elf.dir/Core/Src/usart.c.obj
LOAD CMakeFiles/CAN0.elf.dir/Core/Startup/startup_stm32f407zgtx.s.obj
LOAD CMakeFiles/CAN0.elf.dir/Drivers/STM32F4xx_HAL_Driver/Src/stm32f4xx_hal.c.obj
LOAD CMakeFiles/CAN0.elf.dir/Drivers/STM32F4xx_HAL_Driver/Src/stm32f4xx_hal_can.c.obj
LOAD CMakeFiles/CAN0.elf.dir/Drivers/STM32F4xx_HAL_Driver/Src/stm32f4xx_hal_cortex.c.obj
LOAD CMakeFiles/CAN0.elf.dir/Drivers/STM32F4xx_HAL_Driver/Src/stm32f4xx_hal_dma.c.obj
LOAD CMakeFiles/CAN0.elf.dir/Drivers/STM32F4xx_HAL_Driver/Src/stm32f4xx_hal_dma_ex.c.obj
LOAD CMakeFiles/CAN0.elf.dir/Drivers/STM32F4xx_HAL_Driver/Src/stm32f4xx_hal_exti.c.obj
LOAD CMakeFiles/CAN0.elf.dir/Drivers/STM32F4xx_HAL_Driver/Src/stm32f4xx_hal_flash.c.obj
LOAD CMakeFiles/CAN0.elf.dir/Drivers/STM32F4xx_HAL_Driver/Src/stm32f4xx_hal_flash_ex.c.obj
LOAD CMakeFiles/CAN0.elf.dir/Drivers/STM32F4xx_HAL_Driver/Src/stm32f4xx_hal_flash_ramfunc.c.obj
LOAD CMakeFiles/CAN0.elf.dir/Drivers/STM32F4xx_HAL_Driver/Src/stm32f4xx_hal_gpio.c.obj
LOAD CMakeFiles/CAN0.elf.dir/Drivers/STM32F4xx_HAL_Driver/Src/stm32f4xx_hal_pwr.c.obj
LOAD CMakeFiles/CAN0.elf.dir/Drivers/STM32F4xx_HAL_Driver/Src/stm32f4xx_hal_pwr_ex.c.obj
LOAD CMakeFiles/CAN0.elf.dir/Drivers/STM32F4xx_HAL_Driver/Src/stm32f4xx_hal_rcc.c.obj
LOAD CMakeFiles/CAN0.elf.dir/Drivers/STM32F4xx_HAL_Driver/Src/stm32f4xx_hal_rcc_ex.c.obj
LOAD CMakeFiles/CAN0.elf.dir/Drivers/STM32F4xx_HAL_Driver/Src/stm32f4xx_hal_tim.c.obj
LOAD CMakeFiles/CAN0.elf.dir/Drivers/STM32F4xx_HAL_Driver/Src/stm32f4xx_hal_tim_ex.c.obj
LOAD CMakeFiles/CAN0.elf.dir/Drivers/STM32F4xx_HAL_Driver/Src/stm32f4xx_hal_uart.c.obj
START GROUP
LOAD C:/environ/arm-gnu-toolchain/arm-gnu-toolchain-13.3.rel1-mingw-w64-i686-arm-none-eabi/bin/../lib/gcc/arm-none-eabi/13.3.1/thumb/v7e-m/nofp\libgcc.a
LOAD C:/environ/arm-gnu-toolchain/arm-gnu-toolchain-13.3.rel1-mingw-w64-i686-arm-none-eabi/bin/../lib/gcc/arm-none-eabi/13.3.1/thumb/v7e-m/nofp\libg.a
LOAD C:/environ/arm-gnu-toolchain/arm-gnu-toolchain-13.3.rel1-mingw-w64-i686-arm-none-eabi/bin/../lib/gcc/arm-none-eabi/13.3.1/thumb/v7e-m/nofp\libc.a
END GROUP
LOAD C:/environ/arm-gnu-toolchain/arm-gnu-toolchain-13.3.rel1-mingw-w64-i686-arm-none-eabi/bin/../lib/gcc/arm-none-eabi/13.3.1/thumb/v7e-m/nofp/crtend.o
LOAD C:/environ/arm-gnu-toolchain/arm-gnu-toolchain-13.3.rel1-mingw-w64-i686-arm-none-eabi/bin/../lib/gcc/arm-none-eabi/13.3.1/thumb/v7e-m/nofp/crtn.o
                0x20020000                        _estack = (ORIGIN (RAM) + LENGTH (RAM))
                0x00000200                        _Min_Heap_Size = 0x200
                0x00000400                        _Min_Stack_Size = 0x400

.isr_vector     0x08000000      0x188
                0x08000000                        . = ALIGN (0x4)
 *(.isr_vector)
 .isr_vector    0x08000000      0x188 CMakeFiles/CAN0.elf.dir/Core/Startup/startup_stm32f407zgtx.s.obj
                0x08000000                g_pfnVectors
                0x08000188                        . = ALIGN (0x4)

.text           0x080001c0     0x48b4
                0x080001c0                        . = ALIGN (0x4)
 *(.text)
 .text          0x080001c0      0x168 C:/environ/arm-gnu-toolchain/arm-gnu-toolchain-13.3.rel1-mingw-w64-i686-arm-none-eabi/bin/../lib/gcc/arm-none-eabi/13.3.1/thumb/v7e-m/nofp\libgcc.a(_arm_mulsf3.o)
                0x080001c0                __aeabi_fmul
                0x080001c0                __mulsf3
 .text          0x08000328      0x21c C:/environ/arm-gnu-toolchain/arm-gnu-toolchain-13.3.rel1-mingw-w64-i686-arm-none-eabi/bin/../lib/gcc/arm-none-eabi/13.3.1/thumb/v7e-m/nofp\libgcc.a(_arm_addsubsf3.o)
                0x08000328                __aeabi_frsub
                0x08000330                __subsf3
                0x08000330                __aeabi_fsub
                0x08000334                __aeabi_fadd
                0x08000334                __addsf3
                0x08000494                __aeabi_ui2f
                0x08000494                __floatunsisf
                0x0800049c                __aeabi_i2f
                0x0800049c                __floatsisf
                0x080004b8                __aeabi_ul2f
                0x080004b8                __floatundisf
                0x080004c8                __aeabi_l2f
                0x080004c8                __floatdisf
 .text          0x08000544       0xec C:/environ/arm-gnu-toolchain/arm-gnu-toolchain-13.3.rel1-mingw-w64-i686-arm-none-eabi/bin/../lib/gcc/arm-none-eabi/13.3.1/thumb/v7e-m/nofp\libgcc.a(_arm_cmpsf2.o)
                0x08000544                __gesf2
                0x08000544                __gtsf2
                0x0800054c                __lesf2
                0x0800054c                __ltsf2
                0x08000554                __nesf2
                0x08000554                __eqsf2
                0x08000554                __cmpsf2
                0x080005b4                __aeabi_cfrcmple
                0x080005bc                __aeabi_cfcmpeq
                0x080005bc                __aeabi_cfcmple
                0x080005cc                __aeabi_fcmpeq
                0x080005e0                __aeabi_fcmplt
                0x080005f4                __aeabi_fcmple
                0x08000608                __aeabi_fcmpge
                0x0800061c                __aeabi_fcmpgt
 .text          0x08000630       0x4c C:/environ/arm-gnu-toolchain/arm-gnu-toolchain-13.3.rel1-mingw-w64-i686-arm-none-eabi/bin/../lib/gcc/arm-none-eabi/13.3.1/thumb/v7e-m/nofp\libgcc.a(_arm_fixsfsi.o)
                0x08000630                __aeabi_f2iz
                0x08000630                __fixsfsi
 .text          0x0800067c       0x30 C:/environ/arm-gnu-toolchain/arm-gnu-toolchain-13.3.rel1-mingw-w64-i686-arm-none-eabi/bin/../lib/gcc/arm-none-eabi/13.3.1/thumb/v7e-m/nofp\libgcc.a(_aeabi_uldivmod.o)
                0x0800067c                __aeabi_uldivmod
 .text          0x080006ac        0x4 C:/environ/arm-gnu-toolchain/arm-gnu-toolchain-13.3.rel1-mingw-w64-i686-arm-none-eabi/bin/../lib/gcc/arm-none-eabi/13.3.1/thumb/v7e-m/nofp\libgcc.a(_dvmd_tls.o)
                0x080006ac                __aeabi_idiv0
                0x080006ac                __aeabi_ldiv0
 *fill*         0x080006b0       0x10 
 .text          0x080006c0       0xd8 C:/environ/arm-gnu-toolchain/arm-gnu-toolchain-13.3.rel1-mingw-w64-i686-arm-none-eabi/bin/../lib/gcc/arm-none-eabi/13.3.1/thumb/v7e-m/nofp\libg.a(libc_a-strlen.o)
                0x080006c0                strlen
 *fill*         0x08000798        0x8 
 .text          0x080007a0       0xa0 C:/environ/arm-gnu-toolchain/arm-gnu-toolchain-13.3.rel1-mingw-w64-i686-arm-none-eabi/bin/../lib/gcc/arm-none-eabi/13.3.1/thumb/v7e-m/nofp\libg.a(libc_a-memchr.o)
                0x080007a0                memchr
 .text          0x08000840      0x134 C:/environ/arm-gnu-toolchain/arm-gnu-toolchain-13.3.rel1-mingw-w64-i686-arm-none-eabi/bin/../lib/gcc/arm-none-eabi/13.3.1/thumb/v7e-m/nofp\libg.a(libc_a-memcpy.o)
                0x08000840                memcpy
 *(.text*)
 .text.deregister_tm_clones
                0x08000974       0x1c C:/environ/arm-gnu-toolchain/arm-gnu-toolchain-13.3.rel1-mingw-w64-i686-arm-none-eabi/bin/../lib/gcc/arm-none-eabi/13.3.1/thumb/v7e-m/nofp/crtbegin.o
 .text.register_tm_clones
                0x08000990       0x24 C:/environ/arm-gnu-toolchain/arm-gnu-toolchain-13.3.rel1-mingw-w64-i686-arm-none-eabi/bin/../lib/gcc/arm-none-eabi/13.3.1/thumb/v7e-m/nofp/crtbegin.o
 .text.__do_global_dtors_aux
                0x080009b4       0x28 C:/environ/arm-gnu-toolchain/arm-gnu-toolchain-13.3.rel1-mingw-w64-i686-arm-none-eabi/bin/../lib/gcc/arm-none-eabi/13.3.1/thumb/v7e-m/nofp/crtbegin.o
 .text.frame_dummy
                0x080009dc       0x24 C:/environ/arm-gnu-toolchain/arm-gnu-toolchain-13.3.rel1-mingw-w64-i686-arm-none-eabi/bin/../lib/gcc/arm-none-eabi/13.3.1/thumb/v7e-m/nofp/crtbegin.o
 .text.my_can_filter_init_recv_all
                0x08000a00       0x28 CMakeFiles/CAN0.elf.dir/Core/Src/bsp_can.c.obj
                0x08000a00                my_can_filter_init_recv_all
 .text.HAL_CAN_RxFifo0MsgPendingCallback
                0x08000a28      0x164 CMakeFiles/CAN0.elf.dir/Core/Src/bsp_can.c.obj
                0x08000a28                HAL_CAN_RxFifo0MsgPendingCallback
 .text.set_moto_current
                0x08000b8c       0xb4 CMakeFiles/CAN0.elf.dir/Core/Src/bsp_can.c.obj
                0x08000b8c                set_moto_current
 .text.HAL_CAN_TxMailbox0CompleteCallback
                0x08000c40       0x40 CMakeFiles/CAN0.elf.dir/Core/Src/bsp_can.c.obj
                0x08000c40                HAL_CAN_TxMailbox0CompleteCallback
 .text.HAL_CAN_TxMailbox1CompleteCallback
                0x08000c80       0x40 CMakeFiles/CAN0.elf.dir/Core/Src/bsp_can.c.obj
                0x08000c80                HAL_CAN_TxMailbox1CompleteCallback
 .text.HAL_CAN_TxMailbox2CompleteCallback
                0x08000cc0       0x40 CMakeFiles/CAN0.elf.dir/Core/Src/bsp_can.c.obj
                0x08000cc0                HAL_CAN_TxMailbox2CompleteCallback
 .text.HAL_CAN_ErrorCallback
                0x08000d00       0x34 CMakeFiles/CAN0.elf.dir/Core/Src/bsp_can.c.obj
                0x08000d00                HAL_CAN_ErrorCallback
 .text.MX_CAN1_Init
                0x08000d34       0x40 CMakeFiles/CAN0.elf.dir/Core/Src/can.c.obj
                0x08000d34                MX_CAN1_Init
 .text.HAL_CAN_MspInit
                0x08000d74       0x90 CMakeFiles/CAN0.elf.dir/Core/Src/can.c.obj
                0x08000d74                HAL_CAN_MspInit
 .text.MX_GPIO_Init
                0x08000e04       0x80 CMakeFiles/CAN0.elf.dir/Core/Src/gpio.c.obj
                0x08000e04                MX_GPIO_Init
 .text.__io_putchar
                0x08000e84       0x20 CMakeFiles/CAN0.elf.dir/Core/Src/main.c.obj
                0x08000e84                __io_putchar
 .text.Error_Handler
                0x08000ea4        0x4 CMakeFiles/CAN0.elf.dir/Core/Src/main.c.obj
                0x08000ea4                Error_Handler
 .text.SystemClock_Config
                0x08000ea8       0xa4 CMakeFiles/CAN0.elf.dir/Core/Src/main.c.obj
                0x08000ea8                SystemClock_Config
 .text.main     0x08000f4c      0x184 CMakeFiles/CAN0.elf.dir/Core/Src/main.c.obj
                0x08000f4c                main
 .text.pid_param_init
                0x080010d0       0x4e CMakeFiles/CAN0.elf.dir/Core/Src/pid.c.obj
 .text.pid_reset
                0x0800111e        0x8 CMakeFiles/CAN0.elf.dir/Core/Src/pid.c.obj
 .text.pid_calculate
                0x08001126       0xd8 CMakeFiles/CAN0.elf.dir/Core/Src/pid.c.obj
 *fill*         0x080011fe        0x2 
 .text.pid_init
                0x08001200       0x1c CMakeFiles/CAN0.elf.dir/Core/Src/pid.c.obj
                0x08001200                pid_init
 .text.HAL_MspInit
                0x0800121c       0x38 CMakeFiles/CAN0.elf.dir/Core/Src/stm32f4xx_hal_msp.c.obj
                0x0800121c                HAL_MspInit
 .text.NMI_Handler
                0x08001254        0x2 CMakeFiles/CAN0.elf.dir/Core/Src/stm32f4xx_it.c.obj
                0x08001254                NMI_Handler
 .text.HardFault_Handler
                0x08001256        0x2 CMakeFiles/CAN0.elf.dir/Core/Src/stm32f4xx_it.c.obj
                0x08001256                HardFault_Handler
 .text.MemManage_Handler
                0x08001258        0x2 CMakeFiles/CAN0.elf.dir/Core/Src/stm32f4xx_it.c.obj
                0x08001258                MemManage_Handler
 .text.BusFault_Handler
                0x0800125a        0x2 CMakeFiles/CAN0.elf.dir/Core/Src/stm32f4xx_it.c.obj
                0x0800125a                BusFault_Handler
 .text.UsageFault_Handler
                0x0800125c        0x2 CMakeFiles/CAN0.elf.dir/Core/Src/stm32f4xx_it.c.obj
                0x0800125c                UsageFault_Handler
 .text.SVC_Handler
                0x0800125e        0x2 CMakeFiles/CAN0.elf.dir/Core/Src/stm32f4xx_it.c.obj
                0x0800125e                SVC_Handler
 .text.DebugMon_Handler
                0x08001260        0x2 CMakeFiles/CAN0.elf.dir/Core/Src/stm32f4xx_it.c.obj
                0x08001260                DebugMon_Handler
 .text.PendSV_Handler
                0x08001262        0x2 CMakeFiles/CAN0.elf.dir/Core/Src/stm32f4xx_it.c.obj
                0x08001262                PendSV_Handler
 .text.SysTick_Handler
                0x08001264        0x8 CMakeFiles/CAN0.elf.dir/Core/Src/stm32f4xx_it.c.obj
                0x08001264                SysTick_Handler
 .text.CAN1_TX_IRQHandler
                0x0800126c       0x10 CMakeFiles/CAN0.elf.dir/Core/Src/stm32f4xx_it.c.obj
                0x0800126c                CAN1_TX_IRQHandler
 .text.CAN1_RX0_IRQHandler
                0x0800127c       0x10 CMakeFiles/CAN0.elf.dir/Core/Src/stm32f4xx_it.c.obj
                0x0800127c                CAN1_RX0_IRQHandler
 .text.USART1_IRQHandler
                0x0800128c       0x10 CMakeFiles/CAN0.elf.dir/Core/Src/stm32f4xx_it.c.obj
                0x0800128c                USART1_IRQHandler
 .text._read    0x0800129c       0x20 CMakeFiles/CAN0.elf.dir/Core/Src/syscalls.c.obj
                0x0800129c                _read
 .text._write   0x080012bc       0x1c CMakeFiles/CAN0.elf.dir/Core/Src/syscalls.c.obj
                0x080012bc                _write
 .text._close   0x080012d8        0x6 CMakeFiles/CAN0.elf.dir/Core/Src/syscalls.c.obj
                0x080012d8                _close
 .text._fstat   0x080012de        0xa CMakeFiles/CAN0.elf.dir/Core/Src/syscalls.c.obj
                0x080012de                _fstat
 .text._isatty  0x080012e8        0x4 CMakeFiles/CAN0.elf.dir/Core/Src/syscalls.c.obj
                0x080012e8                _isatty
 .text._lseek   0x080012ec        0x4 CMakeFiles/CAN0.elf.dir/Core/Src/syscalls.c.obj
                0x080012ec                _lseek
 .text._sbrk    0x080012f0       0x48 CMakeFiles/CAN0.elf.dir/Core/Src/sysmem.c.obj
                0x080012f0                _sbrk
 .text.SystemInit
                0x08001338        0x2 CMakeFiles/CAN0.elf.dir/Core/Src/system_stm32f4xx.c.obj
                0x08001338                SystemInit
 *fill*         0x0800133a        0x2 
 .text.MX_USART1_UART_Init
                0x0800133c       0x34 CMakeFiles/CAN0.elf.dir/Core/Src/usart.c.obj
                0x0800133c                MX_USART1_UART_Init
 .text.HAL_UART_MspInit
                0x08001370       0x80 CMakeFiles/CAN0.elf.dir/Core/Src/usart.c.obj
                0x08001370                HAL_UART_MspInit
 .text.Reset_Handler
                0x080013f0       0x50 CMakeFiles/CAN0.elf.dir/Core/Startup/startup_stm32f407zgtx.s.obj
                0x080013f0                Reset_Handler
 .text.Default_Handler
                0x08001440        0x2 CMakeFiles/CAN0.elf.dir/Core/Startup/startup_stm32f407zgtx.s.obj
                0x08001440                RTC_Alarm_IRQHandler
                0x08001440                HASH_RNG_IRQHandler
                0x08001440                EXTI2_IRQHandler
                0x08001440                TIM8_CC_IRQHandler
                0x08001440                TIM1_CC_IRQHandler
                0x08001440                DMA2_Stream5_IRQHandler
                0x08001440                DMA1_Stream5_IRQHandler
                0x08001440                PVD_IRQHandler
                0x08001440                SDIO_IRQHandler
                0x08001440                TAMP_STAMP_IRQHandler
                0x08001440                CAN2_RX1_IRQHandler
                0x08001440                EXTI3_IRQHandler
                0x08001440                TIM8_TRG_COM_TIM14_IRQHandler
                0x08001440                TIM1_UP_TIM10_IRQHandler
                0x08001440                TIM8_UP_TIM13_IRQHandler
                0x08001440                I2C3_ER_IRQHandler
                0x08001440                EXTI0_IRQHandler
                0x08001440                I2C2_EV_IRQHandler
                0x08001440                DMA1_Stream2_IRQHandler
                0x08001440                FPU_IRQHandler
                0x08001440                OTG_HS_WKUP_IRQHandler
                0x08001440                CAN2_SCE_IRQHandler
                0x08001440                DMA2_Stream2_IRQHandler
                0x08001440                SPI1_IRQHandler
                0x08001440                TIM6_DAC_IRQHandler
                0x08001440                TIM1_BRK_TIM9_IRQHandler
                0x08001440                DCMI_IRQHandler
                0x08001440                CAN2_RX0_IRQHandler
                0x08001440                DMA2_Stream3_IRQHandler
                0x08001440                USART6_IRQHandler
                0x08001440                USART3_IRQHandler
                0x08001440                CAN1_RX1_IRQHandler
                0x08001440                UART5_IRQHandler
                0x08001440                DMA2_Stream0_IRQHandler
                0x08001440                TIM4_IRQHandler
                0x08001440                I2C1_EV_IRQHandler
                0x08001440                DMA1_Stream6_IRQHandler
                0x08001440                DMA1_Stream1_IRQHandler
                0x08001440                UART4_IRQHandler
                0x08001440                TIM3_IRQHandler
                0x08001440                RCC_IRQHandler
                0x08001440                TIM8_BRK_TIM12_IRQHandler
                0x08001440                Default_Handler
                0x08001440                EXTI15_10_IRQHandler
                0x08001440                ADC_IRQHandler
                0x08001440                DMA1_Stream7_IRQHandler
                0x08001440                TIM7_IRQHandler
                0x08001440                CAN2_TX_IRQHandler
                0x08001440                TIM5_IRQHandler
                0x08001440                DMA2_Stream7_IRQHandler
                0x08001440                I2C3_EV_IRQHandler
                0x08001440                EXTI9_5_IRQHandler
                0x08001440                RTC_WKUP_IRQHandler
                0x08001440                ETH_WKUP_IRQHandler
                0x08001440                SPI2_IRQHandler
                0x08001440                OTG_HS_EP1_IN_IRQHandler
                0x08001440                DMA1_Stream0_IRQHandler
                0x08001440                EXTI4_IRQHandler
                0x08001440                FSMC_IRQHandler
                0x08001440                ETH_IRQHandler
                0x08001440                OTG_HS_EP1_OUT_IRQHandler
                0x08001440                WWDG_IRQHandler
                0x08001440                TIM2_IRQHandler
                0x08001440                OTG_FS_WKUP_IRQHandler
                0x08001440                TIM1_TRG_COM_TIM11_IRQHandler
                0x08001440                OTG_HS_IRQHandler
                0x08001440                EXTI1_IRQHandler
                0x08001440                USART2_IRQHandler
                0x08001440                I2C2_ER_IRQHandler
                0x08001440                DMA2_Stream1_IRQHandler
                0x08001440                CAN1_SCE_IRQHandler
                0x08001440                FLASH_IRQHandler
                0x08001440                DMA2_Stream4_IRQHandler
                0x08001440                OTG_FS_IRQHandler
                0x08001440                SPI3_IRQHandler
                0x08001440                DMA1_Stream4_IRQHandler
                0x08001440                I2C1_ER_IRQHandler
                0x08001440                DMA2_Stream6_IRQHandler
                0x08001440                DMA1_Stream3_IRQHandler
 *fill*         0x08001442        0x2 
 .text.HAL_InitTick
                0x08001444       0x4c CMakeFiles/CAN0.elf.dir/Drivers/STM32F4xx_HAL_Driver/Src/stm32f4xx_hal.c.obj
                0x08001444                HAL_InitTick
 .text.HAL_Init
                0x08001490       0x34 CMakeFiles/CAN0.elf.dir/Drivers/STM32F4xx_HAL_Driver/Src/stm32f4xx_hal.c.obj
                0x08001490                HAL_Init
 .text.HAL_IncTick
                0x080014c4       0x18 CMakeFiles/CAN0.elf.dir/Drivers/STM32F4xx_HAL_Driver/Src/stm32f4xx_hal.c.obj
                0x080014c4                HAL_IncTick
 .text.HAL_GetTick
                0x080014dc        0xc CMakeFiles/CAN0.elf.dir/Drivers/STM32F4xx_HAL_Driver/Src/stm32f4xx_hal.c.obj
                0x080014dc                HAL_GetTick
 .text.HAL_Delay
                0x080014e8       0x28 CMakeFiles/CAN0.elf.dir/Drivers/STM32F4xx_HAL_Driver/Src/stm32f4xx_hal.c.obj
                0x080014e8                HAL_Delay
 .text.HAL_CAN_Init
                0x08001510      0x14c CMakeFiles/CAN0.elf.dir/Drivers/STM32F4xx_HAL_Driver/Src/stm32f4xx_hal_can.c.obj
                0x08001510                HAL_CAN_Init
 .text.HAL_CAN_ConfigFilter
                0x0800165c      0x13c CMakeFiles/CAN0.elf.dir/Drivers/STM32F4xx_HAL_Driver/Src/stm32f4xx_hal_can.c.obj
                0x0800165c                HAL_CAN_ConfigFilter
 .text.HAL_CAN_Start
                0x08001798       0x5c CMakeFiles/CAN0.elf.dir/Drivers/STM32F4xx_HAL_Driver/Src/stm32f4xx_hal_can.c.obj
                0x08001798                HAL_CAN_Start
 .text.HAL_CAN_AddTxMessage
                0x080017f4       0xea CMakeFiles/CAN0.elf.dir/Drivers/STM32F4xx_HAL_Driver/Src/stm32f4xx_hal_can.c.obj
                0x080017f4                HAL_CAN_AddTxMessage
 .text.HAL_CAN_GetTxMailboxesFreeLevel
                0x080018de       0x32 CMakeFiles/CAN0.elf.dir/Drivers/STM32F4xx_HAL_Driver/Src/stm32f4xx_hal_can.c.obj
                0x080018de                HAL_CAN_GetTxMailboxesFreeLevel
 .text.HAL_CAN_GetRxMessage
                0x08001910      0x16a CMakeFiles/CAN0.elf.dir/Drivers/STM32F4xx_HAL_Driver/Src/stm32f4xx_hal_can.c.obj
                0x08001910                HAL_CAN_GetRxMessage
 .text.HAL_CAN_ActivateNotification
                0x08001a7a       0x24 CMakeFiles/CAN0.elf.dir/Drivers/STM32F4xx_HAL_Driver/Src/stm32f4xx_hal_can.c.obj
                0x08001a7a                HAL_CAN_ActivateNotification
 .text.HAL_CAN_TxMailbox0AbortCallback
                0x08001a9e        0x2 CMakeFiles/CAN0.elf.dir/Drivers/STM32F4xx_HAL_Driver/Src/stm32f4xx_hal_can.c.obj
                0x08001a9e                HAL_CAN_TxMailbox0AbortCallback
 .text.HAL_CAN_TxMailbox1AbortCallback
                0x08001aa0        0x2 CMakeFiles/CAN0.elf.dir/Drivers/STM32F4xx_HAL_Driver/Src/stm32f4xx_hal_can.c.obj
                0x08001aa0                HAL_CAN_TxMailbox1AbortCallback
 .text.HAL_CAN_TxMailbox2AbortCallback
                0x08001aa2        0x2 CMakeFiles/CAN0.elf.dir/Drivers/STM32F4xx_HAL_Driver/Src/stm32f4xx_hal_can.c.obj
                0x08001aa2                HAL_CAN_TxMailbox2AbortCallback
 .text.HAL_CAN_RxFifo0FullCallback
                0x08001aa4        0x2 CMakeFiles/CAN0.elf.dir/Drivers/STM32F4xx_HAL_Driver/Src/stm32f4xx_hal_can.c.obj
                0x08001aa4                HAL_CAN_RxFifo0FullCallback
 .text.HAL_CAN_RxFifo1MsgPendingCallback
                0x08001aa6        0x2 CMakeFiles/CAN0.elf.dir/Drivers/STM32F4xx_HAL_Driver/Src/stm32f4xx_hal_can.c.obj
                0x08001aa6                HAL_CAN_RxFifo1MsgPendingCallback
 .text.HAL_CAN_RxFifo1FullCallback
                0x08001aa8        0x2 CMakeFiles/CAN0.elf.dir/Drivers/STM32F4xx_HAL_Driver/Src/stm32f4xx_hal_can.c.obj
                0x08001aa8                HAL_CAN_RxFifo1FullCallback
 .text.HAL_CAN_SleepCallback
                0x08001aaa        0x2 CMakeFiles/CAN0.elf.dir/Drivers/STM32F4xx_HAL_Driver/Src/stm32f4xx_hal_can.c.obj
                0x08001aaa                HAL_CAN_SleepCallback
 .text.HAL_CAN_WakeUpFromRxMsgCallback
                0x08001aac        0x2 CMakeFiles/CAN0.elf.dir/Drivers/STM32F4xx_HAL_Driver/Src/stm32f4xx_hal_can.c.obj
                0x08001aac                HAL_CAN_WakeUpFromRxMsgCallback
 .text.HAL_CAN_IRQHandler
                0x08001aae      0x250 CMakeFiles/CAN0.elf.dir/Drivers/STM32F4xx_HAL_Driver/Src/stm32f4xx_hal_can.c.obj
                0x08001aae                HAL_CAN_IRQHandler
 *fill*         0x08001cfe        0x2 
 .text.__NVIC_EnableIRQ
                0x08001d00       0x1c CMakeFiles/CAN0.elf.dir/Drivers/STM32F4xx_HAL_Driver/Src/stm32f4xx_hal_cortex.c.obj
 .text.__NVIC_SetPriority
                0x08001d1c       0x28 CMakeFiles/CAN0.elf.dir/Drivers/STM32F4xx_HAL_Driver/Src/stm32f4xx_hal_cortex.c.obj
 .text.NVIC_EncodePriority
                0x08001d44       0x3e CMakeFiles/CAN0.elf.dir/Drivers/STM32F4xx_HAL_Driver/Src/stm32f4xx_hal_cortex.c.obj
 *fill*         0x08001d82        0x2 
 .text.HAL_NVIC_SetPriorityGrouping
                0x08001d84       0x24 CMakeFiles/CAN0.elf.dir/Drivers/STM32F4xx_HAL_Driver/Src/stm32f4xx_hal_cortex.c.obj
                0x08001d84                HAL_NVIC_SetPriorityGrouping
 .text.HAL_NVIC_SetPriority
                0x08001da8       0x20 CMakeFiles/CAN0.elf.dir/Drivers/STM32F4xx_HAL_Driver/Src/stm32f4xx_hal_cortex.c.obj
                0x08001da8                HAL_NVIC_SetPriority
 .text.HAL_NVIC_EnableIRQ
                0x08001dc8        0x8 CMakeFiles/CAN0.elf.dir/Drivers/STM32F4xx_HAL_Driver/Src/stm32f4xx_hal_cortex.c.obj
                0x08001dc8                HAL_NVIC_EnableIRQ
 .text.HAL_SYSTICK_Config
                0x08001dd0       0x28 CMakeFiles/CAN0.elf.dir/Drivers/STM32F4xx_HAL_Driver/Src/stm32f4xx_hal_cortex.c.obj
                0x08001dd0                HAL_SYSTICK_Config
 .text.HAL_DMA_Abort
                0x08001df8       0x94 CMakeFiles/CAN0.elf.dir/Drivers/STM32F4xx_HAL_Driver/Src/stm32f4xx_hal_dma.c.obj
                0x08001df8                HAL_DMA_Abort
 .text.HAL_DMA_Abort_IT
                0x08001e8c       0x26 CMakeFiles/CAN0.elf.dir/Drivers/STM32F4xx_HAL_Driver/Src/stm32f4xx_hal_dma.c.obj
                0x08001e8c                HAL_DMA_Abort_IT
 *fill*         0x08001eb2        0x2 
 .text.HAL_GPIO_Init
                0x08001eb4      0x1f4 CMakeFiles/CAN0.elf.dir/Drivers/STM32F4xx_HAL_Driver/Src/stm32f4xx_hal_gpio.c.obj
                0x08001eb4                HAL_GPIO_Init
 .text.HAL_GPIO_WritePin
                0x080020a8        0xc CMakeFiles/CAN0.elf.dir/Drivers/STM32F4xx_HAL_Driver/Src/stm32f4xx_hal_gpio.c.obj
                0x080020a8                HAL_GPIO_WritePin
 .text.HAL_GPIO_TogglePin
                0x080020b4       0x12 CMakeFiles/CAN0.elf.dir/Drivers/STM32F4xx_HAL_Driver/Src/stm32f4xx_hal_gpio.c.obj
                0x080020b4                HAL_GPIO_TogglePin
 *fill*         0x080020c6        0x2 
 .text.HAL_RCC_OscConfig
                0x080020c8      0x3f8 CMakeFiles/CAN0.elf.dir/Drivers/STM32F4xx_HAL_Driver/Src/stm32f4xx_hal_rcc.c.obj
                0x080020c8                HAL_RCC_OscConfig
 .text.HAL_RCC_GetSysClockFreq
                0x080024c0       0xa8 CMakeFiles/CAN0.elf.dir/Drivers/STM32F4xx_HAL_Driver/Src/stm32f4xx_hal_rcc.c.obj
                0x080024c0                HAL_RCC_GetSysClockFreq
 .text.HAL_RCC_ClockConfig
                0x08002568      0x160 CMakeFiles/CAN0.elf.dir/Drivers/STM32F4xx_HAL_Driver/Src/stm32f4xx_hal_rcc.c.obj
                0x08002568                HAL_RCC_ClockConfig
 .text.HAL_RCC_GetHCLKFreq
                0x080026c8        0xc CMakeFiles/CAN0.elf.dir/Drivers/STM32F4xx_HAL_Driver/Src/stm32f4xx_hal_rcc.c.obj
                0x080026c8                HAL_RCC_GetHCLKFreq
 .text.HAL_RCC_GetPCLK1Freq
                0x080026d4       0x20 CMakeFiles/CAN0.elf.dir/Drivers/STM32F4xx_HAL_Driver/Src/stm32f4xx_hal_rcc.c.obj
                0x080026d4                HAL_RCC_GetPCLK1Freq
 .text.HAL_RCC_GetPCLK2Freq
                0x080026f4       0x20 CMakeFiles/CAN0.elf.dir/Drivers/STM32F4xx_HAL_Driver/Src/stm32f4xx_hal_rcc.c.obj
                0x080026f4                HAL_RCC_GetPCLK2Freq
 .text.UART_EndRxTransfer
                0x08002714       0x5c CMakeFiles/CAN0.elf.dir/Drivers/STM32F4xx_HAL_Driver/Src/stm32f4xx_hal_uart.c.obj
 .text.UART_Transmit_IT
                0x08002770       0x60 CMakeFiles/CAN0.elf.dir/Drivers/STM32F4xx_HAL_Driver/Src/stm32f4xx_hal_uart.c.obj
 .text.UART_SetConfig
                0x080027d0      0x110 CMakeFiles/CAN0.elf.dir/Drivers/STM32F4xx_HAL_Driver/Src/stm32f4xx_hal_uart.c.obj
 .text.UART_WaitOnFlagUntilTimeout
                0x080028e0       0x86 CMakeFiles/CAN0.elf.dir/Drivers/STM32F4xx_HAL_Driver/Src/stm32f4xx_hal_uart.c.obj
 .text.HAL_UART_Init
                0x08002966       0x60 CMakeFiles/CAN0.elf.dir/Drivers/STM32F4xx_HAL_Driver/Src/stm32f4xx_hal_uart.c.obj
                0x08002966                HAL_UART_Init
 .text.HAL_UART_Transmit
                0x080029c6       0xcc CMakeFiles/CAN0.elf.dir/Drivers/STM32F4xx_HAL_Driver/Src/stm32f4xx_hal_uart.c.obj
                0x080029c6                HAL_UART_Transmit
 .text.HAL_UART_TxCpltCallback
                0x08002a92        0x2 CMakeFiles/CAN0.elf.dir/Drivers/STM32F4xx_HAL_Driver/Src/stm32f4xx_hal_uart.c.obj
                0x08002a92                HAL_UART_TxCpltCallback
 .text.UART_EndTransmit_IT
                0x08002a94       0x1a CMakeFiles/CAN0.elf.dir/Drivers/STM32F4xx_HAL_Driver/Src/stm32f4xx_hal_uart.c.obj
 .text.HAL_UART_RxCpltCallback
                0x08002aae        0x2 CMakeFiles/CAN0.elf.dir/Drivers/STM32F4xx_HAL_Driver/Src/stm32f4xx_hal_uart.c.obj
                0x08002aae                HAL_UART_RxCpltCallback
 .text.HAL_UART_ErrorCallback
                0x08002ab0        0x2 CMakeFiles/CAN0.elf.dir/Drivers/STM32F4xx_HAL_Driver/Src/stm32f4xx_hal_uart.c.obj
                0x08002ab0                HAL_UART_ErrorCallback
 .text.UART_DMAAbortOnError
                0x08002ab2       0x10 CMakeFiles/CAN0.elf.dir/Drivers/STM32F4xx_HAL_Driver/Src/stm32f4xx_hal_uart.c.obj
 .text.HAL_UARTEx_RxEventCallback
                0x08002ac2        0x2 CMakeFiles/CAN0.elf.dir/Drivers/STM32F4xx_HAL_Driver/Src/stm32f4xx_hal_uart.c.obj
                0x08002ac2                HAL_UARTEx_RxEventCallback
 .text.UART_Receive_IT
                0x08002ac4       0xe6 CMakeFiles/CAN0.elf.dir/Drivers/STM32F4xx_HAL_Driver/Src/stm32f4xx_hal_uart.c.obj
 *fill*         0x08002baa        0x2 
 .text.HAL_UART_IRQHandler
                0x08002bac      0x284 CMakeFiles/CAN0.elf.dir/Drivers/STM32F4xx_HAL_Driver/Src/stm32f4xx_hal_uart.c.obj
                0x08002bac                HAL_UART_IRQHandler
 .text.__udivmoddi4
                0x08002e30      0x2bc C:/environ/arm-gnu-toolchain/arm-gnu-toolchain-13.3.rel1-mingw-w64-i686-arm-none-eabi/bin/../lib/gcc/arm-none-eabi/13.3.1/thumb/v7e-m/nofp\libgcc.a(_udivmoddi4.o)
                0x08002e30                __udivmoddi4
 .text.stdio_exit_handler
                0x080030ec       0x18 C:/environ/arm-gnu-toolchain/arm-gnu-toolchain-13.3.rel1-mingw-w64-i686-arm-none-eabi/bin/../lib/gcc/arm-none-eabi/13.3.1/thumb/v7e-m/nofp\libg.a(libc_a-findfp.o)
 .text.cleanup_stdio
                0x08003104       0x40 C:/environ/arm-gnu-toolchain/arm-gnu-toolchain-13.3.rel1-mingw-w64-i686-arm-none-eabi/bin/../lib/gcc/arm-none-eabi/13.3.1/thumb/v7e-m/nofp\libg.a(libc_a-findfp.o)
 .text.global_stdio_init.part.0
                0x08003144       0xf0 C:/environ/arm-gnu-toolchain/arm-gnu-toolchain-13.3.rel1-mingw-w64-i686-arm-none-eabi/bin/../lib/gcc/arm-none-eabi/13.3.1/thumb/v7e-m/nofp\libg.a(libc_a-findfp.o)
 .text.__sinit  0x08003234       0x3c C:/environ/arm-gnu-toolchain/arm-gnu-toolchain-13.3.rel1-mingw-w64-i686-arm-none-eabi/bin/../lib/gcc/arm-none-eabi/13.3.1/thumb/v7e-m/nofp\libg.a(libc_a-findfp.o)
                0x08003234                __sinit
 .text.__sfp_lock_acquire
                0x08003270        0xc C:/environ/arm-gnu-toolchain/arm-gnu-toolchain-13.3.rel1-mingw-w64-i686-arm-none-eabi/bin/../lib/gcc/arm-none-eabi/13.3.1/thumb/v7e-m/nofp\libg.a(libc_a-findfp.o)
                0x08003270                __sfp_lock_acquire
 .text.__sfp_lock_release
                0x0800327c        0xc C:/environ/arm-gnu-toolchain/arm-gnu-toolchain-13.3.rel1-mingw-w64-i686-arm-none-eabi/bin/../lib/gcc/arm-none-eabi/13.3.1/thumb/v7e-m/nofp\libg.a(libc_a-findfp.o)
                0x0800327c                __sfp_lock_release
 .text._fwalk_sglue
                0x08003288       0x44 C:/environ/arm-gnu-toolchain/arm-gnu-toolchain-13.3.rel1-mingw-w64-i686-arm-none-eabi/bin/../lib/gcc/arm-none-eabi/13.3.1/thumb/v7e-m/nofp\libg.a(libc_a-fwalk.o)
                0x08003288                _fwalk_sglue
 .text._puts_r  0x080032cc       0x9c C:/environ/arm-gnu-toolchain/arm-gnu-toolchain-13.3.rel1-mingw-w64-i686-arm-none-eabi/bin/../lib/gcc/arm-none-eabi/13.3.1/thumb/v7e-m/nofp\libg.a(libc_a-puts.o)
                0x080032cc                _puts_r
 .text.puts     0x08003368       0x10 C:/environ/arm-gnu-toolchain/arm-gnu-toolchain-13.3.rel1-mingw-w64-i686-arm-none-eabi/bin/../lib/gcc/arm-none-eabi/13.3.1/thumb/v7e-m/nofp\libg.a(libc_a-puts.o)
                0x08003368                puts
 .text.__sread  0x08003378       0x24 C:/environ/arm-gnu-toolchain/arm-gnu-toolchain-13.3.rel1-mingw-w64-i686-arm-none-eabi/bin/../lib/gcc/arm-none-eabi/13.3.1/thumb/v7e-m/nofp\libg.a(libc_a-stdio.o)
                0x08003378                __sread
 .text.__swrite
                0x0800339c       0x40 C:/environ/arm-gnu-toolchain/arm-gnu-toolchain-13.3.rel1-mingw-w64-i686-arm-none-eabi/bin/../lib/gcc/arm-none-eabi/13.3.1/thumb/v7e-m/nofp\libg.a(libc_a-stdio.o)
                0x0800339c                __swrite
 .text.__sseek  0x080033dc       0x24 C:/environ/arm-gnu-toolchain/arm-gnu-toolchain-13.3.rel1-mingw-w64-i686-arm-none-eabi/bin/../lib/gcc/arm-none-eabi/13.3.1/thumb/v7e-m/nofp\libg.a(libc_a-stdio.o)
                0x080033dc                __sseek
 .text.__sclose
                0x08003400        0x8 C:/environ/arm-gnu-toolchain/arm-gnu-toolchain-13.3.rel1-mingw-w64-i686-arm-none-eabi/bin/../lib/gcc/arm-none-eabi/13.3.1/thumb/v7e-m/nofp\libg.a(libc_a-stdio.o)
                0x08003400                __sclose
 .text.memset   0x08003408       0xa4 C:/environ/arm-gnu-toolchain/arm-gnu-toolchain-13.3.rel1-mingw-w64-i686-arm-none-eabi/bin/../lib/gcc/arm-none-eabi/13.3.1/thumb/v7e-m/nofp\libg.a(libc_a-memset.o)
                0x08003408                memset
 .text._close_r
                0x080034ac       0x24 C:/environ/arm-gnu-toolchain/arm-gnu-toolchain-13.3.rel1-mingw-w64-i686-arm-none-eabi/bin/../lib/gcc/arm-none-eabi/13.3.1/thumb/v7e-m/nofp\libg.a(libc_a-closer.o)
                0x080034ac                _close_r
 .text._lseek_r
                0x080034d0       0x2c C:/environ/arm-gnu-toolchain/arm-gnu-toolchain-13.3.rel1-mingw-w64-i686-arm-none-eabi/bin/../lib/gcc/arm-none-eabi/13.3.1/thumb/v7e-m/nofp\libg.a(libc_a-lseekr.o)
                0x080034d0                _lseek_r
 .text._read_r  0x080034fc       0x2c C:/environ/arm-gnu-toolchain/arm-gnu-toolchain-13.3.rel1-mingw-w64-i686-arm-none-eabi/bin/../lib/gcc/arm-none-eabi/13.3.1/thumb/v7e-m/nofp\libg.a(libc_a-readr.o)
                0x080034fc                _read_r
 .text._write_r
                0x08003528       0x2c C:/environ/arm-gnu-toolchain/arm-gnu-toolchain-13.3.rel1-mingw-w64-i686-arm-none-eabi/bin/../lib/gcc/arm-none-eabi/13.3.1/thumb/v7e-m/nofp\libg.a(libc_a-writer.o)
                0x08003528                _write_r
 .text.__errno  0x08003554        0xc C:/environ/arm-gnu-toolchain/arm-gnu-toolchain-13.3.rel1-mingw-w64-i686-arm-none-eabi/bin/../lib/gcc/arm-none-eabi/13.3.1/thumb/v7e-m/nofp\libg.a(libc_a-errno.o)
                0x08003554                __errno
 .text.__libc_init_array
                0x08003560       0x50 C:/environ/arm-gnu-toolchain/arm-gnu-toolchain-13.3.rel1-mingw-w64-i686-arm-none-eabi/bin/../lib/gcc/arm-none-eabi/13.3.1/thumb/v7e-m/nofp\libg.a(libc_a-init.o)
                0x08003560                __libc_init_array
 .text.__retarget_lock_init_recursive
                0x080035b0        0x4 C:/environ/arm-gnu-toolchain/arm-gnu-toolchain-13.3.rel1-mingw-w64-i686-arm-none-eabi/bin/../lib/gcc/arm-none-eabi/13.3.1/thumb/v7e-m/nofp\libg.a(libc_a-lock.o)
                0x080035b0                __retarget_lock_init_recursive
 .text.__retarget_lock_close_recursive
                0x080035b4        0x4 C:/environ/arm-gnu-toolchain/arm-gnu-toolchain-13.3.rel1-mingw-w64-i686-arm-none-eabi/bin/../lib/gcc/arm-none-eabi/13.3.1/thumb/v7e-m/nofp\libg.a(libc_a-lock.o)
                0x080035b4                __retarget_lock_close_recursive
 .text.__retarget_lock_acquire_recursive
                0x080035b8        0x4 C:/environ/arm-gnu-toolchain/arm-gnu-toolchain-13.3.rel1-mingw-w64-i686-arm-none-eabi/bin/../lib/gcc/arm-none-eabi/13.3.1/thumb/v7e-m/nofp\libg.a(libc_a-lock.o)
                0x080035b8                __retarget_lock_acquire_recursive
 .text.__retarget_lock_release_recursive
                0x080035bc        0x4 C:/environ/arm-gnu-toolchain/arm-gnu-toolchain-13.3.rel1-mingw-w64-i686-arm-none-eabi/bin/../lib/gcc/arm-none-eabi/13.3.1/thumb/v7e-m/nofp\libg.a(libc_a-lock.o)
                0x080035bc                __retarget_lock_release_recursive
 .text.startup.register_fini
                0x080035c0       0x14 C:/environ/arm-gnu-toolchain/arm-gnu-toolchain-13.3.rel1-mingw-w64-i686-arm-none-eabi/bin/../lib/gcc/arm-none-eabi/13.3.1/thumb/v7e-m/nofp\libg.a(libc_a-__call_atexit.o)
 .text.atexit   0x080035d4        0xc C:/environ/arm-gnu-toolchain/arm-gnu-toolchain-13.3.rel1-mingw-w64-i686-arm-none-eabi/bin/../lib/gcc/arm-none-eabi/13.3.1/thumb/v7e-m/nofp\libg.a(libc_a-atexit.o)
                0x080035d4                atexit
 .text._malloc_trim_r
                0x080035e0       0xb8 C:/environ/arm-gnu-toolchain/arm-gnu-toolchain-13.3.rel1-mingw-w64-i686-arm-none-eabi/bin/../lib/gcc/arm-none-eabi/13.3.1/thumb/v7e-m/nofp\libg.a(libc_a-freer.o)
                0x080035e0                _malloc_trim_r
 .text._free_r  0x08003698      0x1f8 C:/environ/arm-gnu-toolchain/arm-gnu-toolchain-13.3.rel1-mingw-w64-i686-arm-none-eabi/bin/../lib/gcc/arm-none-eabi/13.3.1/thumb/v7e-m/nofp\libg.a(libc_a-freer.o)
                0x08003698                _free_r
 .text._malloc_r
                0x08003890      0x564 C:/environ/arm-gnu-toolchain/arm-gnu-toolchain-13.3.rel1-mingw-w64-i686-arm-none-eabi/bin/../lib/gcc/arm-none-eabi/13.3.1/thumb/v7e-m/nofp\libg.a(libc_a-mallocr.o)
                0x08003890                _malloc_r
 .text.__malloc_lock
                0x08003df4        0xc C:/environ/arm-gnu-toolchain/arm-gnu-toolchain-13.3.rel1-mingw-w64-i686-arm-none-eabi/bin/../lib/gcc/arm-none-eabi/13.3.1/thumb/v7e-m/nofp\libg.a(libc_a-mlock.o)
                0x08003df4                __malloc_lock
 .text.__malloc_unlock
                0x08003e00        0xc C:/environ/arm-gnu-toolchain/arm-gnu-toolchain-13.3.rel1-mingw-w64-i686-arm-none-eabi/bin/../lib/gcc/arm-none-eabi/13.3.1/thumb/v7e-m/nofp\libg.a(libc_a-mlock.o)
                0x08003e00                __malloc_unlock
 .text._fclose_r
                0x08003e0c       0xc0 C:/environ/arm-gnu-toolchain/arm-gnu-toolchain-13.3.rel1-mingw-w64-i686-arm-none-eabi/bin/../lib/gcc/arm-none-eabi/13.3.1/thumb/v7e-m/nofp\libg.a(libc_a-fclose.o)
                0x08003e0c                _fclose_r
 .text.__sflush_r
                0x08003ecc      0x128 C:/environ/arm-gnu-toolchain/arm-gnu-toolchain-13.3.rel1-mingw-w64-i686-arm-none-eabi/bin/../lib/gcc/arm-none-eabi/13.3.1/thumb/v7e-m/nofp\libg.a(libc_a-fflush.o)
                0x08003ecc                __sflush_r
 .text._fflush_r
                0x08003ff4       0x54 C:/environ/arm-gnu-toolchain/arm-gnu-toolchain-13.3.rel1-mingw-w64-i686-arm-none-eabi/bin/../lib/gcc/arm-none-eabi/13.3.1/thumb/v7e-m/nofp\libg.a(libc_a-fflush.o)
                0x08003ff4                _fflush_r
 .text.__sfvwrite_r
                0x08004048      0x2f8 C:/environ/arm-gnu-toolchain/arm-gnu-toolchain-13.3.rel1-mingw-w64-i686-arm-none-eabi/bin/../lib/gcc/arm-none-eabi/13.3.1/thumb/v7e-m/nofp\libg.a(libc_a-fvwrite.o)
                0x08004048                __sfvwrite_r
 .text.__swsetup_r
                0x08004340       0xc4 C:/environ/arm-gnu-toolchain/arm-gnu-toolchain-13.3.rel1-mingw-w64-i686-arm-none-eabi/bin/../lib/gcc/arm-none-eabi/13.3.1/thumb/v7e-m/nofp\libg.a(libc_a-wsetup.o)
                0x08004340                __swsetup_r
 .text.memmove  0x08004404      0x100 C:/environ/arm-gnu-toolchain/arm-gnu-toolchain-13.3.rel1-mingw-w64-i686-arm-none-eabi/bin/../lib/gcc/arm-none-eabi/13.3.1/thumb/v7e-m/nofp\libg.a(libc_a-memmove.o)
                0x08004404                memmove
 .text._sbrk_r  0x08004504       0x24 C:/environ/arm-gnu-toolchain/arm-gnu-toolchain-13.3.rel1-mingw-w64-i686-arm-none-eabi/bin/../lib/gcc/arm-none-eabi/13.3.1/thumb/v7e-m/nofp\libg.a(libc_a-sbrkr.o)
                0x08004504                _sbrk_r
 .text.__libc_fini_array
                0x08004528       0x28 C:/environ/arm-gnu-toolchain/arm-gnu-toolchain-13.3.rel1-mingw-w64-i686-arm-none-eabi/bin/../lib/gcc/arm-none-eabi/13.3.1/thumb/v7e-m/nofp\libg.a(libc_a-fini.o)
                0x08004528                __libc_fini_array
 .text.sysconf  0x08004550       0x1c C:/environ/arm-gnu-toolchain/arm-gnu-toolchain-13.3.rel1-mingw-w64-i686-arm-none-eabi/bin/../lib/gcc/arm-none-eabi/13.3.1/thumb/v7e-m/nofp\libg.a(libc_a-sysconf.o)
                0x08004550                sysconf
 .text.__register_exitproc
                0x0800456c       0x80 C:/environ/arm-gnu-toolchain/arm-gnu-toolchain-13.3.rel1-mingw-w64-i686-arm-none-eabi/bin/../lib/gcc/arm-none-eabi/13.3.1/thumb/v7e-m/nofp\libg.a(libc_a-__atexit.o)
                0x0800456c                __register_exitproc
 .text._realloc_r
                0x080045ec      0x344 C:/environ/arm-gnu-toolchain/arm-gnu-toolchain-13.3.rel1-mingw-w64-i686-arm-none-eabi/bin/../lib/gcc/arm-none-eabi/13.3.1/thumb/v7e-m/nofp\libg.a(libc_a-reallocr.o)
                0x080045ec                _realloc_r
 .text.__smakebuf_r
                0x08004930       0xdc C:/environ/arm-gnu-toolchain/arm-gnu-toolchain-13.3.rel1-mingw-w64-i686-arm-none-eabi/bin/../lib/gcc/arm-none-eabi/13.3.1/thumb/v7e-m/nofp\libg.a(libc_a-makebuf.o)
                0x08004930                __smakebuf_r
 .text._fstat_r
                0x08004a0c       0x2c C:/environ/arm-gnu-toolchain/arm-gnu-toolchain-13.3.rel1-mingw-w64-i686-arm-none-eabi/bin/../lib/gcc/arm-none-eabi/13.3.1/thumb/v7e-m/nofp\libg.a(libc_a-fstatr.o)
                0x08004a0c                _fstat_r
 .text._isatty_r
                0x08004a38       0x24 C:/environ/arm-gnu-toolchain/arm-gnu-toolchain-13.3.rel1-mingw-w64-i686-arm-none-eabi/bin/../lib/gcc/arm-none-eabi/13.3.1/thumb/v7e-m/nofp\libg.a(libc_a-isattyr.o)
                0x08004a38                _isatty_r
 *(.glue_7)
 .glue_7        0x08004a5c        0x0 linker stubs
 *(.glue_7t)
 .glue_7t       0x08004a5c        0x0 linker stubs
 *(.eh_frame)
 .eh_frame      0x08004a5c        0x0 C:/environ/arm-gnu-toolchain/arm-gnu-toolchain-13.3.rel1-mingw-w64-i686-arm-none-eabi/bin/../lib/gcc/arm-none-eabi/13.3.1/thumb/v7e-m/nofp/crtbegin.o
 *(.init)
 .init          0x08004a5c        0x4 C:/environ/arm-gnu-toolchain/arm-gnu-toolchain-13.3.rel1-mingw-w64-i686-arm-none-eabi/bin/../lib/gcc/arm-none-eabi/13.3.1/thumb/v7e-m/nofp/crti.o
                0x08004a5c                _init
 .init          0x08004a60        0x8 C:/environ/arm-gnu-toolchain/arm-gnu-toolchain-13.3.rel1-mingw-w64-i686-arm-none-eabi/bin/../lib/gcc/arm-none-eabi/13.3.1/thumb/v7e-m/nofp/crtn.o
 *(.fini)
 .fini          0x08004a68        0x4 C:/environ/arm-gnu-toolchain/arm-gnu-toolchain-13.3.rel1-mingw-w64-i686-arm-none-eabi/bin/../lib/gcc/arm-none-eabi/13.3.1/thumb/v7e-m/nofp/crti.o
                0x08004a68                _fini
 .fini          0x08004a6c        0x8 C:/environ/arm-gnu-toolchain/arm-gnu-toolchain-13.3.rel1-mingw-w64-i686-arm-none-eabi/bin/../lib/gcc/arm-none-eabi/13.3.1/thumb/v7e-m/nofp/crtn.o
                0x08004a74                        . = ALIGN (0x4)
                0x08004a74                        _etext = .

.vfp11_veneer   0x08004a74        0x0
 .vfp11_veneer  0x08004a74        0x0 linker stubs

.v4_bx          0x08004a74        0x0
 .v4_bx         0x08004a74        0x0 linker stubs

.iplt           0x08004a74        0x0
 .iplt          0x08004a74        0x0 C:/environ/arm-gnu-toolchain/arm-gnu-toolchain-13.3.rel1-mingw-w64-i686-arm-none-eabi/bin/../lib/gcc/arm-none-eabi/13.3.1/thumb/v7e-m/nofp/crtbegin.o

.rodata         0x08004a74      0x13c
                0x08004a74                        . = ALIGN (0x4)
 *(.rodata)
 *(.rodata*)
 .rodata.HAL_CAN_RxFifo0MsgPendingCallback.str1.4
                0x08004a74      0x122 CMakeFiles/CAN0.elf.dir/Core/Src/bsp_can.c.obj
                                 0x17 (size before relaxing)
 .rodata.set_moto_current.str1.4
                0x08004b96       0x2f CMakeFiles/CAN0.elf.dir/Core/Src/bsp_can.c.obj
 .rodata.HAL_CAN_TxMailbox0CompleteCallback.str1.4
                0x08004b96       0x27 CMakeFiles/CAN0.elf.dir/Core/Src/bsp_can.c.obj
 .rodata.HAL_CAN_TxMailbox1CompleteCallback.str1.4
                0x08004b96       0x27 CMakeFiles/CAN0.elf.dir/Core/Src/bsp_can.c.obj
 .rodata.HAL_CAN_TxMailbox2CompleteCallback.str1.4
                0x08004b96       0x27 CMakeFiles/CAN0.elf.dir/Core/Src/bsp_can.c.obj
 .rodata.HAL_CAN_ErrorCallback.str1.4
                0x08004b96       0x15 CMakeFiles/CAN0.elf.dir/Core/Src/bsp_can.c.obj
 .rodata.main.str1.4
                0x08004b96       0x47 CMakeFiles/CAN0.elf.dir/Core/Src/main.c.obj
 *fill*         0x08004b96        0x2 
 .rodata.APBPrescTable
                0x08004b98        0x8 CMakeFiles/CAN0.elf.dir/Core/Src/system_stm32f4xx.c.obj
                0x08004b98                APBPrescTable
 .rodata.AHBPrescTable
                0x08004ba0       0x10 CMakeFiles/CAN0.elf.dir/Core/Src/system_stm32f4xx.c.obj
                0x08004ba0                AHBPrescTable
 .rodata._puts_r.str1.4
                0x08004bb0        0x2 C:/environ/arm-gnu-toolchain/arm-gnu-toolchain-13.3.rel1-mingw-w64-i686-arm-none-eabi/bin/../lib/gcc/arm-none-eabi/13.3.1/thumb/v7e-m/nofp\libg.a(libc_a-puts.o)
                0x08004bb4                        . = ALIGN (0x4)

.ARM.extab      0x08004bb0        0x0
                0x08004bb0                        . = ALIGN (0x4)
 *(.ARM.extab* .gnu.linkonce.armextab.*)
                0x08004bb0                        . = ALIGN (0x4)

.ARM            0x08004bb0        0x8
                0x08004bb0                        . = ALIGN (0x4)
                0x08004bb0                        __exidx_start = .
 *(.ARM.exidx*)
 .ARM.exidx     0x08004bb0        0x8 C:/environ/arm-gnu-toolchain/arm-gnu-toolchain-13.3.rel1-mingw-w64-i686-arm-none-eabi/bin/../lib/gcc/arm-none-eabi/13.3.1/thumb/v7e-m/nofp\libg.a(libc_a-strlen.o)
 .ARM.exidx     0x08004bb8        0x0 C:/environ/arm-gnu-toolchain/arm-gnu-toolchain-13.3.rel1-mingw-w64-i686-arm-none-eabi/bin/../lib/gcc/arm-none-eabi/13.3.1/thumb/v7e-m/nofp\libg.a(libc_a-memchr.o)
                                  0x8 (size before relaxing)
 .ARM.exidx     0x08004bb8        0x0 C:/environ/arm-gnu-toolchain/arm-gnu-toolchain-13.3.rel1-mingw-w64-i686-arm-none-eabi/bin/../lib/gcc/arm-none-eabi/13.3.1/thumb/v7e-m/nofp\libg.a(libc_a-memcpy.o)
                                  0x8 (size before relaxing)
 .ARM.exidx.text.__udivmoddi4
                0x08004bb8        0x0 C:/environ/arm-gnu-toolchain/arm-gnu-toolchain-13.3.rel1-mingw-w64-i686-arm-none-eabi/bin/../lib/gcc/arm-none-eabi/13.3.1/thumb/v7e-m/nofp\libgcc.a(_udivmoddi4.o)
                                  0x8 (size before relaxing)
                0x08004bb8                        __exidx_end = .
                0x08004bb8                        . = ALIGN (0x4)

.preinit_array  0x08004bb8        0x0
                0x08004bb8                        . = ALIGN (0x4)
                0x08004bb8                        PROVIDE (__preinit_array_start = .)
 *(.preinit_array*)
                0x08004bb8                        PROVIDE (__preinit_array_end = .)
                0x08004bb8                        . = ALIGN (0x4)

.init_array     0x08004bb8        0x8
                0x08004bb8                        . = ALIGN (0x4)
                0x08004bb8                        PROVIDE (__init_array_start = .)
 *(SORT_BY_NAME(.init_array.*))
 .init_array.00000
                0x08004bb8        0x4 C:/environ/arm-gnu-toolchain/arm-gnu-toolchain-13.3.rel1-mingw-w64-i686-arm-none-eabi/bin/../lib/gcc/arm-none-eabi/13.3.1/thumb/v7e-m/nofp\libg.a(libc_a-__call_atexit.o)
 *(.init_array*)
 .init_array    0x08004bbc        0x4 C:/environ/arm-gnu-toolchain/arm-gnu-toolchain-13.3.rel1-mingw-w64-i686-arm-none-eabi/bin/../lib/gcc/arm-none-eabi/13.3.1/thumb/v7e-m/nofp/crtbegin.o
                0x08004bc0                        PROVIDE (__init_array_end = .)
                0x08004bc0                        . = ALIGN (0x4)

.fini_array     0x08004bc0        0x4
                0x08004bc0                        . = ALIGN (0x4)
                0x08004bc0                        PROVIDE (__fini_array_start = .)
 *(SORT_BY_NAME(.fini_array.*))
 *(.fini_array*)
 .fini_array    0x08004bc0        0x4 C:/environ/arm-gnu-toolchain/arm-gnu-toolchain-13.3.rel1-mingw-w64-i686-arm-none-eabi/bin/../lib/gcc/arm-none-eabi/13.3.1/thumb/v7e-m/nofp/crtbegin.o
                0x08004bc4                        PROVIDE (__fini_array_end = .)
                0x08004bc4                        . = ALIGN (0x4)
                0x08004bc4                        _sidata = LOADADDR (.data)

.rel.dyn        0x08004bc4        0x0
 .rel.iplt      0x08004bc4        0x0 C:/environ/arm-gnu-toolchain/arm-gnu-toolchain-13.3.rel1-mingw-w64-i686-arm-none-eabi/bin/../lib/gcc/arm-none-eabi/13.3.1/thumb/v7e-m/nofp/crtbegin.o

.data           0x20000000      0x578 load address 0x08004bc4
                0x20000000                        . = ALIGN (0x4)
                0x20000000                        _sdata = .
 *(.data)
 *(.data*)
 .data.SystemCoreClock
                0x20000000        0x4 CMakeFiles/CAN0.elf.dir/Core/Src/system_stm32f4xx.c.obj
                0x20000000                SystemCoreClock
 .data.uwTickFreq
                0x20000004        0x1 CMakeFiles/CAN0.elf.dir/Drivers/STM32F4xx_HAL_Driver/Src/stm32f4xx_hal.c.obj
                0x20000004                uwTickFreq
 *fill*         0x20000005        0x3 
 .data.uwTickPrio
                0x20000008        0x4 CMakeFiles/CAN0.elf.dir/Drivers/STM32F4xx_HAL_Driver/Src/stm32f4xx_hal.c.obj
                0x20000008                uwTickPrio
 .data.__sglue  0x2000000c        0xc C:/environ/arm-gnu-toolchain/arm-gnu-toolchain-13.3.rel1-mingw-w64-i686-arm-none-eabi/bin/../lib/gcc/arm-none-eabi/13.3.1/thumb/v7e-m/nofp\libg.a(libc_a-findfp.o)
                0x2000000c                __sglue
 .data._impure_ptr
                0x20000018        0x4 C:/environ/arm-gnu-toolchain/arm-gnu-toolchain-13.3.rel1-mingw-w64-i686-arm-none-eabi/bin/../lib/gcc/arm-none-eabi/13.3.1/thumb/v7e-m/nofp\libg.a(libc_a-impure.o)
                0x20000018                _impure_ptr
 *fill*         0x2000001c        0x4 
 .data._impure_data
                0x20000020      0x140 C:/environ/arm-gnu-toolchain/arm-gnu-toolchain-13.3.rel1-mingw-w64-i686-arm-none-eabi/bin/../lib/gcc/arm-none-eabi/13.3.1/thumb/v7e-m/nofp\libg.a(libc_a-impure.o)
                0x20000020                _impure_data
 .data.__atexit_recursive_mutex
                0x20000160        0x4 C:/environ/arm-gnu-toolchain/arm-gnu-toolchain-13.3.rel1-mingw-w64-i686-arm-none-eabi/bin/../lib/gcc/arm-none-eabi/13.3.1/thumb/v7e-m/nofp\libg.a(libc_a-__call_atexit.o)
                0x20000160                __atexit_recursive_mutex
 .data.__malloc_sbrk_base
                0x20000164        0x4 C:/environ/arm-gnu-toolchain/arm-gnu-toolchain-13.3.rel1-mingw-w64-i686-arm-none-eabi/bin/../lib/gcc/arm-none-eabi/13.3.1/thumb/v7e-m/nofp\libg.a(libc_a-mallocr.o)
                0x20000164                __malloc_sbrk_base
 .data.__malloc_trim_threshold
                0x20000168        0x4 C:/environ/arm-gnu-toolchain/arm-gnu-toolchain-13.3.rel1-mingw-w64-i686-arm-none-eabi/bin/../lib/gcc/arm-none-eabi/13.3.1/thumb/v7e-m/nofp\libg.a(libc_a-mallocr.o)
                0x20000168                __malloc_trim_threshold
 *fill*         0x2000016c        0x4 
 .data.__malloc_av_
                0x20000170      0x408 C:/environ/arm-gnu-toolchain/arm-gnu-toolchain-13.3.rel1-mingw-w64-i686-arm-none-eabi/bin/../lib/gcc/arm-none-eabi/13.3.1/thumb/v7e-m/nofp\libg.a(libc_a-mallocr.o)
                0x20000170                __malloc_av_
 *(.RamFunc)
 *(.RamFunc*)
                0x20000578                        . = ALIGN (0x4)
                0x20000578                        _edata = .
                0x0800513c                        _siccmram = LOADADDR (.ccmram)

.tm_clone_table
                0x20000578        0x0 load address 0x0800513c
 .tm_clone_table
                0x20000578        0x0 C:/environ/arm-gnu-toolchain/arm-gnu-toolchain-13.3.rel1-mingw-w64-i686-arm-none-eabi/bin/../lib/gcc/arm-none-eabi/13.3.1/thumb/v7e-m/nofp/crtbegin.o
 .tm_clone_table
                0x20000578        0x0 C:/environ/arm-gnu-toolchain/arm-gnu-toolchain-13.3.rel1-mingw-w64-i686-arm-none-eabi/bin/../lib/gcc/arm-none-eabi/13.3.1/thumb/v7e-m/nofp/crtend.o

.igot.plt       0x20000578        0x0 load address 0x0800513c
 .igot.plt      0x20000578        0x0 C:/environ/arm-gnu-toolchain/arm-gnu-toolchain-13.3.rel1-mingw-w64-i686-arm-none-eabi/bin/../lib/gcc/arm-none-eabi/13.3.1/thumb/v7e-m/nofp/crtbegin.o

.ccmram         0x10000000        0x0 load address 0x0800513c
                0x10000000                        . = ALIGN (0x4)
                0x10000000                        _sccmram = .
 *(.ccmram)
 *(.ccmram*)
                0x10000000                        . = ALIGN (0x4)
                0x10000000                        _eccmram = .
                0x10000000                        . = ALIGN (0x4)

.bss            0x20000578      0x600
                0x20000578                        _sbss = .
                0x20000578                        __bss_start__ = _sbss
 *(.bss)
 *(.bss*)
 .bss.completed.1
                0x20000578        0x1 C:/environ/arm-gnu-toolchain/arm-gnu-toolchain-13.3.rel1-mingw-w64-i686-arm-none-eabi/bin/../lib/gcc/arm-none-eabi/13.3.1/thumb/v7e-m/nofp/crtbegin.o
 *fill*         0x20000579        0x3 
 .bss.object.0  0x2000057c       0x18 C:/environ/arm-gnu-toolchain/arm-gnu-toolchain-13.3.rel1-mingw-w64-i686-arm-none-eabi/bin/../lib/gcc/arm-none-eabi/13.3.1/thumb/v7e-m/nofp/crtbegin.o
 .bss.FlashTimer
                0x20000594        0x4 CMakeFiles/CAN0.elf.dir/Core/Src/bsp_can.c.obj
                0x20000594                FlashTimer
 .bss.moto_chassis
                0x20000598       0xc0 CMakeFiles/CAN0.elf.dir/Core/Src/bsp_can.c.obj
                0x20000598                moto_chassis
 .bss.hcan1     0x20000658       0x28 CMakeFiles/CAN0.elf.dir/Core/Src/can.c.obj
                0x20000658                hcan1
 .bss.set_spd   0x20000680        0x4 CMakeFiles/CAN0.elf.dir/Core/Src/main.c.obj
                0x20000680                set_spd
 .bss.motor_pid
                0x20000684      0x190 CMakeFiles/CAN0.elf.dir/Core/Src/main.c.obj
                0x20000684                motor_pid
 .bss.__sbrk_heap_end
                0x20000814        0x4 CMakeFiles/CAN0.elf.dir/Core/Src/sysmem.c.obj
 .bss.huart1    0x20000818       0x48 CMakeFiles/CAN0.elf.dir/Core/Src/usart.c.obj
                0x20000818                huart1
 .bss.uwTick    0x20000860        0x4 CMakeFiles/CAN0.elf.dir/Drivers/STM32F4xx_HAL_Driver/Src/stm32f4xx_hal.c.obj
                0x20000860                uwTick
 .bss.__sf      0x20000864      0x138 C:/environ/arm-gnu-toolchain/arm-gnu-toolchain-13.3.rel1-mingw-w64-i686-arm-none-eabi/bin/../lib/gcc/arm-none-eabi/13.3.1/thumb/v7e-m/nofp\libg.a(libc_a-findfp.o)
                0x20000864                __sf
 .bss.__stdio_exit_handler
                0x2000099c        0x4 C:/environ/arm-gnu-toolchain/arm-gnu-toolchain-13.3.rel1-mingw-w64-i686-arm-none-eabi/bin/../lib/gcc/arm-none-eabi/13.3.1/thumb/v7e-m/nofp\libg.a(libc_a-findfp.o)
                0x2000099c                __stdio_exit_handler
 .bss.errno     0x200009a0        0x4 C:/environ/arm-gnu-toolchain/arm-gnu-toolchain-13.3.rel1-mingw-w64-i686-arm-none-eabi/bin/../lib/gcc/arm-none-eabi/13.3.1/thumb/v7e-m/nofp\libg.a(libc_a-reent.o)
                0x200009a0                errno
 .bss.__lock___malloc_recursive_mutex
                0x200009a4        0x1 C:/environ/arm-gnu-toolchain/arm-gnu-toolchain-13.3.rel1-mingw-w64-i686-arm-none-eabi/bin/../lib/gcc/arm-none-eabi/13.3.1/thumb/v7e-m/nofp\libg.a(libc_a-lock.o)
                0x200009a4                __lock___malloc_recursive_mutex
 *fill*         0x200009a5        0x3 
 .bss.__lock___atexit_recursive_mutex
                0x200009a8        0x1 C:/environ/arm-gnu-toolchain/arm-gnu-toolchain-13.3.rel1-mingw-w64-i686-arm-none-eabi/bin/../lib/gcc/arm-none-eabi/13.3.1/thumb/v7e-m/nofp\libg.a(libc_a-lock.o)
                0x200009a8                __lock___atexit_recursive_mutex
 *fill*         0x200009a9        0x3 
 .bss.__lock___sfp_recursive_mutex
                0x200009ac        0x1 C:/environ/arm-gnu-toolchain/arm-gnu-toolchain-13.3.rel1-mingw-w64-i686-arm-none-eabi/bin/../lib/gcc/arm-none-eabi/13.3.1/thumb/v7e-m/nofp\libg.a(libc_a-lock.o)
                0x200009ac                __lock___sfp_recursive_mutex
 *fill*         0x200009ad        0x3 
 .bss.__atexit  0x200009b0        0x4 C:/environ/arm-gnu-toolchain/arm-gnu-toolchain-13.3.rel1-mingw-w64-i686-arm-none-eabi/bin/../lib/gcc/arm-none-eabi/13.3.1/thumb/v7e-m/nofp\libg.a(libc_a-__call_atexit.o)
                0x200009b0                __atexit
 .bss.__malloc_current_mallinfo
                0x200009b4       0x28 C:/environ/arm-gnu-toolchain/arm-gnu-toolchain-13.3.rel1-mingw-w64-i686-arm-none-eabi/bin/../lib/gcc/arm-none-eabi/13.3.1/thumb/v7e-m/nofp\libg.a(libc_a-mallocr.o)
                0x200009b4                __malloc_current_mallinfo
 .bss.__malloc_max_total_mem
                0x200009dc        0x4 C:/environ/arm-gnu-toolchain/arm-gnu-toolchain-13.3.rel1-mingw-w64-i686-arm-none-eabi/bin/../lib/gcc/arm-none-eabi/13.3.1/thumb/v7e-m/nofp\libg.a(libc_a-mallocr.o)
                0x200009dc                __malloc_max_total_mem
 .bss.__malloc_max_sbrked_mem
                0x200009e0        0x4 C:/environ/arm-gnu-toolchain/arm-gnu-toolchain-13.3.rel1-mingw-w64-i686-arm-none-eabi/bin/../lib/gcc/arm-none-eabi/13.3.1/thumb/v7e-m/nofp\libg.a(libc_a-mallocr.o)
                0x200009e0                __malloc_max_sbrked_mem
 .bss.__malloc_top_pad
                0x200009e4        0x4 C:/environ/arm-gnu-toolchain/arm-gnu-toolchain-13.3.rel1-mingw-w64-i686-arm-none-eabi/bin/../lib/gcc/arm-none-eabi/13.3.1/thumb/v7e-m/nofp\libg.a(libc_a-mallocr.o)
                0x200009e4                __malloc_top_pad
 .bss.__atexit0
                0x200009e8      0x190 C:/environ/arm-gnu-toolchain/arm-gnu-toolchain-13.3.rel1-mingw-w64-i686-arm-none-eabi/bin/../lib/gcc/arm-none-eabi/13.3.1/thumb/v7e-m/nofp\libg.a(libc_a-__atexit.o)
                0x200009e8                __atexit0
 *(COMMON)
                0x20000b78                        . = ALIGN (0x4)
                0x20000b78                        _ebss = .
                0x20000b78                        __bss_end__ = _ebss

._user_heap_stack
                0x20000b78      0x600
                0x20000b78                        . = ALIGN (0x8)
                [!provide]                        PROVIDE (end = .)
                0x20000b78                        PROVIDE (_end = .)
                0x20000d78                        . = (. + _Min_Heap_Size)
 *fill*         0x20000b78      0x200 
                0x20001178                        . = (. + _Min_Stack_Size)
 *fill*         0x20000d78      0x400 
                0x20001178                        . = ALIGN (0x8)

/DISCARD/
 libc.a(*)
 libm.a(*)
 libgcc.a(*)

.ARM.attributes
                0x00000000       0x2a
 *(.ARM.attributes)
 .ARM.attributes
                0x00000000       0x1e C:/environ/arm-gnu-toolchain/arm-gnu-toolchain-13.3.rel1-mingw-w64-i686-arm-none-eabi/bin/../lib/gcc/arm-none-eabi/13.3.1/thumb/v7e-m/nofp/crti.o
 .ARM.attributes
                0x0000001e       0x2e C:/environ/arm-gnu-toolchain/arm-gnu-toolchain-13.3.rel1-mingw-w64-i686-arm-none-eabi/bin/../lib/gcc/arm-none-eabi/13.3.1/thumb/v7e-m/nofp/crtbegin.o
 .ARM.attributes
                0x0000004c       0x2e CMakeFiles/CAN0.elf.dir/Core/Src/bsp_can.c.obj
 .ARM.attributes
                0x0000007a       0x2e CMakeFiles/CAN0.elf.dir/Core/Src/can.c.obj
 .ARM.attributes
                0x000000a8       0x2e CMakeFiles/CAN0.elf.dir/Core/Src/gpio.c.obj
 .ARM.attributes
                0x000000d6       0x2e CMakeFiles/CAN0.elf.dir/Core/Src/main.c.obj
 .ARM.attributes
                0x00000104       0x2e CMakeFiles/CAN0.elf.dir/Core/Src/pid.c.obj
 .ARM.attributes
                0x00000132       0x2e CMakeFiles/CAN0.elf.dir/Core/Src/stm32f4xx_hal_msp.c.obj
 .ARM.attributes
                0x00000160       0x2e CMakeFiles/CAN0.elf.dir/Core/Src/stm32f4xx_it.c.obj
 .ARM.attributes
                0x0000018e       0x2e CMakeFiles/CAN0.elf.dir/Core/Src/syscalls.c.obj
 .ARM.attributes
                0x000001bc       0x2e CMakeFiles/CAN0.elf.dir/Core/Src/sysmem.c.obj
 .ARM.attributes
                0x000001ea       0x2e CMakeFiles/CAN0.elf.dir/Core/Src/system_stm32f4xx.c.obj
 .ARM.attributes
                0x00000218       0x2e CMakeFiles/CAN0.elf.dir/Core/Src/usart.c.obj
 .ARM.attributes
                0x00000246       0x21 CMakeFiles/CAN0.elf.dir/Core/Startup/startup_stm32f407zgtx.s.obj
 .ARM.attributes
                0x00000267       0x2e CMakeFiles/CAN0.elf.dir/Drivers/STM32F4xx_HAL_Driver/Src/stm32f4xx_hal.c.obj
 .ARM.attributes
                0x00000295       0x2e CMakeFiles/CAN0.elf.dir/Drivers/STM32F4xx_HAL_Driver/Src/stm32f4xx_hal_can.c.obj
 .ARM.attributes
                0x000002c3       0x2e CMakeFiles/CAN0.elf.dir/Drivers/STM32F4xx_HAL_Driver/Src/stm32f4xx_hal_cortex.c.obj
 .ARM.attributes
                0x000002f1       0x2e CMakeFiles/CAN0.elf.dir/Drivers/STM32F4xx_HAL_Driver/Src/stm32f4xx_hal_dma.c.obj
 .ARM.attributes
                0x0000031f       0x2e CMakeFiles/CAN0.elf.dir/Drivers/STM32F4xx_HAL_Driver/Src/stm32f4xx_hal_gpio.c.obj
 .ARM.attributes
                0x0000034d       0x2e CMakeFiles/CAN0.elf.dir/Drivers/STM32F4xx_HAL_Driver/Src/stm32f4xx_hal_rcc.c.obj
 .ARM.attributes
                0x0000037b       0x2e CMakeFiles/CAN0.elf.dir/Drivers/STM32F4xx_HAL_Driver/Src/stm32f4xx_hal_uart.c.obj
 .ARM.attributes
                0x000003a9       0x1e C:/environ/arm-gnu-toolchain/arm-gnu-toolchain-13.3.rel1-mingw-w64-i686-arm-none-eabi/bin/../lib/gcc/arm-none-eabi/13.3.1/thumb/v7e-m/nofp\libgcc.a(_arm_mulsf3.o)
 .ARM.attributes
                0x000003c7       0x1e C:/environ/arm-gnu-toolchain/arm-gnu-toolchain-13.3.rel1-mingw-w64-i686-arm-none-eabi/bin/../lib/gcc/arm-none-eabi/13.3.1/thumb/v7e-m/nofp\libgcc.a(_arm_addsubsf3.o)
 .ARM.attributes
                0x000003e5       0x1e C:/environ/arm-gnu-toolchain/arm-gnu-toolchain-13.3.rel1-mingw-w64-i686-arm-none-eabi/bin/../lib/gcc/arm-none-eabi/13.3.1/thumb/v7e-m/nofp\libgcc.a(_arm_cmpsf2.o)
 .ARM.attributes
                0x00000403       0x1e C:/environ/arm-gnu-toolchain/arm-gnu-toolchain-13.3.rel1-mingw-w64-i686-arm-none-eabi/bin/../lib/gcc/arm-none-eabi/13.3.1/thumb/v7e-m/nofp\libgcc.a(_arm_fixsfsi.o)
 .ARM.attributes
                0x00000421       0x1e C:/environ/arm-gnu-toolchain/arm-gnu-toolchain-13.3.rel1-mingw-w64-i686-arm-none-eabi/bin/../lib/gcc/arm-none-eabi/13.3.1/thumb/v7e-m/nofp\libgcc.a(_aeabi_uldivmod.o)
 .ARM.attributes
                0x0000043f       0x2e C:/environ/arm-gnu-toolchain/arm-gnu-toolchain-13.3.rel1-mingw-w64-i686-arm-none-eabi/bin/../lib/gcc/arm-none-eabi/13.3.1/thumb/v7e-m/nofp\libgcc.a(_udivmoddi4.o)
 .ARM.attributes
                0x0000046d       0x1e C:/environ/arm-gnu-toolchain/arm-gnu-toolchain-13.3.rel1-mingw-w64-i686-arm-none-eabi/bin/../lib/gcc/arm-none-eabi/13.3.1/thumb/v7e-m/nofp\libgcc.a(_dvmd_tls.o)
 .ARM.attributes
                0x0000048b       0x2e C:/environ/arm-gnu-toolchain/arm-gnu-toolchain-13.3.rel1-mingw-w64-i686-arm-none-eabi/bin/../lib/gcc/arm-none-eabi/13.3.1/thumb/v7e-m/nofp\libg.a(libc_a-findfp.o)
 .ARM.attributes
                0x000004b9       0x2e C:/environ/arm-gnu-toolchain/arm-gnu-toolchain-13.3.rel1-mingw-w64-i686-arm-none-eabi/bin/../lib/gcc/arm-none-eabi/13.3.1/thumb/v7e-m/nofp\libg.a(libc_a-fwalk.o)
 .ARM.attributes
                0x000004e7       0x2e C:/environ/arm-gnu-toolchain/arm-gnu-toolchain-13.3.rel1-mingw-w64-i686-arm-none-eabi/bin/../lib/gcc/arm-none-eabi/13.3.1/thumb/v7e-m/nofp\libg.a(libc_a-puts.o)
 .ARM.attributes
                0x00000515       0x2e C:/environ/arm-gnu-toolchain/arm-gnu-toolchain-13.3.rel1-mingw-w64-i686-arm-none-eabi/bin/../lib/gcc/arm-none-eabi/13.3.1/thumb/v7e-m/nofp\libg.a(libc_a-stdio.o)
 .ARM.attributes
                0x00000543       0x2e C:/environ/arm-gnu-toolchain/arm-gnu-toolchain-13.3.rel1-mingw-w64-i686-arm-none-eabi/bin/../lib/gcc/arm-none-eabi/13.3.1/thumb/v7e-m/nofp\libg.a(libc_a-memset.o)
 .ARM.attributes
                0x00000571       0x2e C:/environ/arm-gnu-toolchain/arm-gnu-toolchain-13.3.rel1-mingw-w64-i686-arm-none-eabi/bin/../lib/gcc/arm-none-eabi/13.3.1/thumb/v7e-m/nofp\libg.a(libc_a-closer.o)
 .ARM.attributes
                0x0000059f       0x2e C:/environ/arm-gnu-toolchain/arm-gnu-toolchain-13.3.rel1-mingw-w64-i686-arm-none-eabi/bin/../lib/gcc/arm-none-eabi/13.3.1/thumb/v7e-m/nofp\libg.a(libc_a-reent.o)
 .ARM.attributes
                0x000005cd       0x2e C:/environ/arm-gnu-toolchain/arm-gnu-toolchain-13.3.rel1-mingw-w64-i686-arm-none-eabi/bin/../lib/gcc/arm-none-eabi/13.3.1/thumb/v7e-m/nofp\libg.a(libc_a-impure.o)
 .ARM.attributes
                0x000005fb       0x2e C:/environ/arm-gnu-toolchain/arm-gnu-toolchain-13.3.rel1-mingw-w64-i686-arm-none-eabi/bin/../lib/gcc/arm-none-eabi/13.3.1/thumb/v7e-m/nofp\libg.a(libc_a-lseekr.o)
 .ARM.attributes
                0x00000629       0x2e C:/environ/arm-gnu-toolchain/arm-gnu-toolchain-13.3.rel1-mingw-w64-i686-arm-none-eabi/bin/../lib/gcc/arm-none-eabi/13.3.1/thumb/v7e-m/nofp\libg.a(libc_a-readr.o)
 .ARM.attributes
                0x00000657       0x2e C:/environ/arm-gnu-toolchain/arm-gnu-toolchain-13.3.rel1-mingw-w64-i686-arm-none-eabi/bin/../lib/gcc/arm-none-eabi/13.3.1/thumb/v7e-m/nofp\libg.a(libc_a-writer.o)
 .ARM.attributes
                0x00000685       0x2e C:/environ/arm-gnu-toolchain/arm-gnu-toolchain-13.3.rel1-mingw-w64-i686-arm-none-eabi/bin/../lib/gcc/arm-none-eabi/13.3.1/thumb/v7e-m/nofp\libg.a(libc_a-errno.o)
 .ARM.attributes
                0x000006b3       0x2e C:/environ/arm-gnu-toolchain/arm-gnu-toolchain-13.3.rel1-mingw-w64-i686-arm-none-eabi/bin/../lib/gcc/arm-none-eabi/13.3.1/thumb/v7e-m/nofp\libg.a(libc_a-init.o)
 .ARM.attributes
                0x000006e1       0x2e C:/environ/arm-gnu-toolchain/arm-gnu-toolchain-13.3.rel1-mingw-w64-i686-arm-none-eabi/bin/../lib/gcc/arm-none-eabi/13.3.1/thumb/v7e-m/nofp\libg.a(libc_a-lock.o)
 .ARM.attributes
                0x0000070f       0x1c C:/environ/arm-gnu-toolchain/arm-gnu-toolchain-13.3.rel1-mingw-w64-i686-arm-none-eabi/bin/../lib/gcc/arm-none-eabi/13.3.1/thumb/v7e-m/nofp\libg.a(libc_a-strlen.o)
 .ARM.attributes
                0x0000072b       0x2e C:/environ/arm-gnu-toolchain/arm-gnu-toolchain-13.3.rel1-mingw-w64-i686-arm-none-eabi/bin/../lib/gcc/arm-none-eabi/13.3.1/thumb/v7e-m/nofp\libg.a(libc_a-__call_atexit.o)
 .ARM.attributes
                0x00000759       0x2e C:/environ/arm-gnu-toolchain/arm-gnu-toolchain-13.3.rel1-mingw-w64-i686-arm-none-eabi/bin/../lib/gcc/arm-none-eabi/13.3.1/thumb/v7e-m/nofp\libg.a(libc_a-atexit.o)
 .ARM.attributes
                0x00000787       0x2e C:/environ/arm-gnu-toolchain/arm-gnu-toolchain-13.3.rel1-mingw-w64-i686-arm-none-eabi/bin/../lib/gcc/arm-none-eabi/13.3.1/thumb/v7e-m/nofp\libg.a(libc_a-freer.o)
 .ARM.attributes
                0x000007b5       0x2e C:/environ/arm-gnu-toolchain/arm-gnu-toolchain-13.3.rel1-mingw-w64-i686-arm-none-eabi/bin/../lib/gcc/arm-none-eabi/13.3.1/thumb/v7e-m/nofp\libg.a(libc_a-mallocr.o)
 .ARM.attributes
                0x000007e3       0x2e C:/environ/arm-gnu-toolchain/arm-gnu-toolchain-13.3.rel1-mingw-w64-i686-arm-none-eabi/bin/../lib/gcc/arm-none-eabi/13.3.1/thumb/v7e-m/nofp\libg.a(libc_a-mlock.o)
 .ARM.attributes
                0x00000811       0x2e C:/environ/arm-gnu-toolchain/arm-gnu-toolchain-13.3.rel1-mingw-w64-i686-arm-none-eabi/bin/../lib/gcc/arm-none-eabi/13.3.1/thumb/v7e-m/nofp\libg.a(libc_a-fclose.o)
 .ARM.attributes
                0x0000083f       0x2e C:/environ/arm-gnu-toolchain/arm-gnu-toolchain-13.3.rel1-mingw-w64-i686-arm-none-eabi/bin/../lib/gcc/arm-none-eabi/13.3.1/thumb/v7e-m/nofp\libg.a(libc_a-fflush.o)
 .ARM.attributes
                0x0000086d       0x2e C:/environ/arm-gnu-toolchain/arm-gnu-toolchain-13.3.rel1-mingw-w64-i686-arm-none-eabi/bin/../lib/gcc/arm-none-eabi/13.3.1/thumb/v7e-m/nofp\libg.a(libc_a-fvwrite.o)
 .ARM.attributes
                0x0000089b       0x2e C:/environ/arm-gnu-toolchain/arm-gnu-toolchain-13.3.rel1-mingw-w64-i686-arm-none-eabi/bin/../lib/gcc/arm-none-eabi/13.3.1/thumb/v7e-m/nofp\libg.a(libc_a-wsetup.o)
 .ARM.attributes
                0x000008c9       0x2e C:/environ/arm-gnu-toolchain/arm-gnu-toolchain-13.3.rel1-mingw-w64-i686-arm-none-eabi/bin/../lib/gcc/arm-none-eabi/13.3.1/thumb/v7e-m/nofp\libg.a(libc_a-memmove.o)
 .ARM.attributes
                0x000008f7       0x2e C:/environ/arm-gnu-toolchain/arm-gnu-toolchain-13.3.rel1-mingw-w64-i686-arm-none-eabi/bin/../lib/gcc/arm-none-eabi/13.3.1/thumb/v7e-m/nofp\libg.a(libc_a-sbrkr.o)
 .ARM.attributes
                0x00000925       0x2e C:/environ/arm-gnu-toolchain/arm-gnu-toolchain-13.3.rel1-mingw-w64-i686-arm-none-eabi/bin/../lib/gcc/arm-none-eabi/13.3.1/thumb/v7e-m/nofp\libg.a(libc_a-fini.o)
 .ARM.attributes
                0x00000953       0x2e C:/environ/arm-gnu-toolchain/arm-gnu-toolchain-13.3.rel1-mingw-w64-i686-arm-none-eabi/bin/../lib/gcc/arm-none-eabi/13.3.1/thumb/v7e-m/nofp\libg.a(libc_a-sysconf.o)
 .ARM.attributes
                0x00000981       0x1c C:/environ/arm-gnu-toolchain/arm-gnu-toolchain-13.3.rel1-mingw-w64-i686-arm-none-eabi/bin/../lib/gcc/arm-none-eabi/13.3.1/thumb/v7e-m/nofp\libg.a(libc_a-memchr.o)
 .ARM.attributes
                0x0000099d       0x1c C:/environ/arm-gnu-toolchain/arm-gnu-toolchain-13.3.rel1-mingw-w64-i686-arm-none-eabi/bin/../lib/gcc/arm-none-eabi/13.3.1/thumb/v7e-m/nofp\libg.a(libc_a-memcpy.o)
 .ARM.attributes
                0x000009b9       0x2e C:/environ/arm-gnu-toolchain/arm-gnu-toolchain-13.3.rel1-mingw-w64-i686-arm-none-eabi/bin/../lib/gcc/arm-none-eabi/13.3.1/thumb/v7e-m/nofp\libg.a(libc_a-__atexit.o)
 .ARM.attributes
                0x000009e7       0x2e C:/environ/arm-gnu-toolchain/arm-gnu-toolchain-13.3.rel1-mingw-w64-i686-arm-none-eabi/bin/../lib/gcc/arm-none-eabi/13.3.1/thumb/v7e-m/nofp\libg.a(libc_a-reallocr.o)
 .ARM.attributes
                0x00000a15       0x2e C:/environ/arm-gnu-toolchain/arm-gnu-toolchain-13.3.rel1-mingw-w64-i686-arm-none-eabi/bin/../lib/gcc/arm-none-eabi/13.3.1/thumb/v7e-m/nofp\libg.a(libc_a-makebuf.o)
 .ARM.attributes
                0x00000a43       0x2e C:/environ/arm-gnu-toolchain/arm-gnu-toolchain-13.3.rel1-mingw-w64-i686-arm-none-eabi/bin/../lib/gcc/arm-none-eabi/13.3.1/thumb/v7e-m/nofp\libg.a(libc_a-fstatr.o)
 .ARM.attributes
                0x00000a71       0x2e C:/environ/arm-gnu-toolchain/arm-gnu-toolchain-13.3.rel1-mingw-w64-i686-arm-none-eabi/bin/../lib/gcc/arm-none-eabi/13.3.1/thumb/v7e-m/nofp\libg.a(libc_a-isattyr.o)
 .ARM.attributes
                0x00000a9f       0x2e C:/environ/arm-gnu-toolchain/arm-gnu-toolchain-13.3.rel1-mingw-w64-i686-arm-none-eabi/bin/../lib/gcc/arm-none-eabi/13.3.1/thumb/v7e-m/nofp/crtend.o
 .ARM.attributes
                0x00000acd       0x1e C:/environ/arm-gnu-toolchain/arm-gnu-toolchain-13.3.rel1-mingw-w64-i686-arm-none-eabi/bin/../lib/gcc/arm-none-eabi/13.3.1/thumb/v7e-m/nofp/crtn.o
OUTPUT(CAN0.elf elf32-littlearm)
LOAD linker stubs
LOAD C:/environ/arm-gnu-toolchain/arm-gnu-toolchain-13.3.rel1-mingw-w64-i686-arm-none-eabi/bin/../lib/gcc/arm-none-eabi/13.3.1/thumb/v7e-m/nofp\libc.a
LOAD C:/environ/arm-gnu-toolchain/arm-gnu-toolchain-13.3.rel1-mingw-w64-i686-arm-none-eabi/bin/../lib/gcc/arm-none-eabi/13.3.1/thumb/v7e-m/nofp\libm.a
LOAD C:/environ/arm-gnu-toolchain/arm-gnu-toolchain-13.3.rel1-mingw-w64-i686-arm-none-eabi/bin/../lib/gcc/arm-none-eabi/13.3.1/thumb/v7e-m/nofp\libgcc.a

.debug_info     0x00000000     0xea97
 .debug_info    0x00000000     0x1252 CMakeFiles/CAN0.elf.dir/Core/Src/bsp_can.c.obj
 .debug_info    0x00001252      0xbb8 CMakeFiles/CAN0.elf.dir/Core/Src/can.c.obj
 .debug_info    0x00001e0a      0x439 CMakeFiles/CAN0.elf.dir/Core/Src/gpio.c.obj
 .debug_info    0x00002243     0x1517 CMakeFiles/CAN0.elf.dir/Core/Src/main.c.obj
 .debug_info    0x0000375a      0x58f CMakeFiles/CAN0.elf.dir/Core/Src/pid.c.obj
 .debug_info    0x00003ce9      0x27a CMakeFiles/CAN0.elf.dir/Core/Src/stm32f4xx_hal_msp.c.obj
 .debug_info    0x00003f63      0xa76 CMakeFiles/CAN0.elf.dir/Core/Src/stm32f4xx_it.c.obj
 .debug_info    0x000049d9      0x789 CMakeFiles/CAN0.elf.dir/Core/Src/syscalls.c.obj
 .debug_info    0x00005162      0x171 CMakeFiles/CAN0.elf.dir/Core/Src/sysmem.c.obj
 .debug_info    0x000052d3      0x334 CMakeFiles/CAN0.elf.dir/Core/Src/system_stm32f4xx.c.obj
 .debug_info    0x00005607      0xc48 CMakeFiles/CAN0.elf.dir/Core/Src/usart.c.obj
 .debug_info    0x0000624f       0x30 CMakeFiles/CAN0.elf.dir/Core/Startup/startup_stm32f407zgtx.s.obj
 .debug_info    0x0000627f      0x9e2 CMakeFiles/CAN0.elf.dir/Drivers/STM32F4xx_HAL_Driver/Src/stm32f4xx_hal.c.obj
 .debug_info    0x00006c61     0x11f7 CMakeFiles/CAN0.elf.dir/Drivers/STM32F4xx_HAL_Driver/Src/stm32f4xx_hal_can.c.obj
 .debug_info    0x00007e58      0xff5 CMakeFiles/CAN0.elf.dir/Drivers/STM32F4xx_HAL_Driver/Src/stm32f4xx_hal_cortex.c.obj
 .debug_info    0x00008e4d      0xad9 CMakeFiles/CAN0.elf.dir/Drivers/STM32F4xx_HAL_Driver/Src/stm32f4xx_hal_dma.c.obj
 .debug_info    0x00009926      0x704 CMakeFiles/CAN0.elf.dir/Drivers/STM32F4xx_HAL_Driver/Src/stm32f4xx_hal_gpio.c.obj
 .debug_info    0x0000a02a      0xa6d CMakeFiles/CAN0.elf.dir/Drivers/STM32F4xx_HAL_Driver/Src/stm32f4xx_hal_rcc.c.obj
 .debug_info    0x0000aa97     0x4000 CMakeFiles/CAN0.elf.dir/Drivers/STM32F4xx_HAL_Driver/Src/stm32f4xx_hal_uart.c.obj

.debug_abbrev   0x00000000     0x26b3
 .debug_abbrev  0x00000000      0x29a CMakeFiles/CAN0.elf.dir/Core/Src/bsp_can.c.obj
 .debug_abbrev  0x0000029a      0x23d CMakeFiles/CAN0.elf.dir/Core/Src/can.c.obj
 .debug_abbrev  0x000004d7      0x164 CMakeFiles/CAN0.elf.dir/Core/Src/gpio.c.obj
 .debug_abbrev  0x0000063b      0x316 CMakeFiles/CAN0.elf.dir/Core/Src/main.c.obj
 .debug_abbrev  0x00000951      0x18e CMakeFiles/CAN0.elf.dir/Core/Src/pid.c.obj
 .debug_abbrev  0x00000adf       0xd6 CMakeFiles/CAN0.elf.dir/Core/Src/stm32f4xx_hal_msp.c.obj
 .debug_abbrev  0x00000bb5      0x1d5 CMakeFiles/CAN0.elf.dir/Core/Src/stm32f4xx_it.c.obj
 .debug_abbrev  0x00000d8a      0x1c1 CMakeFiles/CAN0.elf.dir/Core/Src/syscalls.c.obj
 .debug_abbrev  0x00000f4b       0xea CMakeFiles/CAN0.elf.dir/Core/Src/sysmem.c.obj
 .debug_abbrev  0x00001035      0x120 CMakeFiles/CAN0.elf.dir/Core/Src/system_stm32f4xx.c.obj
 .debug_abbrev  0x00001155      0x236 CMakeFiles/CAN0.elf.dir/Core/Src/usart.c.obj
 .debug_abbrev  0x0000138b       0x24 CMakeFiles/CAN0.elf.dir/Core/Startup/startup_stm32f407zgtx.s.obj
 .debug_abbrev  0x000013af      0x240 CMakeFiles/CAN0.elf.dir/Drivers/STM32F4xx_HAL_Driver/Src/stm32f4xx_hal.c.obj
 .debug_abbrev  0x000015ef      0x27b CMakeFiles/CAN0.elf.dir/Drivers/STM32F4xx_HAL_Driver/Src/stm32f4xx_hal_can.c.obj
 .debug_abbrev  0x0000186a      0x391 CMakeFiles/CAN0.elf.dir/Drivers/STM32F4xx_HAL_Driver/Src/stm32f4xx_hal_cortex.c.obj
 .debug_abbrev  0x00001bfb      0x2c0 CMakeFiles/CAN0.elf.dir/Drivers/STM32F4xx_HAL_Driver/Src/stm32f4xx_hal_dma.c.obj
 .debug_abbrev  0x00001ebb      0x202 CMakeFiles/CAN0.elf.dir/Drivers/STM32F4xx_HAL_Driver/Src/stm32f4xx_hal_gpio.c.obj
 .debug_abbrev  0x000020bd      0x2c7 CMakeFiles/CAN0.elf.dir/Drivers/STM32F4xx_HAL_Driver/Src/stm32f4xx_hal_rcc.c.obj
 .debug_abbrev  0x00002384      0x32f CMakeFiles/CAN0.elf.dir/Drivers/STM32F4xx_HAL_Driver/Src/stm32f4xx_hal_uart.c.obj

.debug_loclists
                0x00000000     0x549a
 .debug_loclists
                0x00000000      0x18f CMakeFiles/CAN0.elf.dir/Core/Src/bsp_can.c.obj
 .debug_loclists
                0x0000018f       0x75 CMakeFiles/CAN0.elf.dir/Core/Src/can.c.obj
 .debug_loclists
                0x00000204       0x6a CMakeFiles/CAN0.elf.dir/Core/Src/main.c.obj
 .debug_loclists
                0x0000026e       0x9b CMakeFiles/CAN0.elf.dir/Core/Src/pid.c.obj
 .debug_loclists
                0x00000309      0x2cd CMakeFiles/CAN0.elf.dir/Core/Src/syscalls.c.obj
 .debug_loclists
                0x000005d6       0x52 CMakeFiles/CAN0.elf.dir/Core/Src/sysmem.c.obj
 .debug_loclists
                0x00000628       0xfa CMakeFiles/CAN0.elf.dir/Core/Src/system_stm32f4xx.c.obj
 .debug_loclists
                0x00000722       0x75 CMakeFiles/CAN0.elf.dir/Core/Src/usart.c.obj
 .debug_loclists
                0x00000797       0xe1 CMakeFiles/CAN0.elf.dir/Drivers/STM32F4xx_HAL_Driver/Src/stm32f4xx_hal.c.obj
 .debug_loclists
                0x00000878      0xa57 CMakeFiles/CAN0.elf.dir/Drivers/STM32F4xx_HAL_Driver/Src/stm32f4xx_hal_can.c.obj
 .debug_loclists
                0x000012cf      0x54d CMakeFiles/CAN0.elf.dir/Drivers/STM32F4xx_HAL_Driver/Src/stm32f4xx_hal_cortex.c.obj
 .debug_loclists
                0x0000181c      0x88a CMakeFiles/CAN0.elf.dir/Drivers/STM32F4xx_HAL_Driver/Src/stm32f4xx_hal_dma.c.obj
 .debug_loclists
                0x000020a6      0x386 CMakeFiles/CAN0.elf.dir/Drivers/STM32F4xx_HAL_Driver/Src/stm32f4xx_hal_gpio.c.obj
 .debug_loclists
                0x0000242c      0x3e5 CMakeFiles/CAN0.elf.dir/Drivers/STM32F4xx_HAL_Driver/Src/stm32f4xx_hal_rcc.c.obj
 .debug_loclists
                0x00002811     0x2c89 CMakeFiles/CAN0.elf.dir/Drivers/STM32F4xx_HAL_Driver/Src/stm32f4xx_hal_uart.c.obj

.debug_aranges  0x00000000      0x988
 .debug_aranges
                0x00000000       0x50 CMakeFiles/CAN0.elf.dir/Core/Src/bsp_can.c.obj
 .debug_aranges
                0x00000050       0x30 CMakeFiles/CAN0.elf.dir/Core/Src/can.c.obj
 .debug_aranges
                0x00000080       0x20 CMakeFiles/CAN0.elf.dir/Core/Src/gpio.c.obj
 .debug_aranges
                0x000000a0       0x38 CMakeFiles/CAN0.elf.dir/Core/Src/main.c.obj
 .debug_aranges
                0x000000d8       0x38 CMakeFiles/CAN0.elf.dir/Core/Src/pid.c.obj
 .debug_aranges
                0x00000110       0x20 CMakeFiles/CAN0.elf.dir/Core/Src/stm32f4xx_hal_msp.c.obj
 .debug_aranges
                0x00000130       0x78 CMakeFiles/CAN0.elf.dir/Core/Src/stm32f4xx_it.c.obj
 .debug_aranges
                0x000001a8       0xa8 CMakeFiles/CAN0.elf.dir/Core/Src/syscalls.c.obj
 .debug_aranges
                0x00000250       0x20 CMakeFiles/CAN0.elf.dir/Core/Src/sysmem.c.obj
 .debug_aranges
                0x00000270       0x28 CMakeFiles/CAN0.elf.dir/Core/Src/system_stm32f4xx.c.obj
 .debug_aranges
                0x00000298       0x30 CMakeFiles/CAN0.elf.dir/Core/Src/usart.c.obj
 .debug_aranges
                0x000002c8       0x28 CMakeFiles/CAN0.elf.dir/Core/Startup/startup_stm32f407zgtx.s.obj
 .debug_aranges
                0x000002f0       0xf0 CMakeFiles/CAN0.elf.dir/Drivers/STM32F4xx_HAL_Driver/Src/stm32f4xx_hal.c.obj
 .debug_aranges
                0x000003e0      0x138 CMakeFiles/CAN0.elf.dir/Drivers/STM32F4xx_HAL_Driver/Src/stm32f4xx_hal_can.c.obj
 .debug_aranges
                0x00000518       0xf8 CMakeFiles/CAN0.elf.dir/Drivers/STM32F4xx_HAL_Driver/Src/stm32f4xx_hal_cortex.c.obj
 .debug_aranges
                0x00000610       0x90 CMakeFiles/CAN0.elf.dir/Drivers/STM32F4xx_HAL_Driver/Src/stm32f4xx_hal_dma.c.obj
 .debug_aranges
                0x000006a0       0x58 CMakeFiles/CAN0.elf.dir/Drivers/STM32F4xx_HAL_Driver/Src/stm32f4xx_hal_gpio.c.obj
 .debug_aranges
                0x000006f8       0x88 CMakeFiles/CAN0.elf.dir/Drivers/STM32F4xx_HAL_Driver/Src/stm32f4xx_hal_rcc.c.obj
 .debug_aranges
                0x00000780      0x208 CMakeFiles/CAN0.elf.dir/Drivers/STM32F4xx_HAL_Driver/Src/stm32f4xx_hal_uart.c.obj

.debug_rnglists
                0x00000000      0x745
 .debug_rnglists
                0x00000000       0x39 CMakeFiles/CAN0.elf.dir/Core/Src/bsp_can.c.obj
 .debug_rnglists
                0x00000039       0x20 CMakeFiles/CAN0.elf.dir/Core/Src/can.c.obj
 .debug_rnglists
                0x00000059       0x14 CMakeFiles/CAN0.elf.dir/Core/Src/gpio.c.obj
 .debug_rnglists
                0x0000006d       0x50 CMakeFiles/CAN0.elf.dir/Core/Src/main.c.obj
 .debug_rnglists
                0x000000bd       0x26 CMakeFiles/CAN0.elf.dir/Core/Src/pid.c.obj
 .debug_rnglists
                0x000000e3       0x13 CMakeFiles/CAN0.elf.dir/Core/Src/stm32f4xx_hal_msp.c.obj
 .debug_rnglists
                0x000000f6       0x55 CMakeFiles/CAN0.elf.dir/Core/Src/stm32f4xx_it.c.obj
 .debug_rnglists
                0x0000014b       0x79 CMakeFiles/CAN0.elf.dir/Core/Src/syscalls.c.obj
 .debug_rnglists
                0x000001c4       0x13 CMakeFiles/CAN0.elf.dir/Core/Src/sysmem.c.obj
 .debug_rnglists
                0x000001d7       0x1a CMakeFiles/CAN0.elf.dir/Core/Src/system_stm32f4xx.c.obj
 .debug_rnglists
                0x000001f1       0x20 CMakeFiles/CAN0.elf.dir/Core/Src/usart.c.obj
 .debug_rnglists
                0x00000211       0x19 CMakeFiles/CAN0.elf.dir/Core/Startup/startup_stm32f407zgtx.s.obj
 .debug_rnglists
                0x0000022a       0xaf CMakeFiles/CAN0.elf.dir/Drivers/STM32F4xx_HAL_Driver/Src/stm32f4xx_hal.c.obj
 .debug_rnglists
                0x000002d9       0xf6 CMakeFiles/CAN0.elf.dir/Drivers/STM32F4xx_HAL_Driver/Src/stm32f4xx_hal_can.c.obj
 .debug_rnglists
                0x000003cf       0xb5 CMakeFiles/CAN0.elf.dir/Drivers/STM32F4xx_HAL_Driver/Src/stm32f4xx_hal_cortex.c.obj
 .debug_rnglists
                0x00000484       0x6c CMakeFiles/CAN0.elf.dir/Drivers/STM32F4xx_HAL_Driver/Src/stm32f4xx_hal_dma.c.obj
 .debug_rnglists
                0x000004f0       0x3f CMakeFiles/CAN0.elf.dir/Drivers/STM32F4xx_HAL_Driver/Src/stm32f4xx_hal_gpio.c.obj
 .debug_rnglists
                0x0000052f       0x75 CMakeFiles/CAN0.elf.dir/Drivers/STM32F4xx_HAL_Driver/Src/stm32f4xx_hal_rcc.c.obj
 .debug_rnglists
                0x000005a4      0x1a1 CMakeFiles/CAN0.elf.dir/Drivers/STM32F4xx_HAL_Driver/Src/stm32f4xx_hal_uart.c.obj

.debug_line     0x00000000     0xa0b6
 .debug_line    0x00000000      0x5cf CMakeFiles/CAN0.elf.dir/Core/Src/bsp_can.c.obj
 .debug_line    0x000005cf      0x3b2 CMakeFiles/CAN0.elf.dir/Core/Src/can.c.obj
 .debug_line    0x00000981      0x24d CMakeFiles/CAN0.elf.dir/Core/Src/gpio.c.obj
 .debug_line    0x00000bce      0x553 CMakeFiles/CAN0.elf.dir/Core/Src/main.c.obj
 .debug_line    0x00001121      0x39f CMakeFiles/CAN0.elf.dir/Core/Src/pid.c.obj
 .debug_line    0x000014c0      0x1d7 CMakeFiles/CAN0.elf.dir/Core/Src/stm32f4xx_hal_msp.c.obj
 .debug_line    0x00001697      0x3bd CMakeFiles/CAN0.elf.dir/Core/Src/stm32f4xx_it.c.obj
 .debug_line    0x00001a54      0x43d CMakeFiles/CAN0.elf.dir/Core/Src/syscalls.c.obj
 .debug_line    0x00001e91      0x24a CMakeFiles/CAN0.elf.dir/Core/Src/sysmem.c.obj
 .debug_line    0x000020db      0x29e CMakeFiles/CAN0.elf.dir/Core/Src/system_stm32f4xx.c.obj
 .debug_line    0x00002379      0x39c CMakeFiles/CAN0.elf.dir/Core/Src/usart.c.obj
 .debug_line    0x00002715       0x7a CMakeFiles/CAN0.elf.dir/Core/Startup/startup_stm32f407zgtx.s.obj
 .debug_line    0x0000278f      0x61d CMakeFiles/CAN0.elf.dir/Drivers/STM32F4xx_HAL_Driver/Src/stm32f4xx_hal.c.obj
 .debug_line    0x00002dac     0x1201 CMakeFiles/CAN0.elf.dir/Drivers/STM32F4xx_HAL_Driver/Src/stm32f4xx_hal_can.c.obj
 .debug_line    0x00003fad      0x8e0 CMakeFiles/CAN0.elf.dir/Drivers/STM32F4xx_HAL_Driver/Src/stm32f4xx_hal_cortex.c.obj
 .debug_line    0x0000488d      0xece CMakeFiles/CAN0.elf.dir/Drivers/STM32F4xx_HAL_Driver/Src/stm32f4xx_hal_dma.c.obj
 .debug_line    0x0000575b      0x790 CMakeFiles/CAN0.elf.dir/Drivers/STM32F4xx_HAL_Driver/Src/stm32f4xx_hal_gpio.c.obj
 .debug_line    0x00005eeb      0xc58 CMakeFiles/CAN0.elf.dir/Drivers/STM32F4xx_HAL_Driver/Src/stm32f4xx_hal_rcc.c.obj
 .debug_line    0x00006b43     0x3573 CMakeFiles/CAN0.elf.dir/Drivers/STM32F4xx_HAL_Driver/Src/stm32f4xx_hal_uart.c.obj

.debug_str      0x00000000     0x34ad
 .debug_str     0x00000000     0x34ad CMakeFiles/CAN0.elf.dir/Core/Src/bsp_can.c.obj
                                0xd11 (size before relaxing)
 .debug_str     0x000034ad      0xb87 CMakeFiles/CAN0.elf.dir/Core/Src/can.c.obj
 .debug_str     0x000034ad      0x3a4 CMakeFiles/CAN0.elf.dir/Core/Src/gpio.c.obj
 .debug_str     0x000034ad      0xe3a CMakeFiles/CAN0.elf.dir/Core/Src/main.c.obj
 .debug_str     0x000034ad      0x400 CMakeFiles/CAN0.elf.dir/Core/Src/pid.c.obj
 .debug_str     0x000034ad      0x2e5 CMakeFiles/CAN0.elf.dir/Core/Src/stm32f4xx_hal_msp.c.obj
 .debug_str     0x000034ad      0x9ac CMakeFiles/CAN0.elf.dir/Core/Src/stm32f4xx_it.c.obj
 .debug_str     0x000034ad      0x411 CMakeFiles/CAN0.elf.dir/Core/Src/syscalls.c.obj
 .debug_str     0x000034ad      0x23d CMakeFiles/CAN0.elf.dir/Core/Src/sysmem.c.obj
 .debug_str     0x000034ad      0x339 CMakeFiles/CAN0.elf.dir/Core/Src/system_stm32f4xx.c.obj
 .debug_str     0x000034ad      0xd94 CMakeFiles/CAN0.elf.dir/Core/Src/usart.c.obj
 .debug_str     0x000034ad       0x89 CMakeFiles/CAN0.elf.dir/Core/Startup/startup_stm32f407zgtx.s.obj
 .debug_str     0x000034ad      0xb7c CMakeFiles/CAN0.elf.dir/Drivers/STM32F4xx_HAL_Driver/Src/stm32f4xx_hal.c.obj
 .debug_str     0x000034ad      0xa4d CMakeFiles/CAN0.elf.dir/Drivers/STM32F4xx_HAL_Driver/Src/stm32f4xx_hal_can.c.obj
 .debug_str     0x000034ad      0xc8d CMakeFiles/CAN0.elf.dir/Drivers/STM32F4xx_HAL_Driver/Src/stm32f4xx_hal_cortex.c.obj
 .debug_str     0x000034ad      0x78e CMakeFiles/CAN0.elf.dir/Drivers/STM32F4xx_HAL_Driver/Src/stm32f4xx_hal_dma.c.obj
 .debug_str     0x000034ad      0x4f8 CMakeFiles/CAN0.elf.dir/Drivers/STM32F4xx_HAL_Driver/Src/stm32f4xx_hal_gpio.c.obj
 .debug_str     0x000034ad      0x71e CMakeFiles/CAN0.elf.dir/Drivers/STM32F4xx_HAL_Driver/Src/stm32f4xx_hal_rcc.c.obj
 .debug_str     0x000034ad      0xdb3 CMakeFiles/CAN0.elf.dir/Drivers/STM32F4xx_HAL_Driver/Src/stm32f4xx_hal_uart.c.obj

.comment        0x00000000       0x45
 .comment       0x00000000       0x45 CMakeFiles/CAN0.elf.dir/Core/Src/bsp_can.c.obj
                                 0x46 (size before relaxing)
 .comment       0x00000045       0x46 CMakeFiles/CAN0.elf.dir/Core/Src/can.c.obj
 .comment       0x00000045       0x46 CMakeFiles/CAN0.elf.dir/Core/Src/gpio.c.obj
 .comment       0x00000045       0x46 CMakeFiles/CAN0.elf.dir/Core/Src/main.c.obj
 .comment       0x00000045       0x46 CMakeFiles/CAN0.elf.dir/Core/Src/pid.c.obj
 .comment       0x00000045       0x46 CMakeFiles/CAN0.elf.dir/Core/Src/stm32f4xx_hal_msp.c.obj
 .comment       0x00000045       0x46 CMakeFiles/CAN0.elf.dir/Core/Src/stm32f4xx_it.c.obj
 .comment       0x00000045       0x46 CMakeFiles/CAN0.elf.dir/Core/Src/syscalls.c.obj
 .comment       0x00000045       0x46 CMakeFiles/CAN0.elf.dir/Core/Src/sysmem.c.obj
 .comment       0x00000045       0x46 CMakeFiles/CAN0.elf.dir/Core/Src/system_stm32f4xx.c.obj
 .comment       0x00000045       0x46 CMakeFiles/CAN0.elf.dir/Core/Src/usart.c.obj
 .comment       0x00000045       0x46 CMakeFiles/CAN0.elf.dir/Drivers/STM32F4xx_HAL_Driver/Src/stm32f4xx_hal.c.obj
 .comment       0x00000045       0x46 CMakeFiles/CAN0.elf.dir/Drivers/STM32F4xx_HAL_Driver/Src/stm32f4xx_hal_can.c.obj
 .comment       0x00000045       0x46 CMakeFiles/CAN0.elf.dir/Drivers/STM32F4xx_HAL_Driver/Src/stm32f4xx_hal_cortex.c.obj
 .comment       0x00000045       0x46 CMakeFiles/CAN0.elf.dir/Drivers/STM32F4xx_HAL_Driver/Src/stm32f4xx_hal_dma.c.obj
 .comment       0x00000045       0x46 CMakeFiles/CAN0.elf.dir/Drivers/STM32F4xx_HAL_Driver/Src/stm32f4xx_hal_gpio.c.obj
 .comment       0x00000045       0x46 CMakeFiles/CAN0.elf.dir/Drivers/STM32F4xx_HAL_Driver/Src/stm32f4xx_hal_rcc.c.obj
 .comment       0x00000045       0x46 CMakeFiles/CAN0.elf.dir/Drivers/STM32F4xx_HAL_Driver/Src/stm32f4xx_hal_uart.c.obj

.debug_frame    0x00000000     0x211c
 .debug_frame   0x00000000       0xfc CMakeFiles/CAN0.elf.dir/Core/Src/bsp_can.c.obj
 .debug_frame   0x000000fc       0x60 CMakeFiles/CAN0.elf.dir/Core/Src/can.c.obj
 .debug_frame   0x0000015c       0x30 CMakeFiles/CAN0.elf.dir/Core/Src/gpio.c.obj
 .debug_frame   0x0000018c       0x7c CMakeFiles/CAN0.elf.dir/Core/Src/main.c.obj
 .debug_frame   0x00000208       0x70 CMakeFiles/CAN0.elf.dir/Core/Src/pid.c.obj
 .debug_frame   0x00000278       0x28 CMakeFiles/CAN0.elf.dir/Core/Src/stm32f4xx_hal_msp.c.obj
 .debug_frame   0x000002a0       0xf0 CMakeFiles/CAN0.elf.dir/Core/Src/stm32f4xx_it.c.obj
 .debug_frame   0x00000390      0x190 CMakeFiles/CAN0.elf.dir/Core/Src/syscalls.c.obj
 .debug_frame   0x00000520       0x28 CMakeFiles/CAN0.elf.dir/Core/Src/sysmem.c.obj
 .debug_frame   0x00000548       0x30 CMakeFiles/CAN0.elf.dir/Core/Src/system_stm32f4xx.c.obj
 .debug_frame   0x00000578       0x60 CMakeFiles/CAN0.elf.dir/Core/Src/usart.c.obj
 .debug_frame   0x000005d8      0x1ec CMakeFiles/CAN0.elf.dir/Drivers/STM32F4xx_HAL_Driver/Src/stm32f4xx_hal.c.obj
 .debug_frame   0x000007c4      0x2d4 CMakeFiles/CAN0.elf.dir/Drivers/STM32F4xx_HAL_Driver/Src/stm32f4xx_hal_can.c.obj
 .debug_frame   0x00000a98      0x214 CMakeFiles/CAN0.elf.dir/Drivers/STM32F4xx_HAL_Driver/Src/stm32f4xx_hal_cortex.c.obj
 .debug_frame   0x00000cac      0x188 CMakeFiles/CAN0.elf.dir/Drivers/STM32F4xx_HAL_Driver/Src/stm32f4xx_hal_dma.c.obj
 .debug_frame   0x00000e34       0xd4 CMakeFiles/CAN0.elf.dir/Drivers/STM32F4xx_HAL_Driver/Src/stm32f4xx_hal_gpio.c.obj
 .debug_frame   0x00000f08      0x16c CMakeFiles/CAN0.elf.dir/Drivers/STM32F4xx_HAL_Driver/Src/stm32f4xx_hal_rcc.c.obj
 .debug_frame   0x00001074      0x5dc CMakeFiles/CAN0.elf.dir/Drivers/STM32F4xx_HAL_Driver/Src/stm32f4xx_hal_uart.c.obj
 .debug_frame   0x00001650       0x24 C:/environ/arm-gnu-toolchain/arm-gnu-toolchain-13.3.rel1-mingw-w64-i686-arm-none-eabi/bin/../lib/gcc/arm-none-eabi/13.3.1/thumb/v7e-m/nofp\libgcc.a(_arm_mulsf3.o)
 .debug_frame   0x00001674       0x4c C:/environ/arm-gnu-toolchain/arm-gnu-toolchain-13.3.rel1-mingw-w64-i686-arm-none-eabi/bin/../lib/gcc/arm-none-eabi/13.3.1/thumb/v7e-m/nofp\libgcc.a(_arm_addsubsf3.o)
 .debug_frame   0x000016c0       0xc8 C:/environ/arm-gnu-toolchain/arm-gnu-toolchain-13.3.rel1-mingw-w64-i686-arm-none-eabi/bin/../lib/gcc/arm-none-eabi/13.3.1/thumb/v7e-m/nofp\libgcc.a(_arm_cmpsf2.o)
 .debug_frame   0x00001788       0x24 C:/environ/arm-gnu-toolchain/arm-gnu-toolchain-13.3.rel1-mingw-w64-i686-arm-none-eabi/bin/../lib/gcc/arm-none-eabi/13.3.1/thumb/v7e-m/nofp\libgcc.a(_arm_fixsfsi.o)
 .debug_frame   0x000017ac       0x2c C:/environ/arm-gnu-toolchain/arm-gnu-toolchain-13.3.rel1-mingw-w64-i686-arm-none-eabi/bin/../lib/gcc/arm-none-eabi/13.3.1/thumb/v7e-m/nofp\libgcc.a(_aeabi_uldivmod.o)
 .debug_frame   0x000017d8       0x34 C:/environ/arm-gnu-toolchain/arm-gnu-toolchain-13.3.rel1-mingw-w64-i686-arm-none-eabi/bin/../lib/gcc/arm-none-eabi/13.3.1/thumb/v7e-m/nofp\libgcc.a(_udivmoddi4.o)
 .debug_frame   0x0000180c      0x13c C:/environ/arm-gnu-toolchain/arm-gnu-toolchain-13.3.rel1-mingw-w64-i686-arm-none-eabi/bin/../lib/gcc/arm-none-eabi/13.3.1/thumb/v7e-m/nofp\libg.a(libc_a-findfp.o)
 .debug_frame   0x00001948       0x34 C:/environ/arm-gnu-toolchain/arm-gnu-toolchain-13.3.rel1-mingw-w64-i686-arm-none-eabi/bin/../lib/gcc/arm-none-eabi/13.3.1/thumb/v7e-m/nofp\libg.a(libc_a-fwalk.o)
 .debug_frame   0x0000197c       0x4c C:/environ/arm-gnu-toolchain/arm-gnu-toolchain-13.3.rel1-mingw-w64-i686-arm-none-eabi/bin/../lib/gcc/arm-none-eabi/13.3.1/thumb/v7e-m/nofp\libg.a(libc_a-puts.o)
 .debug_frame   0x000019c8       0x8c C:/environ/arm-gnu-toolchain/arm-gnu-toolchain-13.3.rel1-mingw-w64-i686-arm-none-eabi/bin/../lib/gcc/arm-none-eabi/13.3.1/thumb/v7e-m/nofp\libg.a(libc_a-stdio.o)
 .debug_frame   0x00001a54       0x2c C:/environ/arm-gnu-toolchain/arm-gnu-toolchain-13.3.rel1-mingw-w64-i686-arm-none-eabi/bin/../lib/gcc/arm-none-eabi/13.3.1/thumb/v7e-m/nofp\libg.a(libc_a-memset.o)
 .debug_frame   0x00001a80       0x2c C:/environ/arm-gnu-toolchain/arm-gnu-toolchain-13.3.rel1-mingw-w64-i686-arm-none-eabi/bin/../lib/gcc/arm-none-eabi/13.3.1/thumb/v7e-m/nofp\libg.a(libc_a-closer.o)
 .debug_frame   0x00001aac       0x3c C:/environ/arm-gnu-toolchain/arm-gnu-toolchain-13.3.rel1-mingw-w64-i686-arm-none-eabi/bin/../lib/gcc/arm-none-eabi/13.3.1/thumb/v7e-m/nofp\libg.a(libc_a-reent.o)
 .debug_frame   0x00001ae8       0x2c C:/environ/arm-gnu-toolchain/arm-gnu-toolchain-13.3.rel1-mingw-w64-i686-arm-none-eabi/bin/../lib/gcc/arm-none-eabi/13.3.1/thumb/v7e-m/nofp\libg.a(libc_a-lseekr.o)